/usr/local/lib/python3.12/dist-packages/datasets/load.py:1231: FutureWarning: The repository for PolyAI/banking77 contains custom code which must be executed to correctly load the dataset. You can inspect the repository content at https://hf.co/datasets/PolyAI/banking77
You can avoid this message in future by passing the argument `trust_remote_code=True`.
Passing `trust_remote_code=True` will be mandatory to load this dataset from the next major release of `datasets`.
  warnings.warn(
HTTP Error 429 thrown while requesting GET https://huggingface.co/api/models/distilbert-base-uncased/tree/main
Rate limited. Waiting 189.0s before retry [Retry 1/5].
Loading weights:   0%|          | 0/100 [00:00<?, ?it/s]Loading weights: 100%|██████████| 100/100 [00:00<00:00, 5253.32it/s]
Traceback (most recent call last):
  File "<frozen runpy>", line 198, in _run_module_as_main
  File "<frozen runpy>", line 88, in _run_code
  File "/workspace/mitosis-interference/experiments/tfcl_run.py", line 135, in <module>
    main()
  File "/workspace/mitosis-interference/experiments/tfcl_run.py", line 108, in main
    L.observe(b["x"], b["y"])
  File "/workspace/mitosis-interference/src/tfcl/learner.py", line 146, in observe
    self.step(p, xs, ys)
  File "/workspace/mitosis-interference/src/tfcl/learner.py", line 133, in step
    loss = self.loss(p, list(xs) + rx, list(ys) + ry, seen=seen)
           ^^^^^^^^^^^^^^^^^^^^^^^^^^^^^^^^^^^^^^^^^^^^^^^^^^^^^
  File "/workspace/mitosis-interference/src/tfcl/learner.py", line 113, in loss
    f = self.enc.features(xs, p.lora, grad=True)
        ^^^^^^^^^^^^^^^^^^^^^^^^^^^^^^^^^^^^^^^^
  File "/workspace/mitosis-interference/src/tfcl/model.py", line 96, in features
    h = self.backbone(**enc).last_hidden_state
        ^^^^^^^^^^^^^^^^^^^^
  File "/usr/local/lib/python3.12/dist-packages/torch/nn/modules/module.py", line 1773, in _wrapped_call_impl
    return self._call_impl(*args, **kwargs)
           ^^^^^^^^^^^^^^^^^^^^^^^^^^^^^^^^
  File "/usr/local/lib/python3.12/dist-packages/torch/nn/modules/module.py", line 1784, in _call_impl
    return forward_call(*args, **kwargs)
           ^^^^^^^^^^^^^^^^^^^^^^^^^^^^^
  File "/usr/local/lib/python3.12/dist-packages/transformers/utils/generic.py", line 1068, in wrapper
    output = func(self, *args, **kwargs)
             ^^^^^^^^^^^^^^^^^^^^^^^^^^^
  File "/usr/local/lib/python3.12/dist-packages/transformers/utils/output_capturing.py", line 287, in wrapper
    outputs = func(self, *args, **kwargs)
              ^^^^^^^^^^^^^^^^^^^^^^^^^^^
  File "/usr/local/lib/python3.12/dist-packages/transformers/models/distilbert/modeling_distilbert.py", line 417, in forward
    return self.transformer(
           ^^^^^^^^^^^^^^^^^
  File "/usr/local/lib/python3.12/dist-packages/torch/nn/modules/module.py", line 1773, in _wrapped_call_impl
    return self._call_impl(*args, **kwargs)
           ^^^^^^^^^^^^^^^^^^^^^^^^^^^^^^^^
  File "/usr/local/lib/python3.12/dist-packages/torch/nn/modules/module.py", line 1784, in _call_impl
    return forward_call(*args, **kwargs)
           ^^^^^^^^^^^^^^^^^^^^^^^^^^^^^
  File "/usr/local/lib/python3.12/dist-packages/transformers/models/distilbert/modeling_distilbert.py", line 276, in forward
    hidden_states = layer_module(
                    ^^^^^^^^^^^^^
  File "/usr/local/lib/python3.12/dist-packages/transformers/modeling_layers.py", line 110, in __call__
    return super().__call__(*args, **kwargs)
           ^^^^^^^^^^^^^^^^^^^^^^^^^^^^^^^^^
  File "/usr/local/lib/python3.12/dist-packages/torch/nn/modules/module.py", line 1773, in _wrapped_call_impl
    return self._call_impl(*args, **kwargs)
           ^^^^^^^^^^^^^^^^^^^^^^^^^^^^^^^^
  File "/usr/local/lib/python3.12/dist-packages/torch/nn/modules/module.py", line 1784, in _call_impl
    return forward_call(*args, **kwargs)
           ^^^^^^^^^^^^^^^^^^^^^^^^^^^^^
  File "/usr/local/lib/python3.12/dist-packages/transformers/models/distilbert/modeling_distilbert.py", line 253, in forward
    attention_output = self.sa_layer_norm(attention_output + hidden_states)
                       ^^^^^^^^^^^^^^^^^^^^^^^^^^^^^^^^^^^^^^^^^^^^^^^^^^^^
  File "/usr/local/lib/python3.12/dist-packages/torch/nn/modules/module.py", line 1773, in _wrapped_call_impl
    return self._call_impl(*args, **kwargs)
           ^^^^^^^^^^^^^^^^^^^^^^^^^^^^^^^^
  File "/usr/local/lib/python3.12/dist-packages/torch/nn/modules/module.py", line 1784, in _call_impl
    return forward_call(*args, **kwargs)
           ^^^^^^^^^^^^^^^^^^^^^^^^^^^^^
  File "/usr/local/lib/python3.12/dist-packages/torch/nn/modules/normalization.py", line 217, in forward
    return F.layer_norm(
           ^^^^^^^^^^^^^
  File "/usr/local/lib/python3.12/dist-packages/torch/nn/functional.py", line 2905, in layer_norm
    return torch.layer_norm(
           ^^^^^^^^^^^^^^^^^
torch.OutOfMemoryError: CUDA out of memory. Tried to allocate 20.00 MiB. GPU 0 has a total capacity of 23.53 GiB of which 8.62 MiB is free. Process 257646 has 1.89 GiB memory in use. Process 268399 has 4.34 GiB memory in use. Process 273254 has 1.96 GiB memory in use. Process 273318 has 1.96 GiB memory in use. Process 274689 has 4.34 GiB memory in use. Process 279117 has 2.15 GiB memory in use. Process 281294 has 2.22 GiB memory in use. Process 282067 has 794.00 MiB memory in use. Including non-PyTorch memory, this process has 794.00 MiB memory in use. Process 282713 has 722.00 MiB memory in use. Process 281368 has 742.00 MiB memory in use. Process 281496 has 356.00 MiB memory in use. Process 282892 has 718.00 MiB memory in use. Process 281988 has 566.00 MiB memory in use. Of the allocated memory 317.26 MiB is allocated by PyTorch, and 20.74 MiB is reserved by PyTorch but unallocated. If reserved but unallocated memory is large try setting PYTORCH_CUDA_ALLOC_CONF=expandable_segments:True to avoid fragmentation.  See documentation for Memory Management  (https://pytorch.org/docs/stable/notes/cuda.html#environment-variables)
