Warning: You are sending unauthenticated requests to the HF Hub. Please set a HF_TOKEN to enable higher rate limits and faster downloads.
/usr/local/lib/python3.12/dist-packages/datasets/load.py:1231: FutureWarning: The repository for PolyAI/banking77 contains custom code which must be executed to correctly load the dataset. You can inspect the repository content at https://hf.co/datasets/PolyAI/banking77
You can avoid this message in future by passing the argument `trust_remote_code=True`.
Passing `trust_remote_code=True` will be mandatory to load this dataset from the next major release of `datasets`.
  warnings.warn(
Loading weights:   0%|          | 0/100 [00:00<?, ?it/s]Loading weights: 100%|██████████| 100/100 [00:00<00:00, 5498.78it/s]
Traceback (most recent call last):
  File "<frozen runpy>", line 198, in _run_module_as_main
  File "<frozen runpy>", line 88, in _run_code
  File "/workspace/mitosis-interference/experiments/tfcl_run.py", line 135, in <module>
    main()
  File "/workspace/mitosis-interference/experiments/tfcl_run.py", line 94, in main
    rec = trig.decide(b["x"], b["y"])
          ^^^^^^^^^^^^^^^^^^^^^^^^^^^
  File "/workspace/mitosis-interference/src/tfcl/triggers.py", line 272, in decide
    rec = self.stats.compute(xs, ys, self.which)
          ^^^^^^^^^^^^^^^^^^^^^^^^^^^^^^^^^^^^^^
  File "/workspace/mitosis-interference/src/tfcl/triggers.py", line 188, in compute
    a_logit, a_proto = self.virtual(
                       ^^^^^^^^^^^^^
  File "/workspace/mitosis-interference/src/tfcl/triggers.py", line 106, in virtual
    self.L.step(p, xs, ys, rng=self.L.probe_rng, seen=seen)
  File "/workspace/mitosis-interference/src/tfcl/learner.py", line 134, in step
    loss.backward()
  File "/usr/local/lib/python3.12/dist-packages/torch/_tensor.py", line 647, in backward
    torch.autograd.backward(
  File "/usr/local/lib/python3.12/dist-packages/torch/autograd/__init__.py", line 354, in backward
    _engine_run_backward(
  File "/usr/local/lib/python3.12/dist-packages/torch/autograd/graph.py", line 829, in _engine_run_backward
    return Variable._execution_engine.run_backward(  # Calls into the C++ engine to run the backward pass
           ^^^^^^^^^^^^^^^^^^^^^^^^^^^^^^^^^^^^^^^^^^^^^^^^^^^^^^^^^^^^^^^^^^^^^^^^^^^^^^^^^^^^^^^^^^^^^^
torch.OutOfMemoryError: CUDA out of memory. Tried to allocate 22.00 MiB. GPU 0 has a total capacity of 23.53 GiB of which 4.62 MiB is free. Process 252747 has 4.34 GiB memory in use. Process 257441 has 4.34 GiB memory in use. Process 257646 has 1.83 GiB memory in use. Process 258214 has 1.96 GiB memory in use. Process 257719 has 1.12 GiB memory in use. Process 257188 has 1.12 GiB memory in use. Process 261639 has 1.33 GiB memory in use. Process 261703 has 1.33 GiB memory in use. Process 261767 has 1.33 GiB memory in use. Process 261895 has 848.00 MiB memory in use. Including non-PyTorch memory, this process has 1.17 GiB memory in use. Process 261962 has 840.00 MiB memory in use. Process 262089 has 1.10 GiB memory in use. Process 261961 has 846.00 MiB memory in use. Of the allocated memory 665.26 MiB is allocated by PyTorch, and 62.74 MiB is reserved by PyTorch but unallocated. If reserved but unallocated memory is large try setting PYTORCH_CUDA_ALLOC_CONF=expandable_segments:True to avoid fragmentation.  See documentation for Memory Management  (https://pytorch.org/docs/stable/notes/cuda.html#environment-variables)
