Warning: You are sending unauthenticated requests to the HF Hub. Please set a HF_TOKEN to enable higher rate limits and faster downloads.
/usr/local/lib/python3.12/dist-packages/datasets/load.py:1231: FutureWarning: The repository for PolyAI/banking77 contains custom code which must be executed to correctly load the dataset. You can inspect the repository content at https://hf.co/datasets/PolyAI/banking77
You can avoid this message in future by passing the argument `trust_remote_code=True`.
Passing `trust_remote_code=True` will be mandatory to load this dataset from the next major release of `datasets`.
  warnings.warn(
Loading weights:   0%|          | 0/100 [00:00<?, ?it/s]Loading weights: 100%|██████████| 100/100 [00:00<00:00, 5271.28it/s]
Traceback (most recent call last):
  File "<frozen runpy>", line 198, in _run_module_as_main
  File "<frozen runpy>", line 88, in _run_code
  File "/workspace/mitosis-interference/experiments/tfcl_run.py", line 135, in <module>
    main()
  File "/workspace/mitosis-interference/experiments/tfcl_run.py", line 68, in main
    enc = Encoder(a.model, max_length=a.max_length)
          ^^^^^^^^^^^^^^^^^^^^^^^^^^^^^^^^^^^^^^^^^
  File "/workspace/mitosis-interference/src/tfcl/model.py", line 45, in __init__
    self.backbone = AutoModel.from_pretrained(name).to(device).eval()
                    ^^^^^^^^^^^^^^^^^^^^^^^^^^^^^^^^^^^^^^^^^^
  File "/usr/local/lib/python3.12/dist-packages/transformers/modeling_utils.py", line 3713, in to
    return super().to(*args, **kwargs)
           ^^^^^^^^^^^^^^^^^^^^^^^^^^^
  File "/usr/local/lib/python3.12/dist-packages/torch/nn/modules/module.py", line 1369, in to
    return self._apply(convert)
           ^^^^^^^^^^^^^^^^^^^^
  File "/usr/local/lib/python3.12/dist-packages/torch/nn/modules/module.py", line 928, in _apply
    module._apply(fn)
  File "/usr/local/lib/python3.12/dist-packages/torch/nn/modules/module.py", line 928, in _apply
    module._apply(fn)
  File "/usr/local/lib/python3.12/dist-packages/torch/nn/modules/module.py", line 928, in _apply
    module._apply(fn)
  [Previous line repeated 2 more times]
  File "/usr/local/lib/python3.12/dist-packages/torch/nn/modules/module.py", line 955, in _apply
    param_applied = fn(param)
                    ^^^^^^^^^
  File "/usr/local/lib/python3.12/dist-packages/torch/nn/modules/module.py", line 1355, in convert
    return t.to(
           ^^^^^
torch.OutOfMemoryError: CUDA out of memory. Tried to allocate 20.00 MiB. GPU 0 has a total capacity of 23.53 GiB of which 4.50 MiB is free. Process 257646 has 1.88 GiB memory in use. Process 268399 has 4.34 GiB memory in use. Process 273319 has 1.78 GiB memory in use. Process 273254 has 1.95 GiB memory in use. Process 273318 has 1.95 GiB memory in use. Process 274689 has 4.34 GiB memory in use. Process 276572 has 1.32 GiB memory in use. Process 275991 has 950.00 MiB memory in use. Process 275735 has 950.00 MiB memory in use. Process 275654 has 930.00 MiB memory in use. Process 276984 has 748.00 MiB memory in use. Process 276920 has 720.00 MiB memory in use. Including non-PyTorch memory, this process has 616.00 MiB memory in use. Process 276856 has 576.00 MiB memory in use. Process 277112 has 536.00 MiB memory in use. Process 277222 has 12.00 MiB memory in use. Of the allocated memory 218.19 MiB is allocated by PyTorch, and 13.81 MiB is reserved by PyTorch but unallocated. If reserved but unallocated memory is large try setting PYTORCH_CUDA_ALLOC_CONF=expandable_segments:True to avoid fragmentation.  See documentation for Memory Management  (https://pytorch.org/docs/stable/notes/cuda.html#environment-variables)
