/usr/local/lib/python3.12/dist-packages/datasets/load.py:1231: FutureWarning: The repository for PolyAI/banking77 contains custom code which must be executed to correctly load the dataset. You can inspect the repository content at https://hf.co/datasets/PolyAI/banking77
You can avoid this message in future by passing the argument `trust_remote_code=True`.
Passing `trust_remote_code=True` will be mandatory to load this dataset from the next major release of `datasets`.
  warnings.warn(
Loading weights:   0%|          | 0/100 [00:00<?, ?it/s]Loading weights: 100%|██████████| 100/100 [00:00<00:00, 6919.47it/s]
Traceback (most recent call last):
  File "<frozen runpy>", line 198, in _run_module_as_main
  File "<frozen runpy>", line 88, in _run_code
  File "/workspace/mitosis-interference/experiments/tfcl_run.py", line 135, in <module>
    main()
  File "/workspace/mitosis-interference/experiments/tfcl_run.py", line 94, in main
    rec = trig.decide(b["x"], b["y"])
          ^^^^^^^^^^^^^^^^^^^^^^^^^^^
  File "/workspace/mitosis-interference/src/tfcl/triggers.py", line 272, in decide
    rec = self.stats.compute(xs, ys, self.which)
          ^^^^^^^^^^^^^^^^^^^^^^^^^^^^^^^^^^^^^^
  File "/workspace/mitosis-interference/src/tfcl/triggers.py", line 188, in compute
    a_logit, a_proto = self.virtual(
                       ^^^^^^^^^^^^^
  File "/workspace/mitosis-interference/src/tfcl/triggers.py", line 106, in virtual
    self.L.step(p, xs, ys, rng=self.L.probe_rng, seen=seen)
  File "/workspace/mitosis-interference/src/tfcl/learner.py", line 134, in step
    loss.backward()
  File "/usr/local/lib/python3.12/dist-packages/torch/_tensor.py", line 647, in backward
    torch.autograd.backward(
  File "/usr/local/lib/python3.12/dist-packages/torch/autograd/__init__.py", line 354, in backward
    _engine_run_backward(
  File "/usr/local/lib/python3.12/dist-packages/torch/autograd/graph.py", line 829, in _engine_run_backward
    return Variable._execution_engine.run_backward(  # Calls into the C++ engine to run the backward pass
           ^^^^^^^^^^^^^^^^^^^^^^^^^^^^^^^^^^^^^^^^^^^^^^^^^^^^^^^^^^^^^^^^^^^^^^^^^^^^^^^^^^^^^^^^^^^^^^
torch.OutOfMemoryError: CUDA out of memory. Tried to allocate 18.00 MiB. GPU 0 has a total capacity of 23.53 GiB of which 19.31 MiB is free. Process 274689 has 4.34 GiB memory in use. Process 288986 has 1.60 GiB memory in use. Process 289530 has 1.82 GiB memory in use. Process 290476 has 1.95 GiB memory in use. Process 290475 has 1.97 GiB memory in use. Process 291059 has 1.45 GiB memory in use. Process 290802 has 1.49 GiB memory in use. Process 290992 has 1.49 GiB memory in use. Process 292375 has 1.45 GiB memory in use. Process 292441 has 1.22 GiB memory in use. Process 292785 has 1.19 GiB memory in use. Process 294043 has 1.18 GiB memory in use. Including non-PyTorch memory, this process has 1.08 GiB memory in use. Process 294437 has 656.00 MiB memory in use. Process 294361 has 566.00 MiB memory in use. Of the allocated memory 560.51 MiB is allocated by PyTorch, and 81.49 MiB is reserved by PyTorch but unallocated. If reserved but unallocated memory is large try setting PYTORCH_CUDA_ALLOC_CONF=expandable_segments:True to avoid fragmentation.  See documentation for Memory Management  (https://pytorch.org/docs/stable/notes/cuda.html#environment-variables)
