Warning: You are sending unauthenticated requests to the HF Hub. Please set a HF_TOKEN to enable higher rate limits and faster downloads.
/usr/local/lib/python3.12/dist-packages/datasets/load.py:1231: FutureWarning: The repository for PolyAI/banking77 contains custom code which must be executed to correctly load the dataset. You can inspect the repository content at https://hf.co/datasets/PolyAI/banking77
You can avoid this message in future by passing the argument `trust_remote_code=True`.
Passing `trust_remote_code=True` will be mandatory to load this dataset from the next major release of `datasets`.
  warnings.warn(
Using the latest cached version of the module from /workspace/.cache/huggingface/modules/datasets_modules/datasets/PolyAI--banking77/17ffc2ed47c2ed928bee64127ff1dbc97204cb974c2f980becae7c864007aed9 (last modified on Sat Oct 10 00:41:29 2026) since it couldn't be found locally at PolyAI/banking77, or remotely on the Hugging Face Hub.
HTTP Error 429 thrown while requesting GET https://huggingface.co/api/models/distilbert-base-uncased/tree/main/additional_chat_templates
Rate limited. Waiting 32.0s before retry [Retry 1/5].
Loading weights:   0%|          | 0/100 [00:00<?, ?it/s]Loading weights: 100%|██████████| 100/100 [00:00<00:00, 2090.01it/s]
Traceback (most recent call last):
  File "<frozen runpy>", line 198, in _run_module_as_main
  File "<frozen runpy>", line 88, in _run_code
  File "/workspace/mitosis-interference/experiments/tfcl_run.py", line 135, in <module>
    main()
  File "/workspace/mitosis-interference/experiments/tfcl_run.py", line 108, in main
    L.observe(b["x"], b["y"])
  File "/workspace/mitosis-interference/src/tfcl/learner.py", line 146, in observe
    self.step(p, xs, ys)
  File "/workspace/mitosis-interference/src/tfcl/learner.py", line 134, in step
    loss.backward()
  File "/usr/local/lib/python3.12/dist-packages/torch/_tensor.py", line 647, in backward
    torch.autograd.backward(
  File "/usr/local/lib/python3.12/dist-packages/torch/autograd/__init__.py", line 354, in backward
    _engine_run_backward(
  File "/usr/local/lib/python3.12/dist-packages/torch/autograd/graph.py", line 829, in _engine_run_backward
    return Variable._execution_engine.run_backward(  # Calls into the C++ engine to run the backward pass
           ^^^^^^^^^^^^^^^^^^^^^^^^^^^^^^^^^^^^^^^^^^^^^^^^^^^^^^^^^^^^^^^^^^^^^^^^^^^^^^^^^^^^^^^^^^^^^^
torch.OutOfMemoryError: CUDA out of memory. Tried to allocate 12.00 MiB. GPU 0 has a total capacity of 23.53 GiB of which 3.31 MiB is free. Process 252747 has 4.34 GiB memory in use. Process 257441 has 4.34 GiB memory in use. Process 257646 has 1.83 GiB memory in use. Process 258214 has 1.96 GiB memory in use. Process 258676 has 1.94 GiB memory in use. Process 258853 has 864.00 MiB memory in use. Process 258850 has 964.00 MiB memory in use. Process 258845 has 962.00 MiB memory in use. Process 257719 has 950.00 MiB memory in use. Process 258846 has 900.00 MiB memory in use. Including non-PyTorch memory, this process has 974.00 MiB memory in use. Process 258855 has 962.00 MiB memory in use. Process 258856 has 862.00 MiB memory in use. Process 258849 has 860.00 MiB memory in use. Process 257371 has 950.00 MiB memory in use. Of the allocated memory 475.26 MiB is allocated by PyTorch, and 32.74 MiB is reserved by PyTorch but unallocated. If reserved but unallocated memory is large try setting PYTORCH_CUDA_ALLOC_CONF=expandable_segments:True to avoid fragmentation.  See documentation for Memory Management  (https://pytorch.org/docs/stable/notes/cuda.html#environment-variables)
