Warning: You are sending unauthenticated requests to the HF Hub. Please set a HF_TOKEN to enable higher rate limits and faster downloads.
Loading weights:   0%|          | 0/100 [00:00<?, ?it/s]Loading weights: 100%|██████████| 100/100 [00:00<00:00, 4750.38it/s]
Traceback (most recent call last):
  File "<frozen runpy>", line 198, in _run_module_as_main
  File "<frozen runpy>", line 88, in _run_code
  File "/workspace/mitosis-interference/experiments/tfcl_run.py", line 135, in <module>
    main()
  File "/workspace/mitosis-interference/experiments/tfcl_run.py", line 108, in main
    L.observe(b["x"], b["y"])
  File "/workspace/mitosis-interference/src/tfcl/learner.py", line 146, in observe
    self.step(p, xs, ys)
  File "/workspace/mitosis-interference/src/tfcl/learner.py", line 133, in step
    loss = self.loss(p, list(xs) + rx, list(ys) + ry, seen=seen)
           ^^^^^^^^^^^^^^^^^^^^^^^^^^^^^^^^^^^^^^^^^^^^^^^^^^^^^
  File "/workspace/mitosis-interference/src/tfcl/learner.py", line 113, in loss
    f = self.enc.features(xs, p.lora, grad=True)
        ^^^^^^^^^^^^^^^^^^^^^^^^^^^^^^^^^^^^^^^^
  File "/workspace/mitosis-interference/src/tfcl/model.py", line 96, in features
    h = self.backbone(**enc).last_hidden_state
        ^^^^^^^^^^^^^^^^^^^^
  File "/usr/local/lib/python3.12/dist-packages/torch/nn/modules/module.py", line 1773, in _wrapped_call_impl
    return self._call_impl(*args, **kwargs)
           ^^^^^^^^^^^^^^^^^^^^^^^^^^^^^^^^
  File "/usr/local/lib/python3.12/dist-packages/torch/nn/modules/module.py", line 1784, in _call_impl
    return forward_call(*args, **kwargs)
           ^^^^^^^^^^^^^^^^^^^^^^^^^^^^^
  File "/usr/local/lib/python3.12/dist-packages/transformers/utils/generic.py", line 1068, in wrapper
    output = func(self, *args, **kwargs)
             ^^^^^^^^^^^^^^^^^^^^^^^^^^^
  File "/usr/local/lib/python3.12/dist-packages/transformers/utils/output_capturing.py", line 287, in wrapper
    outputs = func(self, *args, **kwargs)
              ^^^^^^^^^^^^^^^^^^^^^^^^^^^
  File "/usr/local/lib/python3.12/dist-packages/transformers/models/distilbert/modeling_distilbert.py", line 417, in forward
    return self.transformer(
           ^^^^^^^^^^^^^^^^^
  File "/usr/local/lib/python3.12/dist-packages/torch/nn/modules/module.py", line 1773, in _wrapped_call_impl
    return self._call_impl(*args, **kwargs)
           ^^^^^^^^^^^^^^^^^^^^^^^^^^^^^^^^
  File "/usr/local/lib/python3.12/dist-packages/torch/nn/modules/module.py", line 1784, in _call_impl
    return forward_call(*args, **kwargs)
           ^^^^^^^^^^^^^^^^^^^^^^^^^^^^^
  File "/usr/local/lib/python3.12/dist-packages/transformers/models/distilbert/modeling_distilbert.py", line 276, in forward
    hidden_states = layer_module(
                    ^^^^^^^^^^^^^
  File "/usr/local/lib/python3.12/dist-packages/transformers/modeling_layers.py", line 110, in __call__
    return super().__call__(*args, **kwargs)
           ^^^^^^^^^^^^^^^^^^^^^^^^^^^^^^^^^
  File "/usr/local/lib/python3.12/dist-packages/torch/nn/modules/module.py", line 1773, in _wrapped_call_impl
    return self._call_impl(*args, **kwargs)
           ^^^^^^^^^^^^^^^^^^^^^^^^^^^^^^^^
  File "/usr/local/lib/python3.12/dist-packages/torch/nn/modules/module.py", line 1784, in _call_impl
    return forward_call(*args, **kwargs)
           ^^^^^^^^^^^^^^^^^^^^^^^^^^^^^
  File "/usr/local/lib/python3.12/dist-packages/transformers/models/distilbert/modeling_distilbert.py", line 253, in forward
    attention_output = self.sa_layer_norm(attention_output + hidden_states)
                       ^^^^^^^^^^^^^^^^^^^^^^^^^^^^^^^^^^^^^^^^^^^^^^^^^^^^
  File "/usr/local/lib/python3.12/dist-packages/torch/nn/modules/module.py", line 1773, in _wrapped_call_impl
    return self._call_impl(*args, **kwargs)
           ^^^^^^^^^^^^^^^^^^^^^^^^^^^^^^^^
  File "/usr/local/lib/python3.12/dist-packages/torch/nn/modules/module.py", line 1784, in _call_impl
    return forward_call(*args, **kwargs)
           ^^^^^^^^^^^^^^^^^^^^^^^^^^^^^
  File "/usr/local/lib/python3.12/dist-packages/torch/nn/modules/normalization.py", line 217, in forward
    return F.layer_norm(
           ^^^^^^^^^^^^^
  File "/usr/local/lib/python3.12/dist-packages/torch/nn/functional.py", line 2905, in layer_norm
    return torch.layer_norm(
           ^^^^^^^^^^^^^^^^^
torch.OutOfMemoryError: CUDA out of memory. Tried to allocate 2.00 MiB. GPU 0 has a total capacity of 23.53 GiB of which 2.56 MiB is free. Process 18060 has 3.55 GiB memory in use. Process 18607 has 8.53 GiB memory in use. Process 20792 has 1.21 GiB memory in use. Process 20789 has 1.10 GiB memory in use. Process 20785 has 1.63 GiB memory in use. Process 20787 has 1.22 GiB memory in use. Process 22357 has 1.21 GiB memory in use. Process 22991 has 1.12 GiB memory in use. Process 23055 has 1016.00 MiB memory in use. Process 24804 has 2.15 GiB memory in use. Including non-PyTorch memory, this process has 762.00 MiB memory in use. Of the allocated memory 279.56 MiB is allocated by PyTorch, and 26.44 MiB is reserved by PyTorch but unallocated. If reserved but unallocated memory is large try setting PYTORCH_CUDA_ALLOC_CONF=expandable_segments:True to avoid fragmentation.  See documentation for Memory Management  (https://pytorch.org/docs/stable/notes/cuda.html#environment-variables)
