Warning: You are sending unauthenticated requests to the HF Hub. Please set a HF_TOKEN to enable higher rate limits and faster downloads.
Using the latest cached version of the dataset since stanfordnlp/sst2 couldn't be found on the Hugging Face Hub
Found the latest cached dataset configuration 'default' at /workspace/.cache/huggingface/datasets/stanfordnlp___sst2/default/0.0.0/8d51e7e4887a4caaa95b3fbebbf53c0490b58bbb (last modified on Sat Oct 10 00:42:02 2026).
Using the latest cached version of the dataset since fancyzhx/yelp_polarity couldn't be found on the Hugging Face Hub
Found the latest cached dataset configuration 'plain_text' at /workspace/.cache/huggingface/datasets/fancyzhx___yelp_polarity/plain_text/0.0.0/bbf1c97a1f0cf005e5aded43839fd814654a1557 (last modified on Sat Oct 10 00:42:23 2026).
Using the latest cached version of the dataset since cardiffnlp/tweet_eval couldn't be found on the Hugging Face Hub
Found the latest cached dataset configuration 'sentiment' at /workspace/.cache/huggingface/datasets/cardiffnlp___tweet_eval/sentiment/0.0.0/b3a375baf0f409c77e6bc7aa35102b7b3534f8be (last modified on Sat Oct 10 00:42:27 2026).
Using the latest cached version of the dataset since stanfordnlp/imdb couldn't be found on the Hugging Face Hub
Found the latest cached dataset configuration 'plain_text' at /workspace/.cache/huggingface/datasets/stanfordnlp___imdb/plain_text/0.0.0/e6281661ce1c48d982bc483cf8a173c1bbeb5d31 (last modified on Sat Oct 10 00:42:36 2026).
HTTP Error 429 thrown while requesting GET https://huggingface.co/api/models/distilbert-base-uncased/tree/main/additional_chat_templates
Rate limited. Waiting 28.0s before retry [Retry 1/5].
Loading weights:   0%|          | 0/100 [00:00<?, ?it/s]Loading weights: 100%|██████████| 100/100 [00:00<00:00, 1445.88it/s]
Traceback (most recent call last):
  File "<frozen runpy>", line 198, in _run_module_as_main
  File "<frozen runpy>", line 88, in _run_code
  File "/workspace/mitosis-interference/experiments/tfcl_run.py", line 135, in <module>
    main()
  File "/workspace/mitosis-interference/experiments/tfcl_run.py", line 108, in main
    L.observe(b["x"], b["y"])
  File "/workspace/mitosis-interference/src/tfcl/learner.py", line 146, in observe
    self.step(p, xs, ys)
  File "/workspace/mitosis-interference/src/tfcl/learner.py", line 133, in step
    loss = self.loss(p, list(xs) + rx, list(ys) + ry, seen=seen)
           ^^^^^^^^^^^^^^^^^^^^^^^^^^^^^^^^^^^^^^^^^^^^^^^^^^^^^
  File "/workspace/mitosis-interference/src/tfcl/learner.py", line 113, in loss
    f = self.enc.features(xs, p.lora, grad=True)
        ^^^^^^^^^^^^^^^^^^^^^^^^^^^^^^^^^^^^^^^^
  File "/workspace/mitosis-interference/src/tfcl/model.py", line 96, in features
    h = self.backbone(**enc).last_hidden_state
        ^^^^^^^^^^^^^^^^^^^^
  File "/usr/local/lib/python3.12/dist-packages/torch/nn/modules/module.py", line 1773, in _wrapped_call_impl
    return self._call_impl(*args, **kwargs)
           ^^^^^^^^^^^^^^^^^^^^^^^^^^^^^^^^
  File "/usr/local/lib/python3.12/dist-packages/torch/nn/modules/module.py", line 1784, in _call_impl
    return forward_call(*args, **kwargs)
           ^^^^^^^^^^^^^^^^^^^^^^^^^^^^^
  File "/usr/local/lib/python3.12/dist-packages/transformers/utils/generic.py", line 1068, in wrapper
    output = func(self, *args, **kwargs)
             ^^^^^^^^^^^^^^^^^^^^^^^^^^^
  File "/usr/local/lib/python3.12/dist-packages/transformers/utils/output_capturing.py", line 287, in wrapper
    outputs = func(self, *args, **kwargs)
              ^^^^^^^^^^^^^^^^^^^^^^^^^^^
  File "/usr/local/lib/python3.12/dist-packages/transformers/models/distilbert/modeling_distilbert.py", line 417, in forward
    return self.transformer(
           ^^^^^^^^^^^^^^^^^
  File "/usr/local/lib/python3.12/dist-packages/torch/nn/modules/module.py", line 1773, in _wrapped_call_impl
    return self._call_impl(*args, **kwargs)
           ^^^^^^^^^^^^^^^^^^^^^^^^^^^^^^^^
  File "/usr/local/lib/python3.12/dist-packages/torch/nn/modules/module.py", line 1784, in _call_impl
    return forward_call(*args, **kwargs)
           ^^^^^^^^^^^^^^^^^^^^^^^^^^^^^
  File "/usr/local/lib/python3.12/dist-packages/transformers/models/distilbert/modeling_distilbert.py", line 276, in forward
    hidden_states = layer_module(
                    ^^^^^^^^^^^^^
  File "/usr/local/lib/python3.12/dist-packages/transformers/modeling_layers.py", line 110, in __call__
    return super().__call__(*args, **kwargs)
           ^^^^^^^^^^^^^^^^^^^^^^^^^^^^^^^^^
  File "/usr/local/lib/python3.12/dist-packages/torch/nn/modules/module.py", line 1773, in _wrapped_call_impl
    return self._call_impl(*args, **kwargs)
           ^^^^^^^^^^^^^^^^^^^^^^^^^^^^^^^^
  File "/usr/local/lib/python3.12/dist-packages/torch/nn/modules/module.py", line 1784, in _call_impl
    return forward_call(*args, **kwargs)
           ^^^^^^^^^^^^^^^^^^^^^^^^^^^^^
  File "/usr/local/lib/python3.12/dist-packages/transformers/models/distilbert/modeling_distilbert.py", line 256, in forward
    ffn_output = self.ffn(attention_output)
                 ^^^^^^^^^^^^^^^^^^^^^^^^^^
  File "/usr/local/lib/python3.12/dist-packages/torch/nn/modules/module.py", line 1773, in _wrapped_call_impl
    return self._call_impl(*args, **kwargs)
           ^^^^^^^^^^^^^^^^^^^^^^^^^^^^^^^^
  File "/usr/local/lib/python3.12/dist-packages/torch/nn/modules/module.py", line 1784, in _call_impl
    return forward_call(*args, **kwargs)
           ^^^^^^^^^^^^^^^^^^^^^^^^^^^^^
  File "/usr/local/lib/python3.12/dist-packages/transformers/models/distilbert/modeling_distilbert.py", line 217, in forward
    return apply_chunking_to_forward(self.ff_chunk, self.chunk_size_feed_forward, self.seq_len_dim, input)
           ^^^^^^^^^^^^^^^^^^^^^^^^^^^^^^^^^^^^^^^^^^^^^^^^^^^^^^^^^^^^^^^^^^^^^^^^^^^^^^^^^^^^^^^^^^^^^^^
  File "/usr/local/lib/python3.12/dist-packages/transformers/pytorch_utils.py", line 199, in apply_chunking_to_forward
    return forward_fn(*input_tensors)
           ^^^^^^^^^^^^^^^^^^^^^^^^^^
  File "/usr/local/lib/python3.12/dist-packages/transformers/models/distilbert/modeling_distilbert.py", line 220, in ff_chunk
    x = self.lin1(input)
        ^^^^^^^^^^^^^^^^
  File "/usr/local/lib/python3.12/dist-packages/torch/nn/modules/module.py", line 1773, in _wrapped_call_impl
    return self._call_impl(*args, **kwargs)
           ^^^^^^^^^^^^^^^^^^^^^^^^^^^^^^^^
  File "/usr/local/lib/python3.12/dist-packages/torch/nn/modules/module.py", line 1784, in _call_impl
    return forward_call(*args, **kwargs)
           ^^^^^^^^^^^^^^^^^^^^^^^^^^^^^
  File "/usr/local/lib/python3.12/dist-packages/torch/nn/modules/linear.py", line 125, in forward
    return F.linear(input, self.weight, self.bias)
           ^^^^^^^^^^^^^^^^^^^^^^^^^^^^^^^^^^^^^^^
torch.OutOfMemoryError: CUDA out of memory. Tried to allocate 20.00 MiB. GPU 0 has a total capacity of 23.53 GiB of which 12.00 MiB is free. Process 235493 has 1.98 GiB memory in use. Process 243591 has 1.61 GiB memory in use. Process 243735 has 2.32 GiB memory in use. Process 245208 has 2.62 GiB memory in use. Process 245144 has 1.61 GiB memory in use. Process 245299 has 1.48 GiB memory in use. Process 245426 has 2.32 GiB memory in use. Process 245983 has 1.14 GiB memory in use. Process 245908 has 1.59 GiB memory in use. Process 246547 has 1.14 GiB memory in use. Process 247011 has 1.94 GiB memory in use. Process 246483 has 792.00 MiB memory in use. Including non-PyTorch memory, this process has 830.00 MiB memory in use. Process 246621 has 718.00 MiB memory in use. Process 246928 has 718.00 MiB memory in use. Process 247399 has 708.00 MiB memory in use. Of the allocated memory 365.39 MiB is allocated by PyTorch, and 8.61 MiB is reserved by PyTorch but unallocated. If reserved but unallocated memory is large try setting PYTORCH_CUDA_ALLOC_CONF=expandable_segments:True to avoid fragmentation.  See documentation for Memory Management  (https://pytorch.org/docs/stable/notes/cuda.html#environment-variables)
