Warning: You are sending unauthenticated requests to the HF Hub. Please set a HF_TOKEN to enable higher rate limits and faster downloads.
Loading weights:   0%|          | 0/100 [00:00<?, ?it/s]Loading weights: 100%|██████████| 100/100 [00:00<00:00, 1673.38it/s]
Traceback (most recent call last):
  File "<frozen runpy>", line 198, in _run_module_as_main
  File "<frozen runpy>", line 88, in _run_code
  File "/workspace/mitosis-interference/experiments/tfcl_run_x.py", line 86, in <module>
    main()
  File "/workspace/mitosis-interference/experiments/tfcl_run_x.py", line 68, in main
    R.main(argv) if "--policy-label" not in argv else _main_with_label(argv)
    ^^^^^^^^^^^^
  File "/workspace/mitosis-interference/experiments/tfcl_run.py", line 68, in main
    enc = Encoder(a.model, max_length=a.max_length)
          ^^^^^^^^^^^^^^^^^^^^^^^^^^^^^^^^^^^^^^^^^
  File "/workspace/mitosis-interference/experiments/tfcl_run_x.py", line 42, in make_encoder
    return Encoder(name, **kw)
           ^^^^^^^^^^^^^^^^^^^
  File "/workspace/mitosis-interference/src/tfcl/model.py", line 45, in __init__
    self.backbone = AutoModel.from_pretrained(name).to(device).eval()
                    ^^^^^^^^^^^^^^^^^^^^^^^^^^^^^^^^^^^^^^^^^^
  File "/usr/local/lib/python3.12/dist-packages/transformers/modeling_utils.py", line 3713, in to
    return super().to(*args, **kwargs)
           ^^^^^^^^^^^^^^^^^^^^^^^^^^^
  File "/usr/local/lib/python3.12/dist-packages/torch/nn/modules/module.py", line 1369, in to
    return self._apply(convert)
           ^^^^^^^^^^^^^^^^^^^^
  File "/usr/local/lib/python3.12/dist-packages/torch/nn/modules/module.py", line 928, in _apply
    module._apply(fn)
  File "/usr/local/lib/python3.12/dist-packages/torch/nn/modules/module.py", line 928, in _apply
    module._apply(fn)
  File "/usr/local/lib/python3.12/dist-packages/torch/nn/modules/module.py", line 928, in _apply
    module._apply(fn)
  [Previous line repeated 2 more times]
  File "/usr/local/lib/python3.12/dist-packages/torch/nn/modules/module.py", line 955, in _apply
    param_applied = fn(param)
                    ^^^^^^^^^
  File "/usr/local/lib/python3.12/dist-packages/torch/nn/modules/module.py", line 1355, in convert
    return t.to(
           ^^^^^
torch.OutOfMemoryError: CUDA out of memory. Tried to allocate 20.00 MiB. GPU 0 has a total capacity of 23.53 GiB of which 18.00 MiB is free. Process 221301 has 1.12 GiB memory in use. Process 221440 has 1.13 GiB memory in use. Process 229604 has 2.61 GiB memory in use. Process 227236 has 1.76 GiB memory in use. Process 230202 has 1.97 GiB memory in use. Process 231798 has 1.94 GiB memory in use. Process 232024 has 1.74 GiB memory in use. Process 232107 has 1.74 GiB memory in use. Process 232496 has 1.13 GiB memory in use. Process 232830 has 1.12 GiB memory in use. Process 232722 has 1.55 GiB memory in use. Process 232907 has 1.44 GiB memory in use. Process 232987 has 1.10 GiB memory in use. Process 233398 has 1.44 GiB memory in use. Process 233497 has 1.05 GiB memory in use. Including non-PyTorch memory, this process has 566.00 MiB memory in use. Of the allocated memory 178.80 MiB is allocated by PyTorch, and 3.20 MiB is reserved by PyTorch but unallocated. If reserved but unallocated memory is large try setting PYTORCH_CUDA_ALLOC_CONF=expandable_segments:True to avoid fragmentation.  See documentation for Memory Management  (https://pytorch.org/docs/stable/notes/cuda.html#environment-variables)
