Warning: You are sending unauthenticated requests to the HF Hub. Please set a HF_TOKEN to enable higher rate limits and faster downloads.
Loading weights:   0%|          | 0/100 [00:00<?, ?it/s]Loading weights: 100%|██████████| 100/100 [00:00<00:00, 6283.41it/s]
Traceback (most recent call last):
  File "<frozen runpy>", line 198, in _run_module_as_main
  File "<frozen runpy>", line 88, in _run_code
  File "/workspace/mitosis-interference/experiments/tfcl_run_x.py", line 86, in <module>
    main()
  File "/workspace/mitosis-interference/experiments/tfcl_run_x.py", line 68, in main
    R.main(argv) if "--policy-label" not in argv else _main_with_label(argv)
    ^^^^^^^^^^^^
  File "/workspace/mitosis-interference/experiments/tfcl_run.py", line 108, in main
    L.observe(b["x"], b["y"])
  File "/workspace/mitosis-interference/src/tfcl/learner.py", line 146, in observe
    self.step(p, xs, ys)
  File "/workspace/mitosis-interference/src/tfcl/learner.py", line 134, in step
    loss.backward()
  File "/usr/local/lib/python3.12/dist-packages/torch/_tensor.py", line 647, in backward
    torch.autograd.backward(
  File "/usr/local/lib/python3.12/dist-packages/torch/autograd/__init__.py", line 354, in backward
    _engine_run_backward(
  File "/usr/local/lib/python3.12/dist-packages/torch/autograd/graph.py", line 829, in _engine_run_backward
    return Variable._execution_engine.run_backward(  # Calls into the C++ engine to run the backward pass
           ^^^^^^^^^^^^^^^^^^^^^^^^^^^^^^^^^^^^^^^^^^^^^^^^^^^^^^^^^^^^^^^^^^^^^^^^^^^^^^^^^^^^^^^^^^^^^^
RuntimeError: CUDA error: CUBLAS_STATUS_ALLOC_FAILED when calling `cublasCreate(handle)`
