Warning: You are sending unauthenticated requests to the HF Hub. Please set a HF_TOKEN to enable higher rate limits and faster downloads.
Using the latest cached version of the dataset since cardiffnlp/tweet_eval couldn't be found on the Hugging Face Hub
Found the latest cached dataset configuration 'offensive' at /workspace/.cache/huggingface/datasets/cardiffnlp___tweet_eval/offensive/0.0.0/b3a375baf0f409c77e6bc7aa35102b7b3534f8be (last modified on Sat Oct 10 00:59:24 2026).
Using the latest cached version of the dataset since cardiffnlp/tweet_eval couldn't be found on the Hugging Face Hub
Found the latest cached dataset configuration 'hate' at /workspace/.cache/huggingface/datasets/cardiffnlp___tweet_eval/hate/0.0.0/b3a375baf0f409c77e6bc7aa35102b7b3534f8be (last modified on Sat Oct 10 00:59:32 2026).
Using the latest cached version of the dataset since cardiffnlp/tweet_eval couldn't be found on the Hugging Face Hub
Found the latest cached dataset configuration 'irony' at /workspace/.cache/huggingface/datasets/cardiffnlp___tweet_eval/irony/0.0.0/b3a375baf0f409c77e6bc7aa35102b7b3534f8be (last modified on Sat Oct 10 00:59:36 2026).
HTTP Error 429 thrown while requesting GET https://huggingface.co/api/models/distilbert-base-uncased/tree/main/additional_chat_templates
Rate limited. Waiting 179.0s before retry [Retry 1/5].
Loading weights:   0%|          | 0/100 [00:00<?, ?it/s]Loading weights: 100%|██████████| 100/100 [00:00<00:00, 5399.53it/s]
Traceback (most recent call last):
  File "<frozen runpy>", line 198, in _run_module_as_main
  File "<frozen runpy>", line 88, in _run_code
  File "/workspace/mitosis-interference/experiments/tfcl_run_x.py", line 86, in <module>
    main()
  File "/workspace/mitosis-interference/experiments/tfcl_run_x.py", line 68, in main
    R.main(argv) if "--policy-label" not in argv else _main_with_label(argv)
    ^^^^^^^^^^^^
  File "/workspace/mitosis-interference/experiments/tfcl_run.py", line 68, in main
    enc = Encoder(a.model, max_length=a.max_length)
          ^^^^^^^^^^^^^^^^^^^^^^^^^^^^^^^^^^^^^^^^^
  File "/workspace/mitosis-interference/experiments/tfcl_run_x.py", line 42, in make_encoder
    return Encoder(name, **kw)
           ^^^^^^^^^^^^^^^^^^^
  File "/workspace/mitosis-interference/src/tfcl/model.py", line 45, in __init__
    self.backbone = AutoModel.from_pretrained(name).to(device).eval()
                    ^^^^^^^^^^^^^^^^^^^^^^^^^^^^^^^^^^^^^^^^^^
  File "/usr/local/lib/python3.12/dist-packages/transformers/modeling_utils.py", line 3713, in to
    return super().to(*args, **kwargs)
           ^^^^^^^^^^^^^^^^^^^^^^^^^^^
  File "/usr/local/lib/python3.12/dist-packages/torch/nn/modules/module.py", line 1369, in to
    return self._apply(convert)
           ^^^^^^^^^^^^^^^^^^^^
  File "/usr/local/lib/python3.12/dist-packages/torch/nn/modules/module.py", line 928, in _apply
    module._apply(fn)
  File "/usr/local/lib/python3.12/dist-packages/torch/nn/modules/module.py", line 928, in _apply
    module._apply(fn)
  File "/usr/local/lib/python3.12/dist-packages/torch/nn/modules/module.py", line 928, in _apply
    module._apply(fn)
  [Previous line repeated 2 more times]
  File "/usr/local/lib/python3.12/dist-packages/torch/nn/modules/module.py", line 955, in _apply
    param_applied = fn(param)
                    ^^^^^^^^^
  File "/usr/local/lib/python3.12/dist-packages/torch/nn/modules/module.py", line 1355, in convert
    return t.to(
           ^^^^^
torch.OutOfMemoryError: CUDA out of memory. Tried to allocate 20.00 MiB. GPU 0 has a total capacity of 23.53 GiB of which 8.62 MiB is free. Process 257646 has 1.89 GiB memory in use. Process 268399 has 4.34 GiB memory in use. Process 273254 has 1.96 GiB memory in use. Process 273318 has 1.96 GiB memory in use. Process 274689 has 4.34 GiB memory in use. Process 279117 has 2.15 GiB memory in use. Process 281294 has 2.22 GiB memory in use. Process 282067 has 794.00 MiB memory in use. Process 281432 has 794.00 MiB memory in use. Process 282713 has 722.00 MiB memory in use. Process 281368 has 742.00 MiB memory in use. Process 281496 has 356.00 MiB memory in use. Process 282892 has 718.00 MiB memory in use. Including non-PyTorch memory, this process has 566.00 MiB memory in use. Of the allocated memory 178.80 MiB is allocated by PyTorch, and 3.20 MiB is reserved by PyTorch but unallocated. If reserved but unallocated memory is large try setting PYTORCH_CUDA_ALLOC_CONF=expandable_segments:True to avoid fragmentation.  See documentation for Memory Management  (https://pytorch.org/docs/stable/notes/cuda.html#environment-variables)
