70 jobs
[1/70] ok results/tfcl/pilot_closed/banking_rec/frozen_s2026.json
[2/70] ok results/tfcl/pilot_closed/banking_rec/single_s2026.json
[3/70] ok results/tfcl/pilot_closed/banking_rec/oracle_s2026.json
[4/70] ok results/tfcl/pilot_closed/banking_rec/trigger-label_novel_s2026.json
[5/70] ok results/tfcl/pilot_closed/banking_rec/trigger-loss_z_s2026.json
[6/70] ok results/tfcl/pilot_closed/banking_rec/trigger-repr_z_s2026.json
[7/70] ok results/tfcl/pilot_closed/banking_rec/trigger-interf_logit_s2026.json
[8/70] ok results/tfcl/pilot_closed/banking_rec/trigger-fresh_util_s2026.json
[9/70] ok results/tfcl/pilot_closed/banking_rec/trigger-interf_proto_s2026.json
[10/70] ok results/tfcl/pilot_closed/banking_rec/trigger-conflict_z_s2026.json
[11/70] ok results/tfcl/pilot_closed/banking_cil/frozen_s2026.json
[12/70] ok results/tfcl/pilot_closed/banking_cil/single_s2026.json
[13/70] ok results/tfcl/pilot_closed/banking_cil/oracle_s2026.json
[14/70] ok results/tfcl/pilot_closed/banking_cil/trigger-label_novel_s2026.json
[15/70] ok results/tfcl/pilot_closed/banking_cil/trigger-loss_z_s2026.json
[16/70] ok results/tfcl/pilot_closed/banking_cil/trigger-repr_z_s2026.json
[17/70] ok results/tfcl/pilot_closed/banking_cil/trigger-interf_logit_s2026.json
[18/70] ok results/tfcl/pilot_closed/banking_cil/trigger-fresh_util_s2026.json
[19/70] ok results/tfcl/pilot_closed/banking_cil/trigger-interf_proto_s2026.json
[20/70] ok results/tfcl/pilot_closed/banking_cil/trigger-conflict_z_s2026.json
[21/70] ok results/tfcl/pilot_closed/clinc_cil/frozen_s2026.json
[22/70] ok results/tfcl/pilot_closed/clinc_cil/single_s2026.json
[23/70] ok results/tfcl/pilot_closed/clinc_cil/oracle_s2026.json
[24/70] ok results/tfcl/pilot_closed/clinc_cil/trigger-label_novel_s2026.json
[25/70] ok results/tfcl/pilot_closed/clinc_cil/trigger-loss_z_s2026.json
[26/70] ok results/tfcl/pilot_closed/clinc_cil/trigger-repr_z_s2026.json
[27/70] ok results/tfcl/pilot_closed/clinc_cil/trigger-interf_logit_s2026.json
[28/70] ok results/tfcl/pilot_closed/clinc_cil/trigger-fresh_util_s2026.json
[29/70] ok results/tfcl/pilot_closed/clinc_cil/trigger-interf_proto_s2026.json
[30/70] ok results/tfcl/pilot_closed/clinc_cil/trigger-conflict_z_s2026.json
[31/70] ok results/tfcl/pilot_closed/amazon_rec/frozen_s2026.json
[32/70] ok results/tfcl/pilot_closed/amazon_rec/single_s2026.json
[33/70] ok results/tfcl/pilot_closed/amazon_rec/oracle_s2026.json
[34/70] ok results/tfcl/pilot_closed/amazon_rec/trigger-label_novel_s2026.json
[35/70] ok results/tfcl/pilot_closed/amazon_rec/trigger-loss_z_s2026.json
[36/70] ok results/tfcl/pilot_closed/amazon_rec/trigger-repr_z_s2026.json
[37/70] ok results/tfcl/pilot_closed/amazon_rec/trigger-interf_logit_s2026.json
[38/70] ok results/tfcl/pilot_closed/amazon_rec/trigger-fresh_util_s2026.json
[39/70] ok results/tfcl/pilot_closed/amazon_rec/trigger-interf_proto_s2026.json
[40/70] ok results/tfcl/pilot_closed/amazon_rec/trigger-conflict_z_s2026.json
[41/70] ok results/tfcl/pilot_closed/amazon_dil/frozen_s2026.json
[42/70] ok results/tfcl/pilot_closed/amazon_dil/single_s2026.json
[43/70] ok results/tfcl/pilot_closed/amazon_dil/oracle_s2026.json
[44/70] ok results/tfcl/pilot_closed/amazon_dil/trigger-label_novel_s2026.json
[45/70] ok results/tfcl/pilot_closed/amazon_dil/trigger-loss_z_s2026.json
[46/70] ok results/tfcl/pilot_closed/amazon_dil/trigger-repr_z_s2026.json
[47/70] ok results/tfcl/pilot_closed/amazon_dil/trigger-interf_logit_s2026.json
[48/70] ok results/tfcl/pilot_closed/amazon_dil/trigger-fresh_util_s2026.json
[49/70] ok results/tfcl/pilot_closed/amazon_dil/trigger-interf_proto_s2026.json
[50/70] ok results/tfcl/pilot_closed/amazon_dil/trigger-conflict_z_s2026.json
[51/70] ok results/tfcl/pilot_closed/amazon_conflict/frozen_s2026.json
[52/70] ok results/tfcl/pilot_closed/amazon_conflict/single_s2026.json
[53/70] ok results/tfcl/pilot_closed/amazon_conflict/oracle_s2026.json
[54/70] ok results/tfcl/pilot_closed/amazon_conflict/trigger-label_novel_s2026.json
[55/70] ok results/tfcl/pilot_closed/amazon_conflict/trigger-loss_z_s2026.json
[56/70] ok results/tfcl/pilot_closed/amazon_conflict/trigger-repr_z_s2026.json
[57/70] ok results/tfcl/pilot_closed/amazon_conflict/trigger-interf_logit_s2026.json
[58/70] ok results/tfcl/pilot_closed/amazon_conflict/trigger-fresh_util_s2026.json
[59/70] ok results/tfcl/pilot_closed/amazon_conflict/trigger-interf_proto_s2026.json
[60/70] ok results/tfcl/pilot_closed/amazon_conflict/trigger-conflict_z_s2026.json
[61/70] ok results/tfcl/pilot_closed/amazon_dilconf/frozen_s2026.json
[62/70] ok results/tfcl/pilot_closed/amazon_dilconf/single_s2026.json
[63/70] ok results/tfcl/pilot_closed/amazon_dilconf/oracle_s2026.json
[64/70] ok results/tfcl/pilot_closed/amazon_dilconf/trigger-label_novel_s2026.json
[65/70] ok results/tfcl/pilot_closed/amazon_dilconf/trigger-loss_z_s2026.json
[66/70] ok results/tfcl/pilot_closed/amazon_dilconf/trigger-repr_z_s2026.json
[67/70] ok results/tfcl/pilot_closed/amazon_dilconf/trigger-interf_logit_s2026.json
[68/70] ok results/tfcl/pilot_closed/amazon_dilconf/trigger-fresh_util_s2026.json
[69/70] ok results/tfcl/pilot_closed/amazon_dilconf/trigger-interf_proto_s2026.json
[70/70] ok results/tfcl/pilot_closed/amazon_dilconf/trigger-conflict_z_s2026.json
FAILED: none
