1200 jobs
[1/1200] ok results/tfcl/confirm/banking_rec/frozen_s2027.json
[2/1200] ok results/tfcl/confirm/banking_rec/single_s2027.json
[3/1200] ok results/tfcl/confirm/banking_rec/oracle_s2027.json
[4/1200] ok results/tfcl/confirm/banking_rec/random_s2027.json
[5/1200] ok results/tfcl/confirm/banking_rec/trigger-label_novel-q0.99_s2027.json
[6/1200] ok results/tfcl/confirm/banking_rec/trigger-loss_z-q0.99_s2027.json
[7/1200] ok results/tfcl/confirm/banking_rec/trigger-repr_z-q0.99_s2027.json
[8/1200] ok results/tfcl/confirm/banking_rec/trigger-interf_logit-q0.99_s2027.json
[9/1200] ok results/tfcl/confirm/banking_rec/trigger-fresh_util-q0.99_s2027.json
[10/1200] ok results/tfcl/confirm/banking_rec/trigger-interf_proto-q0.99_s2027.json
[11/1200] ok results/tfcl/confirm/banking_rec/trigger-conflict_z-q0.99_s2027.json
[12/1200] ok results/tfcl/confirm/banking_rec/trigger-label_surprise-q0.99_s2027.json
[13/1200] ok results/tfcl/confirm/banking_rec/frozen_s2028.json
[14/1200] ok results/tfcl/confirm/banking_rec/single_s2028.json
[15/1200] ok results/tfcl/confirm/banking_rec/oracle_s2028.json
[16/1200] ok results/tfcl/confirm/banking_rec/random_s2028.json
[17/1200] ok results/tfcl/confirm/banking_rec/trigger-label_novel-q0.99_s2028.json
[18/1200] ok results/tfcl/confirm/banking_rec/trigger-loss_z-q0.99_s2028.json
[19/1200] ok results/tfcl/confirm/banking_rec/trigger-repr_z-q0.99_s2028.json
[20/1200] ok results/tfcl/confirm/banking_rec/trigger-interf_logit-q0.99_s2028.json
[21/1200] ok results/tfcl/confirm/banking_rec/trigger-fresh_util-q0.99_s2028.json
[22/1200] ok results/tfcl/confirm/banking_rec/trigger-interf_proto-q0.99_s2028.json
[23/1200] ok results/tfcl/confirm/banking_rec/trigger-conflict_z-q0.99_s2028.json
[24/1200] ok results/tfcl/confirm/banking_rec/trigger-label_surprise-q0.99_s2028.json
[25/1200] ok results/tfcl/confirm/banking_rec/frozen_s2029.json
[26/1200] ok results/tfcl/confirm/banking_rec/single_s2029.json
[27/1200] ok results/tfcl/confirm/banking_rec/oracle_s2029.json
[28/1200] ok results/tfcl/confirm/banking_rec/random_s2029.json
[29/1200] ok results/tfcl/confirm/banking_rec/trigger-label_novel-q0.99_s2029.json
[30/1200] ok results/tfcl/confirm/banking_rec/trigger-loss_z-q0.99_s2029.json
[31/1200] ok results/tfcl/confirm/banking_rec/trigger-repr_z-q0.99_s2029.json
[32/1200] ok results/tfcl/confirm/banking_rec/trigger-interf_logit-q0.99_s2029.json
[33/1200] ok results/tfcl/confirm/banking_rec/trigger-fresh_util-q0.99_s2029.json
[34/1200] ok results/tfcl/confirm/banking_rec/trigger-interf_proto-q0.99_s2029.json
[35/1200] ok results/tfcl/confirm/banking_rec/trigger-conflict_z-q0.99_s2029.json
[36/1200] ok results/tfcl/confirm/banking_rec/trigger-label_surprise-q0.99_s2029.json
[37/1200] ok results/tfcl/confirm/banking_rec/frozen_s2030.json
[38/1200] ok results/tfcl/confirm/banking_rec/single_s2030.json
[39/1200] ok results/tfcl/confirm/banking_rec/oracle_s2030.json
[40/1200] ok results/tfcl/confirm/banking_rec/random_s2030.json
[41/1200] ok results/tfcl/confirm/banking_rec/trigger-label_novel-q0.99_s2030.json
[42/1200] ok results/tfcl/confirm/banking_rec/trigger-loss_z-q0.99_s2030.json
[43/1200] ok results/tfcl/confirm/banking_rec/trigger-repr_z-q0.99_s2030.json
[44/1200] ok results/tfcl/confirm/banking_rec/trigger-interf_logit-q0.99_s2030.json
[45/1200] ok results/tfcl/confirm/banking_rec/trigger-fresh_util-q0.99_s2030.json
[46/1200] ok results/tfcl/confirm/banking_rec/trigger-interf_proto-q0.99_s2030.json
[47/1200] ok results/tfcl/confirm/banking_rec/trigger-conflict_z-q0.99_s2030.json
[48/1200] ok results/tfcl/confirm/banking_rec/trigger-label_surprise-q0.99_s2030.json
[49/1200] ok results/tfcl/confirm/banking_rec/frozen_s2031.json
[50/1200] ok results/tfcl/confirm/banking_rec/single_s2031.json
[51/1200] ok results/tfcl/confirm/banking_rec/oracle_s2031.json
[52/1200] ok results/tfcl/confirm/banking_rec/random_s2031.json
[53/1200] ok results/tfcl/confirm/banking_rec/trigger-label_novel-q0.99_s2031.json
[54/1200] ok results/tfcl/confirm/banking_rec/trigger-loss_z-q0.99_s2031.json
[55/1200] ok results/tfcl/confirm/banking_rec/trigger-repr_z-q0.99_s2031.json
[56/1200] ok results/tfcl/confirm/banking_rec/trigger-interf_logit-q0.99_s2031.json
[57/1200] ok results/tfcl/confirm/banking_rec/trigger-fresh_util-q0.99_s2031.json
[58/1200] ok results/tfcl/confirm/banking_rec/trigger-interf_proto-q0.99_s2031.json
[59/1200] ok results/tfcl/confirm/banking_rec/trigger-conflict_z-q0.99_s2031.json
[60/1200] ok results/tfcl/confirm/banking_rec/trigger-label_surprise-q0.99_s2031.json
[61/1200] ok results/tfcl/confirm/banking_rec/frozen_s2032.json
[62/1200] ok results/tfcl/confirm/banking_rec/single_s2032.json
[63/1200] ok results/tfcl/confirm/banking_rec/oracle_s2032.json
[64/1200] ok results/tfcl/confirm/banking_rec/random_s2032.json
[65/1200] ok results/tfcl/confirm/banking_rec/trigger-label_novel-q0.99_s2032.json
[66/1200] ok results/tfcl/confirm/banking_rec/trigger-loss_z-q0.99_s2032.json
[67/1200] ok results/tfcl/confirm/banking_rec/trigger-repr_z-q0.99_s2032.json
[68/1200] ok results/tfcl/confirm/banking_rec/trigger-interf_logit-q0.99_s2032.json
[69/1200] ok results/tfcl/confirm/banking_rec/trigger-fresh_util-q0.99_s2032.json
[70/1200] ok results/tfcl/confirm/banking_rec/trigger-interf_proto-q0.99_s2032.json
[71/1200] ok results/tfcl/confirm/banking_rec/trigger-conflict_z-q0.99_s2032.json
[72/1200] ok results/tfcl/confirm/banking_rec/trigger-label_surprise-q0.99_s2032.json
[73/1200] ok results/tfcl/confirm/banking_rec/frozen_s2033.json
[74/1200] ok results/tfcl/confirm/banking_rec/single_s2033.json
[75/1200] ok results/tfcl/confirm/banking_rec/oracle_s2033.json
[76/1200] ok results/tfcl/confirm/banking_rec/random_s2033.json
[77/1200] ok results/tfcl/confirm/banking_rec/trigger-label_novel-q0.99_s2033.json
[78/1200] ok results/tfcl/confirm/banking_rec/trigger-loss_z-q0.99_s2033.json
[79/1200] ok results/tfcl/confirm/banking_rec/trigger-repr_z-q0.99_s2033.json
[80/1200] ok results/tfcl/confirm/banking_rec/trigger-interf_logit-q0.99_s2033.json
[81/1200] ok results/tfcl/confirm/banking_rec/trigger-fresh_util-q0.99_s2033.json
[82/1200] ok results/tfcl/confirm/banking_rec/trigger-interf_proto-q0.99_s2033.json
[83/1200] ok results/tfcl/confirm/banking_rec/trigger-conflict_z-q0.99_s2033.json
[84/1200] ok results/tfcl/confirm/banking_rec/trigger-label_surprise-q0.99_s2033.json
[85/1200] ok results/tfcl/confirm/banking_rec/frozen_s2034.json
[86/1200] ok results/tfcl/confirm/banking_rec/single_s2034.json
[87/1200] ok results/tfcl/confirm/banking_rec/oracle_s2034.json
[88/1200] ok results/tfcl/confirm/banking_rec/random_s2034.json
[89/1200] ok results/tfcl/confirm/banking_rec/trigger-label_novel-q0.99_s2034.json
[90/1200] ok results/tfcl/confirm/banking_rec/trigger-loss_z-q0.99_s2034.json
[91/1200] ok results/tfcl/confirm/banking_rec/trigger-repr_z-q0.99_s2034.json
[92/1200] ok results/tfcl/confirm/banking_rec/trigger-interf_logit-q0.99_s2034.json
[93/1200] ok results/tfcl/confirm/banking_rec/trigger-fresh_util-q0.99_s2034.json
[94/1200] ok results/tfcl/confirm/banking_rec/trigger-interf_proto-q0.99_s2034.json
[95/1200] ok results/tfcl/confirm/banking_rec/trigger-conflict_z-q0.99_s2034.json
[96/1200] ok results/tfcl/confirm/banking_rec/trigger-label_surprise-q0.99_s2034.json
[97/1200] ok results/tfcl/confirm/banking_rec/frozen_s2035.json
[98/1200] ok results/tfcl/confirm/banking_rec/single_s2035.json
[99/1200] ok results/tfcl/confirm/banking_rec/oracle_s2035.json
[100/1200] ok results/tfcl/confirm/banking_rec/random_s2035.json
[101/1200] ok results/tfcl/confirm/banking_rec/trigger-label_novel-q0.99_s2035.json
[102/1200] ok results/tfcl/confirm/banking_rec/trigger-loss_z-q0.99_s2035.json
[103/1200] ok results/tfcl/confirm/banking_rec/trigger-repr_z-q0.99_s2035.json
[104/1200] ok results/tfcl/confirm/banking_rec/trigger-interf_logit-q0.99_s2035.json
[105/1200] ok results/tfcl/confirm/banking_rec/trigger-fresh_util-q0.99_s2035.json
[106/1200] ok results/tfcl/confirm/banking_rec/trigger-interf_proto-q0.99_s2035.json
[107/1200] ok results/tfcl/confirm/banking_rec/trigger-conflict_z-q0.99_s2035.json
[108/1200] ok results/tfcl/confirm/banking_rec/trigger-label_surprise-q0.99_s2035.json
[109/1200] ok results/tfcl/confirm/banking_rec/frozen_s2036.json
[110/1200] ok results/tfcl/confirm/banking_rec/single_s2036.json
[111/1200] ok results/tfcl/confirm/banking_rec/oracle_s2036.json
[112/1200] ok results/tfcl/confirm/banking_rec/random_s2036.json
[113/1200] ok results/tfcl/confirm/banking_rec/trigger-label_novel-q0.99_s2036.json
[114/1200] ok results/tfcl/confirm/banking_rec/trigger-loss_z-q0.99_s2036.json
[115/1200] ok results/tfcl/confirm/banking_rec/trigger-repr_z-q0.99_s2036.json
[116/1200] ok results/tfcl/confirm/banking_rec/trigger-interf_logit-q0.99_s2036.json
[117/1200] ok results/tfcl/confirm/banking_rec/trigger-fresh_util-q0.99_s2036.json
[118/1200] ok results/tfcl/confirm/banking_rec/trigger-interf_proto-q0.99_s2036.json
[119/1200] ok results/tfcl/confirm/banking_rec/trigger-conflict_z-q0.99_s2036.json
[120/1200] ok results/tfcl/confirm/banking_rec/trigger-label_surprise-q0.99_s2036.json
[121/1200] ok results/tfcl/confirm/banking_cil/frozen_s2027.json
[122/1200] ok results/tfcl/confirm/banking_cil/single_s2027.json
[123/1200] ok results/tfcl/confirm/banking_cil/oracle_s2027.json
[124/1200] ok results/tfcl/confirm/banking_cil/random_s2027.json
[125/1200] ok results/tfcl/confirm/banking_cil/trigger-label_novel-q0.99_s2027.json
[126/1200] ok results/tfcl/confirm/banking_cil/trigger-loss_z-q0.99_s2027.json
[127/1200] ok results/tfcl/confirm/banking_cil/trigger-repr_z-q0.99_s2027.json
[128/1200] ok results/tfcl/confirm/banking_cil/trigger-interf_logit-q0.99_s2027.json
[129/1200] ok results/tfcl/confirm/banking_cil/trigger-fresh_util-q0.99_s2027.json
[130/1200] ok results/tfcl/confirm/banking_cil/trigger-interf_proto-q0.99_s2027.json
[131/1200] ok results/tfcl/confirm/banking_cil/trigger-conflict_z-q0.99_s2027.json
[132/1200] ok results/tfcl/confirm/banking_cil/trigger-label_surprise-q0.99_s2027.json
[133/1200] ok results/tfcl/confirm/banking_cil/frozen_s2028.json
[134/1200] ok results/tfcl/confirm/banking_cil/single_s2028.json
[135/1200] ok results/tfcl/confirm/banking_cil/oracle_s2028.json
[136/1200] ok results/tfcl/confirm/banking_cil/random_s2028.json
[137/1200] ok results/tfcl/confirm/banking_cil/trigger-label_novel-q0.99_s2028.json
[138/1200] ok results/tfcl/confirm/banking_cil/trigger-loss_z-q0.99_s2028.json
[139/1200] ok results/tfcl/confirm/banking_cil/trigger-repr_z-q0.99_s2028.json
[140/1200] ok results/tfcl/confirm/banking_cil/trigger-interf_logit-q0.99_s2028.json
[141/1200] ok results/tfcl/confirm/banking_cil/trigger-fresh_util-q0.99_s2028.json
[142/1200] ok results/tfcl/confirm/banking_cil/trigger-interf_proto-q0.99_s2028.json
[143/1200] ok results/tfcl/confirm/banking_cil/trigger-conflict_z-q0.99_s2028.json
[144/1200] ok results/tfcl/confirm/banking_cil/trigger-label_surprise-q0.99_s2028.json
[145/1200] ok results/tfcl/confirm/banking_cil/frozen_s2029.json
[146/1200] ok results/tfcl/confirm/banking_cil/single_s2029.json
[147/1200] ok results/tfcl/confirm/banking_cil/oracle_s2029.json
[148/1200] ok results/tfcl/confirm/banking_cil/random_s2029.json
[149/1200] ok results/tfcl/confirm/banking_cil/trigger-label_novel-q0.99_s2029.json
[150/1200] ok results/tfcl/confirm/banking_cil/trigger-loss_z-q0.99_s2029.json
[151/1200] ok results/tfcl/confirm/banking_cil/trigger-repr_z-q0.99_s2029.json
[152/1200] ok results/tfcl/confirm/banking_cil/trigger-interf_logit-q0.99_s2029.json
[153/1200] ok results/tfcl/confirm/banking_cil/trigger-fresh_util-q0.99_s2029.json
[154/1200] ok results/tfcl/confirm/banking_cil/trigger-interf_proto-q0.99_s2029.json
[155/1200] ok results/tfcl/confirm/banking_cil/trigger-conflict_z-q0.99_s2029.json
[156/1200] ok results/tfcl/confirm/banking_cil/trigger-label_surprise-q0.99_s2029.json
[157/1200] ok results/tfcl/confirm/banking_cil/frozen_s2030.json
[158/1200] ok results/tfcl/confirm/banking_cil/single_s2030.json
[159/1200] ok results/tfcl/confirm/banking_cil/oracle_s2030.json
[160/1200] ok results/tfcl/confirm/banking_cil/random_s2030.json
[161/1200] ok results/tfcl/confirm/banking_cil/trigger-label_novel-q0.99_s2030.json
[162/1200] ok results/tfcl/confirm/banking_cil/trigger-loss_z-q0.99_s2030.json
[163/1200] ok results/tfcl/confirm/banking_cil/trigger-repr_z-q0.99_s2030.json
[164/1200] ok results/tfcl/confirm/banking_cil/trigger-interf_logit-q0.99_s2030.json
[165/1200] ok results/tfcl/confirm/banking_cil/trigger-fresh_util-q0.99_s2030.json
[166/1200] ok results/tfcl/confirm/banking_cil/trigger-interf_proto-q0.99_s2030.json
[167/1200] ok results/tfcl/confirm/banking_cil/trigger-conflict_z-q0.99_s2030.json
[168/1200] ok results/tfcl/confirm/banking_cil/trigger-label_surprise-q0.99_s2030.json
[169/1200] ok results/tfcl/confirm/banking_cil/frozen_s2031.json
[170/1200] ok results/tfcl/confirm/banking_cil/single_s2031.json
[171/1200] ok results/tfcl/confirm/banking_cil/oracle_s2031.json
[172/1200] ok results/tfcl/confirm/banking_cil/random_s2031.json
[173/1200] ok results/tfcl/confirm/banking_cil/trigger-label_novel-q0.99_s2031.json
[174/1200] ok results/tfcl/confirm/banking_cil/trigger-loss_z-q0.99_s2031.json
[175/1200] ok results/tfcl/confirm/banking_cil/trigger-repr_z-q0.99_s2031.json
[176/1200] ok results/tfcl/confirm/banking_cil/trigger-interf_logit-q0.99_s2031.json
[177/1200] ok results/tfcl/confirm/banking_cil/trigger-fresh_util-q0.99_s2031.json
[178/1200] ok results/tfcl/confirm/banking_cil/trigger-interf_proto-q0.99_s2031.json
[179/1200] ok results/tfcl/confirm/banking_cil/trigger-conflict_z-q0.99_s2031.json
[180/1200] ok results/tfcl/confirm/banking_cil/trigger-label_surprise-q0.99_s2031.json
[181/1200] ok results/tfcl/confirm/banking_cil/frozen_s2032.json
[182/1200] ok results/tfcl/confirm/banking_cil/single_s2032.json
[183/1200] ok results/tfcl/confirm/banking_cil/oracle_s2032.json
[184/1200] ok results/tfcl/confirm/banking_cil/random_s2032.json
[185/1200] ok results/tfcl/confirm/banking_cil/trigger-label_novel-q0.99_s2032.json
[186/1200] ok results/tfcl/confirm/banking_cil/trigger-loss_z-q0.99_s2032.json
[187/1200] ok results/tfcl/confirm/banking_cil/trigger-repr_z-q0.99_s2032.json
[188/1200] ok results/tfcl/confirm/banking_cil/trigger-interf_logit-q0.99_s2032.json
[189/1200] ok results/tfcl/confirm/banking_cil/trigger-fresh_util-q0.99_s2032.json
[190/1200] ok results/tfcl/confirm/banking_cil/trigger-interf_proto-q0.99_s2032.json
[191/1200] ok results/tfcl/confirm/banking_cil/trigger-conflict_z-q0.99_s2032.json
[192/1200] ok results/tfcl/confirm/banking_cil/trigger-label_surprise-q0.99_s2032.json
[193/1200] ok results/tfcl/confirm/banking_cil/frozen_s2033.json
[194/1200] ok results/tfcl/confirm/banking_cil/single_s2033.json
[195/1200] ok results/tfcl/confirm/banking_cil/oracle_s2033.json
[196/1200] ok results/tfcl/confirm/banking_cil/random_s2033.json
[197/1200] ok results/tfcl/confirm/banking_cil/trigger-label_novel-q0.99_s2033.json
[198/1200] ok results/tfcl/confirm/banking_cil/trigger-loss_z-q0.99_s2033.json
[199/1200] ok results/tfcl/confirm/banking_cil/trigger-repr_z-q0.99_s2033.json
[200/1200] ok results/tfcl/confirm/banking_cil/trigger-interf_logit-q0.99_s2033.json
[201/1200] ok results/tfcl/confirm/banking_cil/trigger-fresh_util-q0.99_s2033.json
[202/1200] ok results/tfcl/confirm/banking_cil/trigger-interf_proto-q0.99_s2033.json
[203/1200] ok results/tfcl/confirm/banking_cil/trigger-conflict_z-q0.99_s2033.json
[204/1200] ok results/tfcl/confirm/banking_cil/trigger-label_surprise-q0.99_s2033.json
[205/1200] ok results/tfcl/confirm/banking_cil/frozen_s2034.json
[206/1200] ok results/tfcl/confirm/banking_cil/single_s2034.json
[207/1200] ok results/tfcl/confirm/banking_cil/oracle_s2034.json
[208/1200] ok results/tfcl/confirm/banking_cil/random_s2034.json
[209/1200] ok results/tfcl/confirm/banking_cil/trigger-label_novel-q0.99_s2034.json
[210/1200] ok results/tfcl/confirm/banking_cil/trigger-loss_z-q0.99_s2034.json
[211/1200] ok results/tfcl/confirm/banking_cil/trigger-repr_z-q0.99_s2034.json
[212/1200] ok results/tfcl/confirm/banking_cil/trigger-interf_logit-q0.99_s2034.json
[213/1200] ok results/tfcl/confirm/banking_cil/trigger-fresh_util-q0.99_s2034.json
[214/1200] ok results/tfcl/confirm/banking_cil/trigger-interf_proto-q0.99_s2034.json
[215/1200] ok results/tfcl/confirm/banking_cil/trigger-conflict_z-q0.99_s2034.json
[216/1200] ok results/tfcl/confirm/banking_cil/trigger-label_surprise-q0.99_s2034.json
[217/1200] ok results/tfcl/confirm/banking_cil/frozen_s2035.json
[218/1200] ok results/tfcl/confirm/banking_cil/single_s2035.json
[219/1200] ok results/tfcl/confirm/banking_cil/oracle_s2035.json
[220/1200] ok results/tfcl/confirm/banking_cil/random_s2035.json
[221/1200] ok results/tfcl/confirm/banking_cil/trigger-label_novel-q0.99_s2035.json
[222/1200] ok results/tfcl/confirm/banking_cil/trigger-loss_z-q0.99_s2035.json
[223/1200] ok results/tfcl/confirm/banking_cil/trigger-repr_z-q0.99_s2035.json
[224/1200] ok results/tfcl/confirm/banking_cil/trigger-interf_logit-q0.99_s2035.json
[225/1200] ok results/tfcl/confirm/banking_cil/trigger-fresh_util-q0.99_s2035.json
[226/1200] ok results/tfcl/confirm/banking_cil/trigger-interf_proto-q0.99_s2035.json
[227/1200] ok results/tfcl/confirm/banking_cil/trigger-conflict_z-q0.99_s2035.json
[228/1200] ok results/tfcl/confirm/banking_cil/trigger-label_surprise-q0.99_s2035.json
[229/1200] ok results/tfcl/confirm/banking_cil/frozen_s2036.json
[230/1200] ok results/tfcl/confirm/banking_cil/single_s2036.json
[231/1200] ok results/tfcl/confirm/banking_cil/oracle_s2036.json
[232/1200] ok results/tfcl/confirm/banking_cil/random_s2036.json
[233/1200] ok results/tfcl/confirm/banking_cil/trigger-label_novel-q0.99_s2036.json
[234/1200] ok results/tfcl/confirm/banking_cil/trigger-loss_z-q0.99_s2036.json
[235/1200] ok results/tfcl/confirm/banking_cil/trigger-repr_z-q0.99_s2036.json
[236/1200] ok results/tfcl/confirm/banking_cil/trigger-interf_logit-q0.99_s2036.json
