GPU: NVIDIA GeForce RTX 4090
Loading BANKING77...
Loading weights:   0%|          | 0/100 [00:00<?, ?it/s]Loading weights: 100%|██████████| 100/100 [00:00<00:00, 5898.58it/s]
[transformers] [1mDistilBertForSequenceClassification LOAD REPORT[0m from: distilbert-base-uncased
Key                     | Status     | 
------------------------+------------+-
vocab_layer_norm.weight | UNEXPECTED | 
vocab_projector.bias    | UNEXPECTED | 
vocab_layer_norm.bias   | UNEXPECTED | 
vocab_transform.weight  | UNEXPECTED | 
vocab_transform.bias    | UNEXPECTED | 
classifier.bias         | MISSING    | 
pre_classifier.weight   | MISSING    | 
classifier.weight       | MISSING    | 
pre_classifier.bias     | MISSING    | 

Notes:
- UNEXPECTED:	can be ignored when loading from different task/architecture; not ok if you expect identical arch.
- MISSING:	those params were newly initialized because missing from the checkpoint. Consider training on your downstream task.
baseline epoch=1 memory_acc=0.4062 memory_loss=1.8432
baseline epoch=2 memory_acc=0.8281 memory_loss=0.5668
baseline epoch=3 memory_acc=0.9297 memory_loss=0.2353
baseline epoch=4 memory_acc=0.9453 memory_loss=0.1705
baseline epoch=5 memory_acc=0.9609 memory_loss=0.1632

FROZEN BASELINE memory accuracy = 0.9609
trial=00 familiar_safe      N=+0.0049 G=+0.1369 VI=+0.000029 H=+0.0034 dAcc=-0.0156
trial=00 novel_safe         N=+0.1379 G=+0.1766 VI=+0.000167 H=+0.0132 dAcc=-0.0156
trial=00 familiar_conflict  N=+0.0049 G=+0.0620 VI=+0.000104 H=+0.4138 dAcc=+0.0938
trial=00 novel_conflict     N=+0.1379 G=+0.1169 VI=+0.000304 H=+0.1697 dAcc=+0.0469
trial=01 familiar_safe      N=+0.0049 G=-0.0282 VI=-0.000009 H=+0.0117 dAcc=+0.0000
trial=01 novel_safe         N=+0.1405 G=+0.1387 VI=+0.000119 H=+0.0096 dAcc=-0.0156
trial=01 familiar_conflict  N=+0.0049 G=+0.0494 VI=+0.000104 H=+0.4926 dAcc=+0.1406
trial=01 novel_conflict     N=+0.1405 G=+0.0976 VI=+0.000261 H=+0.2537 dAcc=+0.0625
trial=02 familiar_safe      N=+0.0042 G=-0.0356 VI=-0.000010 H=+0.0300 dAcc=+0.0312
trial=02 novel_safe         N=+0.1360 G=+0.1714 VI=+0.000115 H=+0.0217 dAcc=+0.0156
trial=02 familiar_conflict  N=+0.0042 G=+0.1422 VI=+0.000274 H=+0.7344 dAcc=+0.2656
trial=02 novel_conflict     N=+0.1360 G=+0.1380 VI=+0.000424 H=+0.2259 dAcc=+0.0625
trial=03 familiar_safe      N=+0.0048 G=-0.0353 VI=-0.000011 H=+0.0375 dAcc=+0.0000
trial=03 novel_safe         N=+0.1370 G=+0.1802 VI=+0.000171 H=+0.0279 dAcc=-0.0156
trial=03 familiar_conflict  N=+0.0048 G=+0.0993 VI=+0.000185 H=+0.4200 dAcc=+0.1406
trial=03 novel_conflict     N=+0.1370 G=+0.1592 VI=+0.000422 H=+0.1704 dAcc=+0.0469
trial=04 familiar_safe      N=+0.0031 G=+0.0224 VI=+0.000011 H=+0.0144 dAcc=+0.0156
trial=04 novel_safe         N=+0.1389 G=+0.1313 VI=+0.000112 H=+0.0087 dAcc=-0.0156
trial=04 familiar_conflict  N=+0.0031 G=+0.0980 VI=+0.000172 H=+0.7351 dAcc=+0.2812
trial=04 novel_conflict     N=+0.1389 G=+0.1225 VI=+0.000337 H=+0.1637 dAcc=+0.0312
trial=05 familiar_safe      N=+0.0042 G=-0.0737 VI=-0.000012 H=+0.0061 dAcc=+0.0000
trial=05 novel_safe         N=+0.1336 G=+0.1469 VI=+0.000150 H=+0.0037 dAcc=-0.0156
trial=05 familiar_conflict  N=+0.0042 G=+0.1779 VI=+0.000362 H=+0.8301 dAcc=+0.2812
trial=05 novel_conflict     N=+0.1336 G=+0.2046 VI=+0.000570 H=+0.2941 dAcc=+0.0781
trial=06 familiar_safe      N=+0.0064 G=+0.3410 VI=+0.000082 H=+0.0286 dAcc=+0.0156
trial=06 novel_safe         N=+0.1369 G=+0.2192 VI=+0.000202 H=+0.0403 dAcc=-0.0156
trial=06 familiar_conflict  N=+0.0064 G=+0.0205 VI=+0.000046 H=+0.4268 dAcc=+0.1562
trial=06 novel_conflict     N=+0.1369 G=+0.1107 VI=+0.000298 H=+0.1841 dAcc=+0.0625
trial=07 familiar_safe      N=+0.0050 G=+0.1102 VI=+0.000026 H=+0.0198 dAcc=+0.0000
trial=07 novel_safe         N=+0.1382 G=+0.1764 VI=+0.000178 H=+0.0251 dAcc=-0.0156
trial=07 familiar_conflict  N=+0.0050 G=-0.0471 VI=-0.000100 H=+0.7513 dAcc=+0.2656
trial=07 novel_conflict     N=+0.1382 G=+0.0636 VI=+0.000193 H=+0.1369 dAcc=+0.0469

================================================================================
CONTROLLED 2x2 SUMMARY
================================================================================
                    novelty           grad_conflict           virtual_interference           actual_harm           accuracy_drop          
                       mean       std          mean       std                 mean       std        mean       std          mean       std
condition                                                                                                                                 
familiar_conflict  0.004691  0.000933      0.075279  0.070629             0.000143  0.000141    0.600520  0.177580      0.203125  0.077452
familiar_safe      0.004691  0.000933      0.054723  0.137569             0.000013  0.000033    0.018938  0.012201      0.005859  0.014314
novel_conflict     0.137360  0.002058      0.126629  0.042167             0.000351  0.000117    0.199799  0.053120      0.054688  0.014466
novel_safe         0.137360  0.002058      0.167589  0.028211             0.000152  0.000033    0.018772  0.012191     -0.011719  0.011049

=== FACTOR EFFECTS ===
{
  "novelty_manipulation_effect_on_novelty": 0.13266901671886444,
  "conflict_effect_on_actual_harm": 0.3813042468391359,
  "novelty_effect_on_actual_harm": -0.20044350111857057,
  "conflict_effect_on_grad_conflict": -0.010201702592894435,
  "baseline_memory_accuracy": 0.9609375
}
