INTEGRATION_WAITING_FOR_ALL_THREE_VERIFIED_SAVES 2026-10-07T02:28:54.123265+00:00
INTEGRATION_WAITING_FOR_ALL_THREE_VERIFIED_SAVES 2026-10-07T02:29:24.123499+00:00
INTEGRATION_WAITING_FOR_ALL_THREE_VERIFIED_SAVES 2026-10-07T02:29:54.123795+00:00
INTEGRATION_WAITING_FOR_ALL_THREE_VERIFIED_SAVES 2026-10-07T02:30:24.124091+00:00
INTEGRATION_WAITING_FOR_ALL_THREE_VERIFIED_SAVES 2026-10-07T02:30:54.124357+00:00
INTEGRATION_WAITING_FOR_ALL_THREE_VERIFIED_SAVES 2026-10-07T02:31:24.124599+00:00
INTEGRATION_WAITING_FOR_ALL_THREE_VERIFIED_SAVES 2026-10-07T02:31:54.124862+00:00
INTEGRATION_WAITING_FOR_ALL_THREE_VERIFIED_SAVES 2026-10-07T02:32:24.125157+00:00
INTEGRATION_WAITING_FOR_ALL_THREE_VERIFIED_SAVES 2026-10-07T02:32:54.125406+00:00
INTEGRATION_WAITING_FOR_ALL_THREE_VERIFIED_SAVES 2026-10-07T02:33:24.125629+00:00
INTEGRATION_WAITING_FOR_ALL_THREE_VERIFIED_SAVES 2026-10-07T02:33:54.125842+00:00
INTEGRATION_WAITING_FOR_ALL_THREE_VERIFIED_SAVES 2026-10-07T02:34:24.126093+00:00
INTEGRATION_WAITING_FOR_ALL_THREE_VERIFIED_SAVES 2026-10-07T02:34:54.126292+00:00
INTEGRATION_WAITING_FOR_ALL_THREE_VERIFIED_SAVES 2026-10-07T02:35:24.126520+00:00
INTEGRATION_WAITING_FOR_ALL_THREE_VERIFIED_SAVES 2026-10-07T02:35:54.126765+00:00
INTEGRATION_WAITING_FOR_ALL_THREE_VERIFIED_SAVES 2026-10-07T02:36:24.126985+00:00
INTEGRATION_WAITING_FOR_ALL_THREE_VERIFIED_SAVES 2026-10-07T02:36:54.127220+00:00
INTEGRATION_WAITING_FOR_ALL_THREE_VERIFIED_SAVES 2026-10-07T02:37:24.127490+00:00
INTEGRATION_WAITING_FOR_ALL_THREE_VERIFIED_SAVES 2026-10-07T02:37:54.127724+00:00
INTEGRATION_WAITING_FOR_ALL_THREE_VERIFIED_SAVES 2026-10-07T02:38:24.127965+00:00
INTEGRATION_WAITING_FOR_ALL_THREE_VERIFIED_SAVES 2026-10-07T02:38:54.128185+00:00
INTEGRATION_WAITING_FOR_ALL_THREE_VERIFIED_SAVES 2026-10-07T02:39:24.128427+00:00
INTEGRATION_WAITING_FOR_ALL_THREE_VERIFIED_SAVES 2026-10-07T02:39:54.128667+00:00
INTEGRATION_WAITING_FOR_ALL_THREE_VERIFIED_SAVES 2026-10-07T02:40:24.128970+00:00
INTEGRATION_WAITING_FOR_ALL_THREE_VERIFIED_SAVES 2026-10-07T02:40:54.129193+00:00
INTEGRATION_WAITING_FOR_ALL_THREE_VERIFIED_SAVES 2026-10-07T02:41:24.129379+00:00
INTEGRATION_WAITING_FOR_ALL_THREE_VERIFIED_SAVES 2026-10-07T02:41:54.129587+00:00
INTEGRATION_WAITING_FOR_ALL_THREE_VERIFIED_SAVES 2026-10-07T02:42:24.129796+00:00
INTEGRATION_WAITING_FOR_ALL_THREE_VERIFIED_SAVES 2026-10-07T02:42:54.130049+00:00
INTEGRATION_WAITING_FOR_ALL_THREE_VERIFIED_SAVES 2026-10-07T02:43:24.130293+00:00
INTEGRATION_WAITING_FOR_ALL_THREE_VERIFIED_SAVES 2026-10-07T02:43:54.130520+00:00
INTEGRATION_WAITING_FOR_ALL_THREE_VERIFIED_SAVES 2026-10-07T02:44:24.130737+00:00
INTEGRATION_WAITING_FOR_ALL_THREE_VERIFIED_SAVES 2026-10-07T02:44:54.130940+00:00
INTEGRATION_WAITING_FOR_ALL_THREE_VERIFIED_SAVES 2026-10-07T02:45:24.131195+00:00
INTEGRATION_WAITING_FOR_ALL_THREE_VERIFIED_SAVES 2026-10-07T02:45:54.131466+00:00
INTEGRATION_WAITING_FOR_ALL_THREE_VERIFIED_SAVES 2026-10-07T02:46:24.131750+00:00
INTEGRATION_WAITING_FOR_ALL_THREE_VERIFIED_SAVES 2026-10-07T02:46:54.131977+00:00
INTEGRATION_WAITING_FOR_ALL_THREE_VERIFIED_SAVES 2026-10-07T02:47:24.132217+00:00
INTEGRATION_WAITING_FOR_ALL_THREE_VERIFIED_SAVES 2026-10-07T02:47:54.132470+00:00
INTEGRATION_WAITING_FOR_ALL_THREE_VERIFIED_SAVES 2026-10-07T02:48:24.132715+00:00
INTEGRATION_WAITING_FOR_ALL_THREE_VERIFIED_SAVES 2026-10-07T02:48:54.132997+00:00
INTEGRATION_WAITING_FOR_ALL_THREE_VERIFIED_SAVES 2026-10-07T02:49:24.133227+00:00
INTEGRATION_WAITING_FOR_ALL_THREE_VERIFIED_SAVES 2026-10-07T02:49:54.133425+00:00
INTEGRATION_WAITING_FOR_ALL_THREE_VERIFIED_SAVES 2026-10-07T02:50:24.133675+00:00
INTEGRATION_WAITING_FOR_ALL_THREE_VERIFIED_SAVES 2026-10-07T02:50:54.133969+00:00
INTEGRATION_WAITING_FOR_ALL_THREE_VERIFIED_SAVES 2026-10-07T02:51:24.134229+00:00
INTEGRATION_WAITING_FOR_ALL_THREE_VERIFIED_SAVES 2026-10-07T02:51:54.134498+00:00
INTEGRATION_WAITING_FOR_ALL_THREE_VERIFIED_SAVES 2026-10-07T02:52:24.134705+00:00
INTEGRATION_WAITING_FOR_ALL_THREE_VERIFIED_SAVES 2026-10-07T02:52:54.134916+00:00
INTEGRATION_WAITING_FOR_ALL_THREE_VERIFIED_SAVES 2026-10-07T02:53:24.135121+00:00
INTEGRATION_WAITING_FOR_ALL_THREE_VERIFIED_SAVES 2026-10-07T02:53:54.135377+00:00
INTEGRATION_WAITING_FOR_ALL_THREE_VERIFIED_SAVES 2026-10-07T02:54:24.135623+00:00
INTEGRATION_WAITING_FOR_ALL_THREE_VERIFIED_SAVES 2026-10-07T02:54:54.135957+00:00
INTEGRATION_WAITING_FOR_ALL_THREE_VERIFIED_SAVES 2026-10-07T02:55:24.136186+00:00
INTEGRATION_WAITING_FOR_ALL_THREE_VERIFIED_SAVES 2026-10-07T02:55:54.136395+00:00
INTEGRATION_WAITING_FOR_ALL_THREE_VERIFIED_SAVES 2026-10-07T02:56:24.136608+00:00
INTEGRATION_WAITING_FOR_ALL_THREE_VERIFIED_SAVES 2026-10-07T02:56:54.136853+00:00
INTEGRATION_WAITING_FOR_ALL_THREE_VERIFIED_SAVES 2026-10-07T02:57:24.137118+00:00
INTEGRATION_WAITING_FOR_ALL_THREE_VERIFIED_SAVES 2026-10-07T02:57:54.137326+00:00
INTEGRATION_WAITING_FOR_ALL_THREE_VERIFIED_SAVES 2026-10-07T02:58:24.137554+00:00
INTEGRATION_WAITING_FOR_ALL_THREE_VERIFIED_SAVES 2026-10-07T02:58:54.137813+00:00
INTEGRATION_WAITING_FOR_ALL_THREE_VERIFIED_SAVES 2026-10-07T02:59:24.138153+00:00
INTEGRATION_WAITING_FOR_ALL_THREE_VERIFIED_SAVES 2026-10-07T02:59:54.138415+00:00
INTEGRATION_WAITING_FOR_ALL_THREE_VERIFIED_SAVES 2026-10-07T03:00:24.138746+00:00
INTEGRATION_WAITING_FOR_ALL_THREE_VERIFIED_SAVES 2026-10-07T03:00:54.139003+00:00
INTEGRATION_WAITING_FOR_ALL_THREE_VERIFIED_SAVES 2026-10-07T03:01:24.139222+00:00
INTEGRATION_WAITING_FOR_ALL_THREE_VERIFIED_SAVES 2026-10-07T03:01:54.139469+00:00
INTEGRATION_WAITING_FOR_ALL_THREE_VERIFIED_SAVES 2026-10-07T03:02:24.139744+00:00
INTEGRATION_WAITING_FOR_ALL_THREE_VERIFIED_SAVES 2026-10-07T03:02:54.140021+00:00
INTEGRATION_WAITING_FOR_ALL_THREE_VERIFIED_SAVES 2026-10-07T03:03:24.140490+00:00
INTEGRATION_WAITING_FOR_ALL_THREE_VERIFIED_SAVES 2026-10-07T03:03:54.140780+00:00
INTEGRATION_WAITING_FOR_ALL_THREE_VERIFIED_SAVES 2026-10-07T03:04:24.141081+00:00
INTEGRATION_WAITING_FOR_ALL_THREE_VERIFIED_SAVES 2026-10-07T03:04:54.141339+00:00
INTEGRATION_WAITING_FOR_ALL_THREE_VERIFIED_SAVES 2026-10-07T03:05:24.141594+00:00
INTEGRATION_WAITING_FOR_ALL_THREE_VERIFIED_SAVES 2026-10-07T03:05:54.141858+00:00
INTEGRATION_WAITING_FOR_ALL_THREE_VERIFIED_SAVES 2026-10-07T03:06:24.142134+00:00
INTEGRATION_WAITING_FOR_ALL_THREE_VERIFIED_SAVES 2026-10-07T03:06:54.142410+00:00
INTEGRATION_WAITING_FOR_ALL_THREE_VERIFIED_SAVES 2026-10-07T03:07:24.142675+00:00
INTEGRATION_WAITING_FOR_ALL_THREE_VERIFIED_SAVES 2026-10-07T03:07:54.142944+00:00
INTEGRATION_WAITING_FOR_ALL_THREE_VERIFIED_SAVES 2026-10-07T03:08:24.143161+00:00
INTEGRATION_WAITING_FOR_ALL_THREE_VERIFIED_SAVES 2026-10-07T03:08:54.144997+00:00
INTEGRATION_WAITING_FOR_ALL_THREE_VERIFIED_SAVES 2026-10-07T03:09:24.146637+00:00
INTEGRATION_WAITING_FOR_ALL_THREE_VERIFIED_SAVES 2026-10-07T03:09:54.148114+00:00
INTEGRATION_WAITING_FOR_ALL_THREE_VERIFIED_SAVES 2026-10-07T03:10:24.149571+00:00
INTEGRATION_WAITING_FOR_ALL_THREE_VERIFIED_SAVES 2026-10-07T03:10:54.151033+00:00
INTEGRATION_WAITING_FOR_ALL_THREE_VERIFIED_SAVES 2026-10-07T03:11:24.152423+00:00
INTEGRATION_WAITING_FOR_ALL_THREE_VERIFIED_SAVES 2026-10-07T03:11:54.153818+00:00
INTEGRATION_WAITING_FOR_ALL_THREE_VERIFIED_SAVES 2026-10-07T03:12:24.155338+00:00
INTEGRATION_WAITING_FOR_ALL_THREE_VERIFIED_SAVES 2026-10-07T03:12:54.156735+00:00
INTEGRATION_WAITING_FOR_ALL_THREE_VERIFIED_SAVES 2026-10-07T03:13:24.158176+00:00
INTEGRATION_WAITING_FOR_ALL_THREE_VERIFIED_SAVES 2026-10-07T03:13:54.159676+00:00
INTEGRATION_WAITING_FOR_ALL_THREE_VERIFIED_SAVES 2026-10-07T03:14:24.161164+00:00
INTEGRATION_WAITING_FOR_ALL_THREE_VERIFIED_SAVES 2026-10-07T03:14:54.162536+00:00
INTEGRATION_WAITING_FOR_ALL_THREE_VERIFIED_SAVES 2026-10-07T03:15:24.164029+00:00
INTEGRATION_WAITING_FOR_ALL_THREE_VERIFIED_SAVES 2026-10-07T03:15:54.165474+00:00
INTEGRATION_WAITING_FOR_ALL_THREE_VERIFIED_SAVES 2026-10-07T03:16:24.166892+00:00
INTEGRATION_WAITING_FOR_ALL_THREE_VERIFIED_SAVES 2026-10-07T03:16:54.168359+00:00
INTEGRATION_WAITING_FOR_ALL_THREE_VERIFIED_SAVES 2026-10-07T03:17:24.169447+00:00
INTEGRATION_WAITING_FOR_ALL_THREE_VERIFIED_SAVES 2026-10-07T03:17:54.170901+00:00
INTEGRATION_WAITING_FOR_ALL_THREE_VERIFIED_SAVES 2026-10-07T03:18:24.172165+00:00
INTEGRATION_WAITING_FOR_ALL_THREE_VERIFIED_SAVES 2026-10-07T03:18:54.173647+00:00
INTEGRATION_WAITING_FOR_ALL_THREE_VERIFIED_SAVES 2026-10-07T03:19:24.175073+00:00
INTEGRATION_WAITING_FOR_ALL_THREE_VERIFIED_SAVES 2026-10-07T03:19:54.176502+00:00
INTEGRATION_WAITING_FOR_ALL_THREE_VERIFIED_SAVES 2026-10-07T03:20:24.177951+00:00
INTEGRATION_WAITING_FOR_ALL_THREE_VERIFIED_SAVES 2026-10-07T03:20:54.179395+00:00
INTEGRATION_WAITING_FOR_ALL_THREE_VERIFIED_SAVES 2026-10-07T03:21:24.180919+00:00
INTEGRATION_WAITING_FOR_ALL_THREE_VERIFIED_SAVES 2026-10-07T03:21:54.182318+00:00
INTEGRATION_WAITING_FOR_ALL_THREE_VERIFIED_SAVES 2026-10-07T03:22:24.183743+00:00
INTEGRATION_WAITING_FOR_ALL_THREE_VERIFIED_SAVES 2026-10-07T03:22:54.185229+00:00
INTEGRATION_WAITING_FOR_ALL_THREE_VERIFIED_SAVES 2026-10-07T03:23:24.186710+00:00
INTEGRATION_WAITING_FOR_ALL_THREE_VERIFIED_SAVES 2026-10-07T03:23:54.188155+00:00
INTEGRATION_WAITING_FOR_ALL_THREE_VERIFIED_SAVES 2026-10-07T03:24:24.189627+00:00
INTEGRATION_WAITING_FOR_ALL_THREE_VERIFIED_SAVES 2026-10-07T03:24:54.191093+00:00
INTEGRATION_WAITING_FOR_ALL_THREE_VERIFIED_SAVES 2026-10-07T03:25:24.192562+00:00
INTEGRATION_WAITING_FOR_ALL_THREE_VERIFIED_SAVES 2026-10-07T03:25:54.194032+00:00
INTEGRATION_WAITING_FOR_ALL_THREE_VERIFIED_SAVES 2026-10-07T03:26:24.195475+00:00
INTEGRATION_WAITING_FOR_ALL_THREE_VERIFIED_SAVES 2026-10-07T03:26:54.196980+00:00
INTEGRATION_WAITING_FOR_ALL_THREE_VERIFIED_SAVES 2026-10-07T03:27:24.198451+00:00
INTEGRATION_WAITING_FOR_ALL_THREE_VERIFIED_SAVES 2026-10-07T03:27:54.199364+00:00
INTEGRATION_WAITING_FOR_ALL_THREE_VERIFIED_SAVES 2026-10-07T03:28:24.200855+00:00
INTEGRATION_WAITING_FOR_ALL_THREE_VERIFIED_SAVES 2026-10-07T03:28:54.202268+00:00
INTEGRATION_WAITING_FOR_ALL_THREE_VERIFIED_SAVES 2026-10-07T03:29:24.203244+00:00
INTEGRATION_WAITING_FOR_ALL_THREE_VERIFIED_SAVES 2026-10-07T03:29:54.204658+00:00
INTEGRATION_WAITING_FOR_ALL_THREE_VERIFIED_SAVES 2026-10-07T03:30:24.205604+00:00
INTEGRATION_WAITING_FOR_ALL_THREE_VERIFIED_SAVES 2026-10-07T03:30:54.207121+00:00
INTEGRATION_WAITING_FOR_ALL_THREE_VERIFIED_SAVES 2026-10-07T03:31:24.207988+00:00
INTEGRATION_WAITING_FOR_ALL_THREE_VERIFIED_SAVES 2026-10-07T03:31:54.209367+00:00
INTEGRATION_WAITING_FOR_ALL_THREE_VERIFIED_SAVES 2026-10-07T03:32:24.210568+00:00
INTEGRATION_WAITING_FOR_ALL_THREE_VERIFIED_SAVES 2026-10-07T03:32:54.211997+00:00
INTEGRATION_WAITING_FOR_ALL_THREE_VERIFIED_SAVES 2026-10-07T03:33:24.213441+00:00
INTEGRATION_WAITING_FOR_ALL_THREE_VERIFIED_SAVES 2026-10-07T03:33:54.214902+00:00
INTEGRATION_WAITING_FOR_ALL_THREE_VERIFIED_SAVES 2026-10-07T03:34:24.216353+00:00
INTEGRATION_WAITING_FOR_ALL_THREE_VERIFIED_SAVES 2026-10-07T03:34:54.217827+00:00
INTEGRATION_WAITING_FOR_ALL_THREE_VERIFIED_SAVES 2026-10-07T03:35:24.219274+00:00
INTEGRATION_WAITING_FOR_ALL_THREE_VERIFIED_SAVES 2026-10-07T03:35:54.220718+00:00
INTEGRATION_WAITING_FOR_ALL_THREE_VERIFIED_SAVES 2026-10-07T03:36:24.222134+00:00
INTEGRATION_WAITING_FOR_ALL_THREE_VERIFIED_SAVES 2026-10-07T03:36:54.223588+00:00
INTEGRATION_WAITING_FOR_ALL_THREE_VERIFIED_SAVES 2026-10-07T03:37:24.225105+00:00
INTEGRATION_WAITING_FOR_ALL_THREE_VERIFIED_SAVES 2026-10-07T03:37:54.226718+00:00
INTEGRATION_WAITING_FOR_ALL_THREE_VERIFIED_SAVES 2026-10-07T03:38:24.228208+00:00
INTEGRATION_WAITING_FOR_ALL_THREE_VERIFIED_SAVES 2026-10-07T03:38:54.229706+00:00
INTEGRATION_WAITING_FOR_ALL_THREE_VERIFIED_SAVES 2026-10-07T03:39:24.231253+00:00
INTEGRATION_WAITING_FOR_ALL_THREE_VERIFIED_SAVES 2026-10-07T03:39:54.232708+00:00
INTEGRATION_WAITING_FOR_ALL_THREE_VERIFIED_SAVES 2026-10-07T03:40:24.234316+00:00
INTEGRATION_WAITING_FOR_ALL_THREE_VERIFIED_SAVES 2026-10-07T03:40:54.235810+00:00
INTEGRATION_WAITING_FOR_ALL_THREE_VERIFIED_SAVES 2026-10-07T03:41:24.237570+00:00
INTEGRATION_WAITING_FOR_ALL_THREE_VERIFIED_SAVES 2026-10-07T03:41:54.238999+00:00
INTEGRATION_WAITING_FOR_ALL_THREE_VERIFIED_SAVES 2026-10-07T03:42:24.240464+00:00
INTEGRATION_WAITING_FOR_ALL_THREE_VERIFIED_SAVES 2026-10-07T03:42:54.242013+00:00
INTEGRATION_WAITING_FOR_ALL_THREE_VERIFIED_SAVES 2026-10-07T03:43:24.243500+00:00
INTEGRATION_WAITING_FOR_ALL_THREE_VERIFIED_SAVES 2026-10-07T03:43:54.244674+00:00
INTEGRATION_WAITING_FOR_ALL_THREE_VERIFIED_SAVES 2026-10-07T03:44:24.245866+00:00
INTEGRATION_WAITING_FOR_ALL_THREE_VERIFIED_SAVES 2026-10-07T03:44:54.246727+00:00
INTEGRATION_WAITING_FOR_ALL_THREE_VERIFIED_SAVES 2026-10-07T03:45:24.247585+00:00
INTEGRATION_WAITING_FOR_ALL_THREE_VERIFIED_SAVES 2026-10-07T03:45:54.249032+00:00
INTEGRATION_WAITING_FOR_ALL_THREE_VERIFIED_SAVES 2026-10-07T03:46:24.250477+00:00
INTEGRATION_WAITING_FOR_ALL_THREE_VERIFIED_SAVES 2026-10-07T03:46:54.251967+00:00
INTEGRATION_WAITING_FOR_ALL_THREE_VERIFIED_SAVES 2026-10-07T03:47:24.253485+00:00
INTEGRATION_WAITING_FOR_ALL_THREE_VERIFIED_SAVES 2026-10-07T03:47:54.254981+00:00
INTEGRATION_WAITING_FOR_ALL_THREE_VERIFIED_SAVES 2026-10-07T03:48:24.256476+00:00
INTEGRATION_WAITING_FOR_ALL_THREE_VERIFIED_SAVES 2026-10-07T03:48:54.258012+00:00
INTEGRATION_WAITING_FOR_ALL_THREE_VERIFIED_SAVES 2026-10-07T03:49:24.259743+00:00
INTEGRATION_WAITING_FOR_ALL_THREE_VERIFIED_SAVES 2026-10-07T03:49:54.261225+00:00
INTEGRATION_WAITING_FOR_ALL_THREE_VERIFIED_SAVES 2026-10-07T03:50:24.262669+00:00
INTEGRATION_WAITING_FOR_ALL_THREE_VERIFIED_SAVES 2026-10-07T03:50:54.264177+00:00
INTEGRATION_WAITING_FOR_ALL_THREE_VERIFIED_SAVES 2026-10-07T03:51:24.265423+00:00
INTEGRATION_WAITING_FOR_ALL_THREE_VERIFIED_SAVES 2026-10-07T03:51:54.266868+00:00
INTEGRATION_WAITING_FOR_ALL_THREE_VERIFIED_SAVES 2026-10-07T03:52:24.268752+00:00
INTEGRATION_WAITING_FOR_ALL_THREE_VERIFIED_SAVES 2026-10-07T03:52:54.270244+00:00
INTEGRATION_WAITING_FOR_ALL_THREE_VERIFIED_SAVES 2026-10-07T03:53:24.271764+00:00
INTEGRATION_WAITING_FOR_ALL_THREE_VERIFIED_SAVES 2026-10-07T03:53:54.273250+00:00
INTEGRATION_WAITING_FOR_ALL_THREE_VERIFIED_SAVES 2026-10-07T03:54:24.274498+00:00
INTEGRATION_WAITING_FOR_ALL_THREE_VERIFIED_SAVES 2026-10-07T03:54:54.275697+00:00
INTEGRATION_WAITING_FOR_ALL_THREE_VERIFIED_SAVES 2026-10-07T03:55:24.277175+00:00
INTEGRATION_WAITING_FOR_ALL_THREE_VERIFIED_SAVES 2026-10-07T03:55:54.278622+00:00
INTEGRATION_WAITING_FOR_ALL_THREE_VERIFIED_SAVES 2026-10-07T03:56:24.280093+00:00
INTEGRATION_WAITING_FOR_ALL_THREE_VERIFIED_SAVES 2026-10-07T03:56:54.281835+00:00
INTEGRATION_WAITING_FOR_ALL_THREE_VERIFIED_SAVES 2026-10-07T03:57:24.283344+00:00
INTEGRATION_WAITING_FOR_ALL_THREE_VERIFIED_SAVES 2026-10-07T03:57:54.285091+00:00
INTEGRATION_WAITING_FOR_ALL_THREE_VERIFIED_SAVES 2026-10-07T03:58:24.286565+00:00
INTEGRATION_WAITING_FOR_ALL_THREE_VERIFIED_SAVES 2026-10-07T03:58:54.288166+00:00
INTEGRATION_WAITING_FOR_ALL_THREE_VERIFIED_SAVES 2026-10-07T03:59:24.289624+00:00
INTEGRATION_WAITING_FOR_ALL_THREE_VERIFIED_SAVES 2026-10-07T03:59:54.291108+00:00
INTEGRATION_WAITING_FOR_ALL_THREE_VERIFIED_SAVES 2026-10-07T04:00:24.292583+00:00
INTEGRATION_WAITING_FOR_ALL_THREE_VERIFIED_SAVES 2026-10-07T04:00:54.294050+00:00
INTEGRATION_WAITING_FOR_ALL_THREE_VERIFIED_SAVES 2026-10-07T04:01:24.295503+00:00
INTEGRATION_WAITING_FOR_ALL_THREE_VERIFIED_SAVES 2026-10-07T04:01:54.296958+00:00
INTEGRATION_WAITING_FOR_ALL_THREE_VERIFIED_SAVES 2026-10-07T04:02:24.298462+00:00
INTEGRATION_WAITING_FOR_ALL_THREE_VERIFIED_SAVES 2026-10-07T04:02:54.299992+00:00
INTEGRATION_WAITING_FOR_ALL_THREE_VERIFIED_SAVES 2026-10-07T04:03:24.301481+00:00
INTEGRATION_WAITING_FOR_ALL_THREE_VERIFIED_SAVES 2026-10-07T04:03:54.302951+00:00
INTEGRATION_WAITING_FOR_ALL_THREE_VERIFIED_SAVES 2026-10-07T04:04:24.304449+00:00
INTEGRATION_WAITING_FOR_ALL_THREE_VERIFIED_SAVES 2026-10-07T04:04:54.305853+00:00
INTEGRATION_WAITING_FOR_ALL_THREE_VERIFIED_SAVES 2026-10-07T04:05:24.307361+00:00
INTEGRATION_WAITING_FOR_ALL_THREE_VERIFIED_SAVES 2026-10-07T04:05:54.308845+00:00
INTEGRATION_WAITING_FOR_ALL_THREE_VERIFIED_SAVES 2026-10-07T04:06:24.310301+00:00
INTEGRATION_WAITING_FOR_ALL_THREE_VERIFIED_SAVES 2026-10-07T04:06:54.311858+00:00
INTEGRATION_WAITING_FOR_ALL_THREE_VERIFIED_SAVES 2026-10-07T04:07:24.313345+00:00
INTEGRATION_WAITING_FOR_ALL_THREE_VERIFIED_SAVES 2026-10-07T04:07:54.314842+00:00
INTEGRATION_WAITING_FOR_ALL_THREE_VERIFIED_SAVES 2026-10-07T04:08:24.316291+00:00
INTEGRATION_WAITING_FOR_ALL_THREE_VERIFIED_SAVES 2026-10-07T04:08:54.317832+00:00
INTEGRATION_WAITING_FOR_ALL_THREE_VERIFIED_SAVES 2026-10-07T04:09:24.319294+00:00
INTEGRATION_WAITING_FOR_ALL_THREE_VERIFIED_SAVES 2026-10-07T04:09:54.320791+00:00
INTEGRATION_WAITING_FOR_ALL_THREE_VERIFIED_SAVES 2026-10-07T04:10:24.322232+00:00
INTEGRATION_WAITING_FOR_ALL_THREE_VERIFIED_SAVES 2026-10-07T04:10:54.323671+00:00
INTEGRATION_WAITING_FOR_ALL_THREE_VERIFIED_SAVES 2026-10-07T04:11:24.325415+00:00
INTEGRATION_WAITING_FOR_ALL_THREE_VERIFIED_SAVES 2026-10-07T04:11:54.326900+00:00
INTEGRATION_WAITING_FOR_ALL_THREE_VERIFIED_SAVES 2026-10-07T04:12:24.328477+00:00
INTEGRATION_WAITING_FOR_ALL_THREE_VERIFIED_SAVES 2026-10-07T04:12:54.329947+00:00
INTEGRATION_WAITING_FOR_ALL_THREE_VERIFIED_SAVES 2026-10-07T04:13:24.331503+00:00
INTEGRATION_WAITING_FOR_ALL_THREE_VERIFIED_SAVES 2026-10-07T04:13:54.332982+00:00
INTEGRATION_WAITING_FOR_ALL_THREE_VERIFIED_SAVES 2026-10-07T04:14:24.334497+00:00
INTEGRATION_WAITING_FOR_ALL_THREE_VERIFIED_SAVES 2026-10-07T04:14:54.336276+00:00
INTEGRATION_WAITING_FOR_ALL_THREE_VERIFIED_SAVES 2026-10-07T04:15:24.337721+00:00
INTEGRATION_WAITING_FOR_ALL_THREE_VERIFIED_SAVES 2026-10-07T04:15:54.339194+00:00
INTEGRATION_WAITING_FOR_ALL_THREE_VERIFIED_SAVES 2026-10-07T04:16:24.340658+00:00
INTEGRATION_WAITING_FOR_ALL_THREE_VERIFIED_SAVES 2026-10-07T04:16:54.342155+00:00
INTEGRATION_WAITING_FOR_ALL_THREE_VERIFIED_SAVES 2026-10-07T04:17:24.343644+00:00
INTEGRATION_WAITING_FOR_ALL_THREE_VERIFIED_SAVES 2026-10-07T04:17:54.345083+00:00
INTEGRATION_WAITING_FOR_ALL_THREE_VERIFIED_SAVES 2026-10-07T04:18:24.346580+00:00
INTEGRATION_WAITING_FOR_ALL_THREE_VERIFIED_SAVES 2026-10-07T04:18:54.348154+00:00
INTEGRATION_WAITING_FOR_ALL_THREE_VERIFIED_SAVES 2026-10-07T04:19:24.349885+00:00
INTEGRATION_WAITING_FOR_ALL_THREE_VERIFIED_SAVES 2026-10-07T04:19:54.351455+00:00
INTEGRATION_WAITING_FOR_ALL_THREE_VERIFIED_SAVES 2026-10-07T04:20:24.352594+00:00
INTEGRATION_WAITING_FOR_ALL_THREE_VERIFIED_SAVES 2026-10-07T04:20:54.353769+00:00
INTEGRATION_WAITING_FOR_ALL_THREE_VERIFIED_SAVES 2026-10-07T04:21:24.355230+00:00
INTEGRATION_WAITING_FOR_ALL_THREE_VERIFIED_SAVES 2026-10-07T04:21:54.356465+00:00
INTEGRATION_WAITING_FOR_ALL_THREE_VERIFIED_SAVES 2026-10-07T04:22:24.357884+00:00
INTEGRATION_WAITING_FOR_ALL_THREE_VERIFIED_SAVES 2026-10-07T04:22:54.358984+00:00
INTEGRATION_WAITING_FOR_ALL_THREE_VERIFIED_SAVES 2026-10-07T04:23:24.360491+00:00
INTEGRATION_WAITING_FOR_ALL_THREE_VERIFIED_SAVES 2026-10-07T04:23:54.361983+00:00
INTEGRATION_WAITING_FOR_ALL_THREE_VERIFIED_SAVES 2026-10-07T04:24:24.363485+00:00
INTEGRATION_WAITING_FOR_ALL_THREE_VERIFIED_SAVES 2026-10-07T04:24:54.364920+00:00
INTEGRATION_WAITING_FOR_ALL_THREE_VERIFIED_SAVES 2026-10-07T04:25:24.366453+00:00
INTEGRATION_WAITING_FOR_ALL_THREE_VERIFIED_SAVES 2026-10-07T04:25:54.367921+00:00
INTEGRATION_WAITING_FOR_ALL_THREE_VERIFIED_SAVES 2026-10-07T04:26:24.369462+00:00
INTEGRATION_WAITING_FOR_ALL_THREE_VERIFIED_SAVES 2026-10-07T04:26:54.370974+00:00
INTEGRATION_WAITING_FOR_ALL_THREE_VERIFIED_SAVES 2026-10-07T04:27:24.372445+00:00
INTEGRATION_WAITING_FOR_ALL_THREE_VERIFIED_SAVES 2026-10-07T04:27:54.373357+00:00
INTEGRATION_WAITING_FOR_ALL_THREE_VERIFIED_SAVES 2026-10-07T04:28:24.374268+00:00
INTEGRATION_WAITING_FOR_ALL_THREE_VERIFIED_SAVES 2026-10-07T04:28:54.375718+00:00
INTEGRATION_WAITING_FOR_ALL_THREE_VERIFIED_SAVES 2026-10-07T04:29:24.377199+00:00
INTEGRATION_WAITING_FOR_ALL_THREE_VERIFIED_SAVES 2026-10-07T04:29:54.378147+00:00
INTEGRATION_WAITING_FOR_ALL_THREE_VERIFIED_SAVES 2026-10-07T04:30:24.379971+00:00
INTEGRATION_WAITING_FOR_ALL_THREE_VERIFIED_SAVES 2026-10-07T04:30:54.381438+00:00
INTEGRATION_WAITING_FOR_ALL_THREE_VERIFIED_SAVES 2026-10-07T04:31:24.382909+00:00
INTEGRATION_WAITING_FOR_ALL_THREE_VERIFIED_SAVES 2026-10-07T04:31:54.384769+00:00
INTEGRATION_WAITING_FOR_ALL_THREE_VERIFIED_SAVES 2026-10-07T04:32:24.386324+00:00
INTEGRATION_WAITING_FOR_ALL_THREE_VERIFIED_SAVES 2026-10-07T04:32:54.387555+00:00
INTEGRATION_WAITING_FOR_ALL_THREE_VERIFIED_SAVES 2026-10-07T04:33:24.389006+00:00
INTEGRATION_WAITING_FOR_ALL_THREE_VERIFIED_SAVES 2026-10-07T04:33:54.390532+00:00
INTEGRATION_WAITING_FOR_ALL_THREE_VERIFIED_SAVES 2026-10-07T04:34:24.392043+00:00
INTEGRATION_WAITING_FOR_ALL_THREE_VERIFIED_SAVES 2026-10-07T04:34:54.393910+00:00
INTEGRATION_WAITING_FOR_ALL_THREE_VERIFIED_SAVES 2026-10-07T04:35:24.395397+00:00
INTEGRATION_WAITING_FOR_ALL_THREE_VERIFIED_SAVES 2026-10-07T04:35:54.396848+00:00
INTEGRATION_WAITING_FOR_ALL_THREE_VERIFIED_SAVES 2026-10-07T04:36:24.398361+00:00
INTEGRATION_WAITING_FOR_ALL_THREE_VERIFIED_SAVES 2026-10-07T04:36:54.399821+00:00
INTEGRATION_WAITING_FOR_ALL_THREE_VERIFIED_SAVES 2026-10-07T04:37:24.401317+00:00
INTEGRATION_WAITING_FOR_ALL_THREE_VERIFIED_SAVES 2026-10-07T04:37:54.402836+00:00
INTEGRATION_WAITING_FOR_ALL_THREE_VERIFIED_SAVES 2026-10-07T04:38:24.403811+00:00
INTEGRATION_WAITING_FOR_ALL_THREE_VERIFIED_SAVES 2026-10-07T04:38:54.405348+00:00
INTEGRATION_WAITING_FOR_ALL_THREE_VERIFIED_SAVES 2026-10-07T04:39:24.406880+00:00
INTEGRATION_WAITING_FOR_ALL_THREE_VERIFIED_SAVES 2026-10-07T04:39:54.408431+00:00
INTEGRATION_WAITING_FOR_ALL_THREE_VERIFIED_SAVES 2026-10-07T04:40:24.409510+00:00
INTEGRATION_WAITING_FOR_ALL_THREE_VERIFIED_SAVES 2026-10-07T04:40:54.411083+00:00
INTEGRATION_WAITING_FOR_ALL_THREE_VERIFIED_SAVES 2026-10-07T04:41:24.412666+00:00
INTEGRATION_WAITING_FOR_ALL_THREE_VERIFIED_SAVES 2026-10-07T04:41:54.413939+00:00
INTEGRATION_WAITING_FOR_ALL_THREE_VERIFIED_SAVES 2026-10-07T04:42:24.415415+00:00
INTEGRATION_WAITING_FOR_ALL_THREE_VERIFIED_SAVES 2026-10-07T04:42:54.416868+00:00
INTEGRATION_WAITING_FOR_ALL_THREE_VERIFIED_SAVES 2026-10-07T04:43:24.418378+00:00
INTEGRATION_WAITING_FOR_ALL_THREE_VERIFIED_SAVES 2026-10-07T04:43:54.419267+00:00
INTEGRATION_WAITING_FOR_ALL_THREE_VERIFIED_SAVES 2026-10-07T04:44:24.420740+00:00
INTEGRATION_WAITING_FOR_ALL_THREE_VERIFIED_SAVES 2026-10-07T04:44:54.422296+00:00
INTEGRATION_WAITING_FOR_ALL_THREE_VERIFIED_SAVES 2026-10-07T04:45:24.423776+00:00
INTEGRATION_WAITING_FOR_ALL_THREE_VERIFIED_SAVES 2026-10-07T04:45:54.425325+00:00
INTEGRATION_WAITING_FOR_ALL_THREE_VERIFIED_SAVES 2026-10-07T04:46:24.426821+00:00
INTEGRATION_WAITING_FOR_ALL_THREE_VERIFIED_SAVES 2026-10-07T04:46:54.428331+00:00
INTEGRATION_WAITING_FOR_ALL_THREE_VERIFIED_SAVES 2026-10-07T04:47:24.429802+00:00
INTEGRATION_WAITING_FOR_ALL_THREE_VERIFIED_SAVES 2026-10-07T04:47:54.430999+00:00
INTEGRATION_WAITING_FOR_ALL_THREE_VERIFIED_SAVES 2026-10-07T04:48:24.432587+00:00
INTEGRATION_WAITING_FOR_ALL_THREE_VERIFIED_SAVES 2026-10-07T04:48:54.434074+00:00
INTEGRATION_WAITING_FOR_ALL_THREE_VERIFIED_SAVES 2026-10-07T04:49:24.435551+00:00
INTEGRATION_WAITING_FOR_ALL_THREE_VERIFIED_SAVES 2026-10-07T04:49:54.437032+00:00
INTEGRATION_WAITING_FOR_ALL_THREE_VERIFIED_SAVES 2026-10-07T04:50:24.438563+00:00
INTEGRATION_WAITING_FOR_ALL_THREE_VERIFIED_SAVES 2026-10-07T04:50:54.439976+00:00
INTEGRATION_WAITING_FOR_ALL_THREE_VERIFIED_SAVES 2026-10-07T04:51:24.441499+00:00
INTEGRATION_WAITING_FOR_ALL_THREE_VERIFIED_SAVES 2026-10-07T04:51:54.443033+00:00
INTEGRATION_WAITING_FOR_ALL_THREE_VERIFIED_SAVES 2026-10-07T04:52:24.443976+00:00
INTEGRATION_WAITING_FOR_ALL_THREE_VERIFIED_SAVES 2026-10-07T04:52:54.445451+00:00
INTEGRATION_WAITING_FOR_ALL_THREE_VERIFIED_SAVES 2026-10-07T04:53:24.446914+00:00
INTEGRATION_WAITING_FOR_ALL_THREE_VERIFIED_SAVES 2026-10-07T04:53:54.448373+00:00
INTEGRATION_WAITING_FOR_ALL_THREE_VERIFIED_SAVES 2026-10-07T04:54:24.450152+00:00
INTEGRATION_WAITING_FOR_ALL_THREE_VERIFIED_SAVES 2026-10-07T04:54:54.451335+00:00
INTEGRATION_WAITING_FOR_ALL_THREE_VERIFIED_SAVES 2026-10-07T04:55:24.452828+00:00
INTEGRATION_WAITING_FOR_ALL_THREE_VERIFIED_SAVES 2026-10-07T04:55:54.454345+00:00
INTEGRATION_WAITING_FOR_ALL_THREE_VERIFIED_SAVES 2026-10-07T04:56:24.455330+00:00
INTEGRATION_WAITING_FOR_ALL_THREE_VERIFIED_SAVES 2026-10-07T04:56:54.456786+00:00
INTEGRATION_WAITING_FOR_ALL_THREE_VERIFIED_SAVES 2026-10-07T04:57:24.458320+00:00
INTEGRATION_WAITING_FOR_ALL_THREE_VERIFIED_SAVES 2026-10-07T04:57:54.459827+00:00
INTEGRATION_WAITING_FOR_ALL_THREE_VERIFIED_SAVES 2026-10-07T04:58:24.461130+00:00
INTEGRATION_WAITING_FOR_ALL_THREE_VERIFIED_SAVES 2026-10-07T04:58:54.462616+00:00
INTEGRATION_WAITING_FOR_ALL_THREE_VERIFIED_SAVES 2026-10-07T04:59:24.464070+00:00
INTEGRATION_WAITING_FOR_ALL_THREE_VERIFIED_SAVES 2026-10-07T04:59:54.465277+00:00
INTEGRATION_WAITING_FOR_ALL_THREE_VERIFIED_SAVES 2026-10-07T05:00:24.466768+00:00
INTEGRATION_WAITING_FOR_ALL_THREE_VERIFIED_SAVES 2026-10-07T05:00:54.468213+00:00
INTEGRATION_WAITING_FOR_ALL_THREE_VERIFIED_SAVES 2026-10-07T05:01:24.469757+00:00
INTEGRATION_WAITING_FOR_ALL_THREE_VERIFIED_SAVES 2026-10-07T05:01:54.471184+00:00
INTEGRATION_WAITING_FOR_ALL_THREE_VERIFIED_SAVES 2026-10-07T05:02:24.472669+00:00
INTEGRATION_WAITING_FOR_ALL_THREE_VERIFIED_SAVES 2026-10-07T05:02:54.474177+00:00
INTEGRATION_WAITING_FOR_ALL_THREE_VERIFIED_SAVES 2026-10-07T05:03:24.475706+00:00
INTEGRATION_WAITING_FOR_ALL_THREE_VERIFIED_SAVES 2026-10-07T05:03:54.477006+00:00
INTEGRATION_WAITING_FOR_ALL_THREE_VERIFIED_SAVES 2026-10-07T05:04:24.478504+00:00
INTEGRATION_WAITING_FOR_ALL_THREE_VERIFIED_SAVES 2026-10-07T05:04:54.480037+00:00
INTEGRATION_WAITING_FOR_ALL_THREE_VERIFIED_SAVES 2026-10-07T05:05:24.481563+00:00
INTEGRATION_WAITING_FOR_ALL_THREE_VERIFIED_SAVES 2026-10-07T05:05:54.483086+00:00
INTEGRATION_WAITING_FOR_ALL_THREE_VERIFIED_SAVES 2026-10-07T05:06:24.484511+00:00
INTEGRATION_WAITING_FOR_ALL_THREE_VERIFIED_SAVES 2026-10-07T05:06:54.486521+00:00
INTEGRATION_WAITING_FOR_ALL_THREE_VERIFIED_SAVES 2026-10-07T05:07:24.488040+00:00
INTEGRATION_WAITING_FOR_ALL_THREE_VERIFIED_SAVES 2026-10-07T05:07:54.489503+00:00
INTEGRATION_WAITING_FOR_ALL_THREE_VERIFIED_SAVES 2026-10-07T05:08:24.491030+00:00
INTEGRATION_WAITING_FOR_ALL_THREE_VERIFIED_SAVES 2026-10-07T05:08:54.492495+00:00
INTEGRATION_WAITING_FOR_ALL_THREE_VERIFIED_SAVES 2026-10-07T05:09:24.494030+00:00
INTEGRATION_WAITING_FOR_ALL_THREE_VERIFIED_SAVES 2026-10-07T05:09:54.495519+00:00
INTEGRATION_WAITING_FOR_ALL_THREE_VERIFIED_SAVES 2026-10-07T05:10:24.497107+00:00
INTEGRATION_WAITING_FOR_ALL_THREE_VERIFIED_SAVES 2026-10-07T05:10:54.498567+00:00
INTEGRATION_WAITING_FOR_ALL_THREE_VERIFIED_SAVES 2026-10-07T05:11:24.500077+00:00
INTEGRATION_WAITING_FOR_ALL_THREE_VERIFIED_SAVES 2026-10-07T05:11:54.501518+00:00
INTEGRATION_WAITING_FOR_ALL_THREE_VERIFIED_SAVES 2026-10-07T05:12:24.503060+00:00
INTEGRATION_WAITING_FOR_ALL_THREE_VERIFIED_SAVES 2026-10-07T05:12:54.504739+00:00
INTEGRATION_WAITING_FOR_ALL_THREE_VERIFIED_SAVES 2026-10-07T05:13:24.506222+00:00
INTEGRATION_WAITING_FOR_ALL_THREE_VERIFIED_SAVES 2026-10-07T05:13:54.507698+00:00
INTEGRATION_WAITING_FOR_ALL_THREE_VERIFIED_SAVES 2026-10-07T05:14:24.509192+00:00
INTEGRATION_WAITING_FOR_ALL_THREE_VERIFIED_SAVES 2026-10-07T05:14:54.510668+00:00
INTEGRATION_WAITING_FOR_ALL_THREE_VERIFIED_SAVES 2026-10-07T05:15:24.512211+00:00
INTEGRATION_WAITING_FOR_ALL_THREE_VERIFIED_SAVES 2026-10-07T05:15:54.513658+00:00
INTEGRATION_WAITING_FOR_ALL_THREE_VERIFIED_SAVES 2026-10-07T05:16:24.515164+00:00
INTEGRATION_WAITING_FOR_ALL_THREE_VERIFIED_SAVES 2026-10-07T05:16:54.516714+00:00
INTEGRATION_WAITING_FOR_ALL_THREE_VERIFIED_SAVES 2026-10-07T05:17:24.518235+00:00
INTEGRATION_WAITING_FOR_ALL_THREE_VERIFIED_SAVES 2026-10-07T05:17:54.519705+00:00
INTEGRATION_WAITING_FOR_ALL_THREE_VERIFIED_SAVES 2026-10-07T05:18:24.521219+00:00
INTEGRATION_WAITING_FOR_ALL_THREE_VERIFIED_SAVES 2026-10-07T05:18:54.523184+00:00
INTEGRATION_WAITING_FOR_ALL_THREE_VERIFIED_SAVES 2026-10-07T05:19:24.524729+00:00
INTEGRATION_WAITING_FOR_ALL_THREE_VERIFIED_SAVES 2026-10-07T05:19:54.526277+00:00
INTEGRATION_WAITING_FOR_ALL_THREE_VERIFIED_SAVES 2026-10-07T05:20:24.527791+00:00
INTEGRATION_WAITING_FOR_ALL_THREE_VERIFIED_SAVES 2026-10-07T05:20:54.529331+00:00
INTEGRATION_WAITING_FOR_ALL_THREE_VERIFIED_SAVES 2026-10-07T05:21:24.530810+00:00
INTEGRATION_WAITING_FOR_ALL_THREE_VERIFIED_SAVES 2026-10-07T05:21:54.532080+00:00
INTEGRATION_WAITING_FOR_ALL_THREE_VERIFIED_SAVES 2026-10-07T05:22:24.533597+00:00
INTEGRATION_WAITING_FOR_ALL_THREE_VERIFIED_SAVES 2026-10-07T05:22:54.535056+00:00
INTEGRATION_WAITING_FOR_ALL_THREE_VERIFIED_SAVES 2026-10-07T05:23:24.536505+00:00
INTEGRATION_WAITING_FOR_ALL_THREE_VERIFIED_SAVES 2026-10-07T05:23:54.538023+00:00
INTEGRATION_WAITING_FOR_ALL_THREE_VERIFIED_SAVES 2026-10-07T05:24:24.539538+00:00
INTEGRATION_WAITING_FOR_ALL_THREE_VERIFIED_SAVES 2026-10-07T05:24:54.541365+00:00
INTEGRATION_WAITING_FOR_ALL_THREE_VERIFIED_SAVES 2026-10-07T05:25:24.542982+00:00
INTEGRATION_WAITING_FOR_ALL_THREE_VERIFIED_SAVES 2026-10-07T05:25:54.543920+00:00
INTEGRATION_WAITING_FOR_ALL_THREE_VERIFIED_SAVES 2026-10-07T05:26:24.545365+00:00
INTEGRATION_WAITING_FOR_ALL_THREE_VERIFIED_SAVES 2026-10-07T05:26:54.546864+00:00
INTEGRATION_WAITING_FOR_ALL_THREE_VERIFIED_SAVES 2026-10-07T05:27:24.548340+00:00
INTEGRATION_WAITING_FOR_ALL_THREE_VERIFIED_SAVES 2026-10-07T05:27:54.549524+00:00
INTEGRATION_WAITING_FOR_ALL_THREE_VERIFIED_SAVES 2026-10-07T05:28:24.550485+00:00
INTEGRATION_WAITING_FOR_ALL_THREE_VERIFIED_SAVES 2026-10-07T05:28:54.551916+00:00
INTEGRATION_WAITING_FOR_ALL_THREE_VERIFIED_SAVES 2026-10-07T05:29:24.553394+00:00
INTEGRATION_WAITING_FOR_ALL_THREE_VERIFIED_SAVES 2026-10-07T05:29:54.554866+00:00
INTEGRATION_WAITING_FOR_ALL_THREE_VERIFIED_SAVES 2026-10-07T05:30:24.556365+00:00
INTEGRATION_WAITING_FOR_ALL_THREE_VERIFIED_SAVES 2026-10-07T05:30:54.557273+00:00
INTEGRATION_WAITING_FOR_ALL_THREE_VERIFIED_SAVES 2026-10-07T05:31:24.558719+00:00
INTEGRATION_WAITING_FOR_ALL_THREE_VERIFIED_SAVES 2026-10-07T05:31:54.560163+00:00
INTEGRATION_WAITING_FOR_ALL_THREE_VERIFIED_SAVES 2026-10-07T05:32:24.561630+00:00
INTEGRATION_WAITING_FOR_ALL_THREE_VERIFIED_SAVES 2026-10-07T05:32:54.563091+00:00
INTEGRATION_WAITING_FOR_ALL_THREE_VERIFIED_SAVES 2026-10-07T05:33:24.564034+00:00
INTEGRATION_WAITING_FOR_ALL_THREE_VERIFIED_SAVES 2026-10-07T05:33:54.564969+00:00
INTEGRATION_WAITING_FOR_ALL_THREE_VERIFIED_SAVES 2026-10-07T05:34:24.566426+00:00
INTEGRATION_WAITING_FOR_ALL_THREE_VERIFIED_SAVES 2026-10-07T05:34:54.567978+00:00
INTEGRATION_WAITING_FOR_ALL_THREE_VERIFIED_SAVES 2026-10-07T05:35:24.571792+00:00
INTEGRATION_WAITING_FOR_ALL_THREE_VERIFIED_SAVES 2026-10-07T05:35:54.572835+00:00
INTEGRATION_WAITING_FOR_ALL_THREE_VERIFIED_SAVES 2026-10-07T05:36:24.574337+00:00
INTEGRATION_WAITING_FOR_ALL_THREE_VERIFIED_SAVES 2026-10-07T05:36:54.575231+00:00
INTEGRATION_WAITING_FOR_ALL_THREE_VERIFIED_SAVES 2026-10-07T05:37:24.576130+00:00
INTEGRATION_WAITING_FOR_ALL_THREE_VERIFIED_SAVES 2026-10-07T05:37:54.577548+00:00
INTEGRATION_WAITING_FOR_ALL_THREE_VERIFIED_SAVES 2026-10-07T05:38:24.578731+00:00
INTEGRATION_WAITING_FOR_ALL_THREE_VERIFIED_SAVES 2026-10-07T05:38:54.580219+00:00
INTEGRATION_WAITING_FOR_ALL_THREE_VERIFIED_SAVES 2026-10-07T05:39:24.581701+00:00
INTEGRATION_WAITING_FOR_ALL_THREE_VERIFIED_SAVES 2026-10-07T05:39:54.582982+00:00
INTEGRATION_WAITING_FOR_ALL_THREE_VERIFIED_SAVES 2026-10-07T05:40:24.584520+00:00
INTEGRATION_WAITING_FOR_ALL_THREE_VERIFIED_SAVES 2026-10-07T05:40:54.586019+00:00
INTEGRATION_WAITING_FOR_ALL_THREE_VERIFIED_SAVES 2026-10-07T05:41:24.586941+00:00
INTEGRATION_WAITING_FOR_ALL_THREE_VERIFIED_SAVES 2026-10-07T05:41:54.588401+00:00
INTEGRATION_WAITING_FOR_ALL_THREE_VERIFIED_SAVES 2026-10-07T05:42:24.589888+00:00
INTEGRATION_WAITING_FOR_ALL_THREE_VERIFIED_SAVES 2026-10-07T05:42:54.591495+00:00
INTEGRATION_WAITING_FOR_ALL_THREE_VERIFIED_SAVES 2026-10-07T05:43:24.592988+00:00
INTEGRATION_WAITING_FOR_ALL_THREE_VERIFIED_SAVES 2026-10-07T05:43:54.594555+00:00
INTEGRATION_WAITING_FOR_ALL_THREE_VERIFIED_SAVES 2026-10-07T05:44:24.596060+00:00
INTEGRATION_WAITING_FOR_ALL_THREE_VERIFIED_SAVES 2026-10-07T05:44:54.597555+00:00
INTEGRATION_WAITING_FOR_ALL_THREE_VERIFIED_SAVES 2026-10-07T05:45:24.599032+00:00
INTEGRATION_WAITING_FOR_ALL_THREE_VERIFIED_SAVES 2026-10-07T05:45:54.600495+00:00
INTEGRATION_WAITING_FOR_ALL_THREE_VERIFIED_SAVES 2026-10-07T05:46:24.601996+00:00
INTEGRATION_WAITING_FOR_ALL_THREE_VERIFIED_SAVES 2026-10-07T05:46:54.603527+00:00
INTEGRATION_WAITING_FOR_ALL_THREE_VERIFIED_SAVES 2026-10-07T05:47:24.605776+00:00
INTEGRATION_WAITING_FOR_ALL_THREE_VERIFIED_SAVES 2026-10-07T05:47:54.606934+00:00
INTEGRATION_WAITING_FOR_ALL_THREE_VERIFIED_SAVES 2026-10-07T05:48:24.608446+00:00
INTEGRATION_WAITING_FOR_ALL_THREE_VERIFIED_SAVES 2026-10-07T05:48:54.609580+00:00
INTEGRATION_WAITING_FOR_ALL_THREE_VERIFIED_SAVES 2026-10-07T05:49:24.611091+00:00
INTEGRATION_WAITING_FOR_ALL_THREE_VERIFIED_SAVES 2026-10-07T05:49:54.612612+00:00
INTEGRATION_WAITING_FOR_ALL_THREE_VERIFIED_SAVES 2026-10-07T05:50:24.614119+00:00
INTEGRATION_WAITING_FOR_ALL_THREE_VERIFIED_SAVES 2026-10-07T05:50:54.615575+00:00
INTEGRATION_WAITING_FOR_ALL_THREE_VERIFIED_SAVES 2026-10-07T05:51:24.617070+00:00
INTEGRATION_WAITING_FOR_ALL_THREE_VERIFIED_SAVES 2026-10-07T05:51:54.618579+00:00
INTEGRATION_WAITING_FOR_ALL_THREE_VERIFIED_SAVES 2026-10-07T05:52:24.620056+00:00
INTEGRATION_WAITING_FOR_ALL_THREE_VERIFIED_SAVES 2026-10-07T05:52:54.621632+00:00
INTEGRATION_WAITING_FOR_ALL_THREE_VERIFIED_SAVES 2026-10-07T05:53:24.623121+00:00
INTEGRATION_WAITING_FOR_ALL_THREE_VERIFIED_SAVES 2026-10-07T05:53:54.624612+00:00
INTEGRATION_WAITING_FOR_ALL_THREE_VERIFIED_SAVES 2026-10-07T05:54:24.626109+00:00
INTEGRATION_WAITING_FOR_ALL_THREE_VERIFIED_SAVES 2026-10-07T05:54:54.627597+00:00
INTEGRATION_WAITING_FOR_ALL_THREE_VERIFIED_SAVES 2026-10-07T05:55:24.629150+00:00
INTEGRATION_WAITING_FOR_ALL_THREE_VERIFIED_SAVES 2026-10-07T05:55:54.630663+00:00
INTEGRATION_WAITING_FOR_ALL_THREE_VERIFIED_SAVES 2026-10-07T05:56:24.632164+00:00
INTEGRATION_WAITING_FOR_ALL_THREE_VERIFIED_SAVES 2026-10-07T05:56:54.633669+00:00
INTEGRATION_WAITING_FOR_ALL_THREE_VERIFIED_SAVES 2026-10-07T05:57:24.635276+00:00
INTEGRATION_WAITING_FOR_ALL_THREE_VERIFIED_SAVES 2026-10-07T05:57:54.636736+00:00
INTEGRATION_WAITING_FOR_ALL_THREE_VERIFIED_SAVES 2026-10-07T05:58:24.637584+00:00
INTEGRATION_WAITING_FOR_ALL_THREE_VERIFIED_SAVES 2026-10-07T05:58:54.639033+00:00
INTEGRATION_WAITING_FOR_ALL_THREE_VERIFIED_SAVES 2026-10-07T05:59:24.640443+00:00
INTEGRATION_WAITING_FOR_ALL_THREE_VERIFIED_SAVES 2026-10-07T05:59:54.641950+00:00
Traceback (most recent call last):
  File "/workspace/mitosis-day15-stage/integrate_saved_branches_v2.py", line 141, in <module>
    main()
  File "/workspace/mitosis-day15-stage/integrate_saved_branches_v2.py", line 56, in main
    raise RuntimeError('Integration cutoff; retain both independently preserved branches')
RuntimeError: Integration cutoff; retain both independently preserved branches
