EVIDENCE_QC_WAITING_FOR_VERIFIED_INTEGRATION 2026-10-07T02:28:54.225997+00:00
EVIDENCE_QC_WAITING_FOR_VERIFIED_INTEGRATION 2026-10-07T02:29:24.226219+00:00
EVIDENCE_QC_WAITING_FOR_VERIFIED_INTEGRATION 2026-10-07T02:29:54.226521+00:00
EVIDENCE_QC_WAITING_FOR_VERIFIED_INTEGRATION 2026-10-07T02:30:24.226766+00:00
EVIDENCE_QC_WAITING_FOR_VERIFIED_INTEGRATION 2026-10-07T02:30:54.227018+00:00
EVIDENCE_QC_WAITING_FOR_VERIFIED_INTEGRATION 2026-10-07T02:31:24.227252+00:00
EVIDENCE_QC_WAITING_FOR_VERIFIED_INTEGRATION 2026-10-07T02:31:54.227525+00:00
EVIDENCE_QC_WAITING_FOR_VERIFIED_INTEGRATION 2026-10-07T02:32:24.227760+00:00
EVIDENCE_QC_WAITING_FOR_VERIFIED_INTEGRATION 2026-10-07T02:32:54.228019+00:00
EVIDENCE_QC_WAITING_FOR_VERIFIED_INTEGRATION 2026-10-07T02:33:24.228249+00:00
EVIDENCE_QC_WAITING_FOR_VERIFIED_INTEGRATION 2026-10-07T02:33:54.228492+00:00
EVIDENCE_QC_WAITING_FOR_VERIFIED_INTEGRATION 2026-10-07T02:34:24.228690+00:00
EVIDENCE_QC_WAITING_FOR_VERIFIED_INTEGRATION 2026-10-07T02:34:54.228963+00:00
EVIDENCE_QC_WAITING_FOR_VERIFIED_INTEGRATION 2026-10-07T02:35:24.229233+00:00
EVIDENCE_QC_WAITING_FOR_VERIFIED_INTEGRATION 2026-10-07T02:35:54.229447+00:00
EVIDENCE_QC_WAITING_FOR_VERIFIED_INTEGRATION 2026-10-07T02:36:24.229654+00:00
EVIDENCE_QC_WAITING_FOR_VERIFIED_INTEGRATION 2026-10-07T02:36:54.229908+00:00
EVIDENCE_QC_WAITING_FOR_VERIFIED_INTEGRATION 2026-10-07T02:37:24.230170+00:00
EVIDENCE_QC_WAITING_FOR_VERIFIED_INTEGRATION 2026-10-07T02:37:54.230410+00:00
EVIDENCE_QC_WAITING_FOR_VERIFIED_INTEGRATION 2026-10-07T02:38:24.230601+00:00
EVIDENCE_QC_WAITING_FOR_VERIFIED_INTEGRATION 2026-10-07T02:38:54.230803+00:00
EVIDENCE_QC_WAITING_FOR_VERIFIED_INTEGRATION 2026-10-07T02:39:24.231087+00:00
EVIDENCE_QC_WAITING_FOR_VERIFIED_INTEGRATION 2026-10-07T02:39:54.231295+00:00
EVIDENCE_QC_WAITING_FOR_VERIFIED_INTEGRATION 2026-10-07T02:40:24.231519+00:00
EVIDENCE_QC_WAITING_FOR_VERIFIED_INTEGRATION 2026-10-07T02:40:54.231783+00:00
EVIDENCE_QC_WAITING_FOR_VERIFIED_INTEGRATION 2026-10-07T02:41:24.232055+00:00
EVIDENCE_QC_WAITING_FOR_VERIFIED_INTEGRATION 2026-10-07T02:41:54.232279+00:00
EVIDENCE_QC_WAITING_FOR_VERIFIED_INTEGRATION 2026-10-07T02:42:24.232513+00:00
EVIDENCE_QC_WAITING_FOR_VERIFIED_INTEGRATION 2026-10-07T02:42:54.232782+00:00
EVIDENCE_QC_WAITING_FOR_VERIFIED_INTEGRATION 2026-10-07T02:43:24.233088+00:00
EVIDENCE_QC_WAITING_FOR_VERIFIED_INTEGRATION 2026-10-07T02:43:54.233318+00:00
EVIDENCE_QC_WAITING_FOR_VERIFIED_INTEGRATION 2026-10-07T02:44:24.233523+00:00
EVIDENCE_QC_WAITING_FOR_VERIFIED_INTEGRATION 2026-10-07T02:44:54.233743+00:00
EVIDENCE_QC_WAITING_FOR_VERIFIED_INTEGRATION 2026-10-07T02:45:24.233977+00:00
EVIDENCE_QC_WAITING_FOR_VERIFIED_INTEGRATION 2026-10-07T02:45:54.234208+00:00
EVIDENCE_QC_WAITING_FOR_VERIFIED_INTEGRATION 2026-10-07T02:46:24.234427+00:00
EVIDENCE_QC_WAITING_FOR_VERIFIED_INTEGRATION 2026-10-07T02:46:54.234660+00:00
EVIDENCE_QC_WAITING_FOR_VERIFIED_INTEGRATION 2026-10-07T02:47:24.234998+00:00
EVIDENCE_QC_WAITING_FOR_VERIFIED_INTEGRATION 2026-10-07T02:47:54.235275+00:00
EVIDENCE_QC_WAITING_FOR_VERIFIED_INTEGRATION 2026-10-07T02:48:24.235530+00:00
EVIDENCE_QC_WAITING_FOR_VERIFIED_INTEGRATION 2026-10-07T02:48:54.235765+00:00
EVIDENCE_QC_WAITING_FOR_VERIFIED_INTEGRATION 2026-10-07T02:49:24.235971+00:00
EVIDENCE_QC_WAITING_FOR_VERIFIED_INTEGRATION 2026-10-07T02:49:54.236184+00:00
EVIDENCE_QC_WAITING_FOR_VERIFIED_INTEGRATION 2026-10-07T02:50:24.236408+00:00
EVIDENCE_QC_WAITING_FOR_VERIFIED_INTEGRATION 2026-10-07T02:50:54.236629+00:00
EVIDENCE_QC_WAITING_FOR_VERIFIED_INTEGRATION 2026-10-07T02:51:24.236916+00:00
EVIDENCE_QC_WAITING_FOR_VERIFIED_INTEGRATION 2026-10-07T02:51:54.237136+00:00
EVIDENCE_QC_WAITING_FOR_VERIFIED_INTEGRATION 2026-10-07T02:52:24.237337+00:00
EVIDENCE_QC_WAITING_FOR_VERIFIED_INTEGRATION 2026-10-07T02:52:54.237549+00:00
EVIDENCE_QC_WAITING_FOR_VERIFIED_INTEGRATION 2026-10-07T02:53:24.237747+00:00
EVIDENCE_QC_WAITING_FOR_VERIFIED_INTEGRATION 2026-10-07T02:53:54.237963+00:00
EVIDENCE_QC_WAITING_FOR_VERIFIED_INTEGRATION 2026-10-07T02:54:24.238198+00:00
EVIDENCE_QC_WAITING_FOR_VERIFIED_INTEGRATION 2026-10-07T02:54:54.238429+00:00
EVIDENCE_QC_WAITING_FOR_VERIFIED_INTEGRATION 2026-10-07T02:55:24.238676+00:00
EVIDENCE_QC_WAITING_FOR_VERIFIED_INTEGRATION 2026-10-07T02:55:54.238930+00:00
EVIDENCE_QC_WAITING_FOR_VERIFIED_INTEGRATION 2026-10-07T02:56:24.239133+00:00
EVIDENCE_QC_WAITING_FOR_VERIFIED_INTEGRATION 2026-10-07T02:56:54.239324+00:00
EVIDENCE_QC_WAITING_FOR_VERIFIED_INTEGRATION 2026-10-07T02:57:24.239537+00:00
EVIDENCE_QC_WAITING_FOR_VERIFIED_INTEGRATION 2026-10-07T02:57:54.239756+00:00
EVIDENCE_QC_WAITING_FOR_VERIFIED_INTEGRATION 2026-10-07T02:58:24.239969+00:00
EVIDENCE_QC_WAITING_FOR_VERIFIED_INTEGRATION 2026-10-07T02:58:54.240219+00:00
EVIDENCE_QC_WAITING_FOR_VERIFIED_INTEGRATION 2026-10-07T02:59:24.240495+00:00
EVIDENCE_QC_WAITING_FOR_VERIFIED_INTEGRATION 2026-10-07T02:59:54.240789+00:00
EVIDENCE_QC_WAITING_FOR_VERIFIED_INTEGRATION 2026-10-07T03:00:24.241095+00:00
EVIDENCE_QC_WAITING_FOR_VERIFIED_INTEGRATION 2026-10-07T03:00:54.241323+00:00
EVIDENCE_QC_WAITING_FOR_VERIFIED_INTEGRATION 2026-10-07T03:01:24.241542+00:00
EVIDENCE_QC_WAITING_FOR_VERIFIED_INTEGRATION 2026-10-07T03:01:54.241779+00:00
EVIDENCE_QC_WAITING_FOR_VERIFIED_INTEGRATION 2026-10-07T03:02:24.242109+00:00
EVIDENCE_QC_WAITING_FOR_VERIFIED_INTEGRATION 2026-10-07T03:02:54.242364+00:00
EVIDENCE_QC_WAITING_FOR_VERIFIED_INTEGRATION 2026-10-07T03:03:24.242629+00:00
EVIDENCE_QC_WAITING_FOR_VERIFIED_INTEGRATION 2026-10-07T03:03:54.242933+00:00
EVIDENCE_QC_WAITING_FOR_VERIFIED_INTEGRATION 2026-10-07T03:04:24.243189+00:00
EVIDENCE_QC_WAITING_FOR_VERIFIED_INTEGRATION 2026-10-07T03:04:54.243463+00:00
EVIDENCE_QC_WAITING_FOR_VERIFIED_INTEGRATION 2026-10-07T03:05:24.243729+00:00
EVIDENCE_QC_WAITING_FOR_VERIFIED_INTEGRATION 2026-10-07T03:05:54.243967+00:00
EVIDENCE_QC_WAITING_FOR_VERIFIED_INTEGRATION 2026-10-07T03:06:24.244188+00:00
EVIDENCE_QC_WAITING_FOR_VERIFIED_INTEGRATION 2026-10-07T03:06:54.244453+00:00
EVIDENCE_QC_WAITING_FOR_VERIFIED_INTEGRATION 2026-10-07T03:07:24.244729+00:00
EVIDENCE_QC_WAITING_FOR_VERIFIED_INTEGRATION 2026-10-07T03:07:54.244993+00:00
EVIDENCE_QC_WAITING_FOR_VERIFIED_INTEGRATION 2026-10-07T03:08:24.245220+00:00
EVIDENCE_QC_WAITING_FOR_VERIFIED_INTEGRATION 2026-10-07T03:08:54.245648+00:00
EVIDENCE_QC_WAITING_FOR_VERIFIED_INTEGRATION 2026-10-07T03:09:24.246014+00:00
EVIDENCE_QC_WAITING_FOR_VERIFIED_INTEGRATION 2026-10-07T03:09:54.246369+00:00
EVIDENCE_QC_WAITING_FOR_VERIFIED_INTEGRATION 2026-10-07T03:10:24.246733+00:00
EVIDENCE_QC_WAITING_FOR_VERIFIED_INTEGRATION 2026-10-07T03:10:54.247082+00:00
EVIDENCE_QC_WAITING_FOR_VERIFIED_INTEGRATION 2026-10-07T03:11:24.247434+00:00
EVIDENCE_QC_WAITING_FOR_VERIFIED_INTEGRATION 2026-10-07T03:11:54.247775+00:00
EVIDENCE_QC_WAITING_FOR_VERIFIED_INTEGRATION 2026-10-07T03:12:24.248160+00:00
EVIDENCE_QC_WAITING_FOR_VERIFIED_INTEGRATION 2026-10-07T03:12:54.248524+00:00
EVIDENCE_QC_WAITING_FOR_VERIFIED_INTEGRATION 2026-10-07T03:13:24.248924+00:00
EVIDENCE_QC_WAITING_FOR_VERIFIED_INTEGRATION 2026-10-07T03:13:54.249265+00:00
EVIDENCE_QC_WAITING_FOR_VERIFIED_INTEGRATION 2026-10-07T03:14:24.249646+00:00
EVIDENCE_QC_WAITING_FOR_VERIFIED_INTEGRATION 2026-10-07T03:14:54.250018+00:00
EVIDENCE_QC_WAITING_FOR_VERIFIED_INTEGRATION 2026-10-07T03:15:24.250357+00:00
EVIDENCE_QC_WAITING_FOR_VERIFIED_INTEGRATION 2026-10-07T03:15:54.250700+00:00
EVIDENCE_QC_WAITING_FOR_VERIFIED_INTEGRATION 2026-10-07T03:16:24.251051+00:00
EVIDENCE_QC_WAITING_FOR_VERIFIED_INTEGRATION 2026-10-07T03:16:54.251417+00:00
EVIDENCE_QC_WAITING_FOR_VERIFIED_INTEGRATION 2026-10-07T03:17:24.251710+00:00
EVIDENCE_QC_WAITING_FOR_VERIFIED_INTEGRATION 2026-10-07T03:17:54.252085+00:00
EVIDENCE_QC_WAITING_FOR_VERIFIED_INTEGRATION 2026-10-07T03:18:24.252443+00:00
EVIDENCE_QC_WAITING_FOR_VERIFIED_INTEGRATION 2026-10-07T03:18:54.252779+00:00
EVIDENCE_QC_WAITING_FOR_VERIFIED_INTEGRATION 2026-10-07T03:19:24.253108+00:00
EVIDENCE_QC_WAITING_FOR_VERIFIED_INTEGRATION 2026-10-07T03:19:54.253444+00:00
EVIDENCE_QC_WAITING_FOR_VERIFIED_INTEGRATION 2026-10-07T03:20:24.253807+00:00
EVIDENCE_QC_WAITING_FOR_VERIFIED_INTEGRATION 2026-10-07T03:20:54.254235+00:00
EVIDENCE_QC_WAITING_FOR_VERIFIED_INTEGRATION 2026-10-07T03:21:24.254618+00:00
EVIDENCE_QC_WAITING_FOR_VERIFIED_INTEGRATION 2026-10-07T03:21:54.255053+00:00
EVIDENCE_QC_WAITING_FOR_VERIFIED_INTEGRATION 2026-10-07T03:22:24.255432+00:00
EVIDENCE_QC_WAITING_FOR_VERIFIED_INTEGRATION 2026-10-07T03:22:54.255765+00:00
EVIDENCE_QC_WAITING_FOR_VERIFIED_INTEGRATION 2026-10-07T03:23:24.256142+00:00
EVIDENCE_QC_WAITING_FOR_VERIFIED_INTEGRATION 2026-10-07T03:23:54.256525+00:00
EVIDENCE_QC_WAITING_FOR_VERIFIED_INTEGRATION 2026-10-07T03:24:24.256942+00:00
EVIDENCE_QC_WAITING_FOR_VERIFIED_INTEGRATION 2026-10-07T03:24:54.257307+00:00
EVIDENCE_QC_WAITING_FOR_VERIFIED_INTEGRATION 2026-10-07T03:25:24.258533+00:00
EVIDENCE_QC_WAITING_FOR_VERIFIED_INTEGRATION 2026-10-07T03:25:54.258915+00:00
EVIDENCE_QC_WAITING_FOR_VERIFIED_INTEGRATION 2026-10-07T03:26:24.259249+00:00
EVIDENCE_QC_WAITING_FOR_VERIFIED_INTEGRATION 2026-10-07T03:26:54.259629+00:00
EVIDENCE_QC_WAITING_FOR_VERIFIED_INTEGRATION 2026-10-07T03:27:24.260016+00:00
EVIDENCE_QC_WAITING_FOR_VERIFIED_INTEGRATION 2026-10-07T03:27:54.260347+00:00
EVIDENCE_QC_WAITING_FOR_VERIFIED_INTEGRATION 2026-10-07T03:28:24.260694+00:00
EVIDENCE_QC_WAITING_FOR_VERIFIED_INTEGRATION 2026-10-07T03:28:54.261068+00:00
EVIDENCE_QC_WAITING_FOR_VERIFIED_INTEGRATION 2026-10-07T03:29:24.261361+00:00
EVIDENCE_QC_WAITING_FOR_VERIFIED_INTEGRATION 2026-10-07T03:29:54.261692+00:00
EVIDENCE_QC_WAITING_FOR_VERIFIED_INTEGRATION 2026-10-07T03:30:24.262040+00:00
EVIDENCE_QC_WAITING_FOR_VERIFIED_INTEGRATION 2026-10-07T03:30:54.262389+00:00
EVIDENCE_QC_WAITING_FOR_VERIFIED_INTEGRATION 2026-10-07T03:31:24.262666+00:00
EVIDENCE_QC_WAITING_FOR_VERIFIED_INTEGRATION 2026-10-07T03:31:54.263009+00:00
EVIDENCE_QC_WAITING_FOR_VERIFIED_INTEGRATION 2026-10-07T03:32:24.263353+00:00
EVIDENCE_QC_WAITING_FOR_VERIFIED_INTEGRATION 2026-10-07T03:32:54.263655+00:00
EVIDENCE_QC_WAITING_FOR_VERIFIED_INTEGRATION 2026-10-07T03:33:24.264029+00:00
EVIDENCE_QC_WAITING_FOR_VERIFIED_INTEGRATION 2026-10-07T03:33:54.264420+00:00
EVIDENCE_QC_WAITING_FOR_VERIFIED_INTEGRATION 2026-10-07T03:34:24.264799+00:00
EVIDENCE_QC_WAITING_FOR_VERIFIED_INTEGRATION 2026-10-07T03:34:54.265176+00:00
EVIDENCE_QC_WAITING_FOR_VERIFIED_INTEGRATION 2026-10-07T03:35:24.265547+00:00
EVIDENCE_QC_WAITING_FOR_VERIFIED_INTEGRATION 2026-10-07T03:35:54.265946+00:00
EVIDENCE_QC_WAITING_FOR_VERIFIED_INTEGRATION 2026-10-07T03:36:24.266328+00:00
EVIDENCE_QC_WAITING_FOR_VERIFIED_INTEGRATION 2026-10-07T03:36:54.266675+00:00
EVIDENCE_QC_WAITING_FOR_VERIFIED_INTEGRATION 2026-10-07T03:37:24.267009+00:00
EVIDENCE_QC_WAITING_FOR_VERIFIED_INTEGRATION 2026-10-07T03:37:54.267315+00:00
EVIDENCE_QC_WAITING_FOR_VERIFIED_INTEGRATION 2026-10-07T03:38:24.267680+00:00
EVIDENCE_QC_WAITING_FOR_VERIFIED_INTEGRATION 2026-10-07T03:38:54.268082+00:00
EVIDENCE_QC_WAITING_FOR_VERIFIED_INTEGRATION 2026-10-07T03:39:24.268413+00:00
EVIDENCE_QC_WAITING_FOR_VERIFIED_INTEGRATION 2026-10-07T03:39:54.268744+00:00
EVIDENCE_QC_WAITING_FOR_VERIFIED_INTEGRATION 2026-10-07T03:40:24.269114+00:00
EVIDENCE_QC_WAITING_FOR_VERIFIED_INTEGRATION 2026-10-07T03:40:54.269468+00:00
EVIDENCE_QC_WAITING_FOR_VERIFIED_INTEGRATION 2026-10-07T03:41:24.269818+00:00
EVIDENCE_QC_WAITING_FOR_VERIFIED_INTEGRATION 2026-10-07T03:41:54.270200+00:00
EVIDENCE_QC_WAITING_FOR_VERIFIED_INTEGRATION 2026-10-07T03:42:24.270554+00:00
EVIDENCE_QC_WAITING_FOR_VERIFIED_INTEGRATION 2026-10-07T03:42:54.271056+00:00
EVIDENCE_QC_WAITING_FOR_VERIFIED_INTEGRATION 2026-10-07T03:43:24.271417+00:00
EVIDENCE_QC_WAITING_FOR_VERIFIED_INTEGRATION 2026-10-07T03:43:54.271770+00:00
EVIDENCE_QC_WAITING_FOR_VERIFIED_INTEGRATION 2026-10-07T03:44:24.272109+00:00
EVIDENCE_QC_WAITING_FOR_VERIFIED_INTEGRATION 2026-10-07T03:44:54.272434+00:00
EVIDENCE_QC_WAITING_FOR_VERIFIED_INTEGRATION 2026-10-07T03:45:24.272783+00:00
EVIDENCE_QC_WAITING_FOR_VERIFIED_INTEGRATION 2026-10-07T03:45:54.273204+00:00
EVIDENCE_QC_WAITING_FOR_VERIFIED_INTEGRATION 2026-10-07T03:46:24.273599+00:00
EVIDENCE_QC_WAITING_FOR_VERIFIED_INTEGRATION 2026-10-07T03:46:54.273978+00:00
EVIDENCE_QC_WAITING_FOR_VERIFIED_INTEGRATION 2026-10-07T03:47:24.274354+00:00
EVIDENCE_QC_WAITING_FOR_VERIFIED_INTEGRATION 2026-10-07T03:47:54.274722+00:00
EVIDENCE_QC_WAITING_FOR_VERIFIED_INTEGRATION 2026-10-07T03:48:24.275061+00:00
EVIDENCE_QC_WAITING_FOR_VERIFIED_INTEGRATION 2026-10-07T03:48:54.275445+00:00
EVIDENCE_QC_WAITING_FOR_VERIFIED_INTEGRATION 2026-10-07T03:49:24.275806+00:00
EVIDENCE_QC_WAITING_FOR_VERIFIED_INTEGRATION 2026-10-07T03:49:54.276197+00:00
EVIDENCE_QC_WAITING_FOR_VERIFIED_INTEGRATION 2026-10-07T03:50:24.276545+00:00
EVIDENCE_QC_WAITING_FOR_VERIFIED_INTEGRATION 2026-10-07T03:50:54.276948+00:00
EVIDENCE_QC_WAITING_FOR_VERIFIED_INTEGRATION 2026-10-07T03:51:24.277270+00:00
EVIDENCE_QC_WAITING_FOR_VERIFIED_INTEGRATION 2026-10-07T03:51:54.277613+00:00
EVIDENCE_QC_WAITING_FOR_VERIFIED_INTEGRATION 2026-10-07T03:52:24.278242+00:00
EVIDENCE_QC_WAITING_FOR_VERIFIED_INTEGRATION 2026-10-07T03:52:54.278629+00:00
EVIDENCE_QC_WAITING_FOR_VERIFIED_INTEGRATION 2026-10-07T03:53:24.279005+00:00
EVIDENCE_QC_WAITING_FOR_VERIFIED_INTEGRATION 2026-10-07T03:53:54.279359+00:00
EVIDENCE_QC_WAITING_FOR_VERIFIED_INTEGRATION 2026-10-07T03:54:24.279660+00:00
EVIDENCE_QC_WAITING_FOR_VERIFIED_INTEGRATION 2026-10-07T03:54:54.279924+00:00
EVIDENCE_QC_WAITING_FOR_VERIFIED_INTEGRATION 2026-10-07T03:55:24.280250+00:00
EVIDENCE_QC_WAITING_FOR_VERIFIED_INTEGRATION 2026-10-07T03:55:54.280566+00:00
EVIDENCE_QC_WAITING_FOR_VERIFIED_INTEGRATION 2026-10-07T03:56:24.280922+00:00
EVIDENCE_QC_WAITING_FOR_VERIFIED_INTEGRATION 2026-10-07T03:56:54.281168+00:00
EVIDENCE_QC_WAITING_FOR_VERIFIED_INTEGRATION 2026-10-07T03:57:24.281522+00:00
EVIDENCE_QC_WAITING_FOR_VERIFIED_INTEGRATION 2026-10-07T03:57:54.281903+00:00
EVIDENCE_QC_WAITING_FOR_VERIFIED_INTEGRATION 2026-10-07T03:58:24.282277+00:00
EVIDENCE_QC_WAITING_FOR_VERIFIED_INTEGRATION 2026-10-07T03:58:54.282619+00:00
EVIDENCE_QC_WAITING_FOR_VERIFIED_INTEGRATION 2026-10-07T03:59:24.282990+00:00
EVIDENCE_QC_WAITING_FOR_VERIFIED_INTEGRATION 2026-10-07T03:59:54.283345+00:00
EVIDENCE_QC_WAITING_FOR_VERIFIED_INTEGRATION 2026-10-07T04:00:24.283674+00:00
EVIDENCE_QC_WAITING_FOR_VERIFIED_INTEGRATION 2026-10-07T04:00:54.284011+00:00
EVIDENCE_QC_WAITING_FOR_VERIFIED_INTEGRATION 2026-10-07T04:01:24.284362+00:00
EVIDENCE_QC_WAITING_FOR_VERIFIED_INTEGRATION 2026-10-07T04:01:54.284697+00:00
EVIDENCE_QC_WAITING_FOR_VERIFIED_INTEGRATION 2026-10-07T04:02:24.285037+00:00
EVIDENCE_QC_WAITING_FOR_VERIFIED_INTEGRATION 2026-10-07T04:02:54.285397+00:00
EVIDENCE_QC_WAITING_FOR_VERIFIED_INTEGRATION 2026-10-07T04:03:24.285704+00:00
EVIDENCE_QC_WAITING_FOR_VERIFIED_INTEGRATION 2026-10-07T04:03:54.286064+00:00
EVIDENCE_QC_WAITING_FOR_VERIFIED_INTEGRATION 2026-10-07T04:04:24.286407+00:00
EVIDENCE_QC_WAITING_FOR_VERIFIED_INTEGRATION 2026-10-07T04:04:54.286745+00:00
EVIDENCE_QC_WAITING_FOR_VERIFIED_INTEGRATION 2026-10-07T04:05:24.287066+00:00
EVIDENCE_QC_WAITING_FOR_VERIFIED_INTEGRATION 2026-10-07T04:05:54.287396+00:00
EVIDENCE_QC_WAITING_FOR_VERIFIED_INTEGRATION 2026-10-07T04:06:24.287739+00:00
EVIDENCE_QC_WAITING_FOR_VERIFIED_INTEGRATION 2026-10-07T04:06:54.288038+00:00
EVIDENCE_QC_WAITING_FOR_VERIFIED_INTEGRATION 2026-10-07T04:07:24.288349+00:00
EVIDENCE_QC_WAITING_FOR_VERIFIED_INTEGRATION 2026-10-07T04:07:54.288715+00:00
EVIDENCE_QC_WAITING_FOR_VERIFIED_INTEGRATION 2026-10-07T04:08:24.289078+00:00
EVIDENCE_QC_WAITING_FOR_VERIFIED_INTEGRATION 2026-10-07T04:08:54.289411+00:00
EVIDENCE_QC_WAITING_FOR_VERIFIED_INTEGRATION 2026-10-07T04:09:24.289775+00:00
EVIDENCE_QC_WAITING_FOR_VERIFIED_INTEGRATION 2026-10-07T04:09:54.290187+00:00
EVIDENCE_QC_WAITING_FOR_VERIFIED_INTEGRATION 2026-10-07T04:10:24.290492+00:00
EVIDENCE_QC_WAITING_FOR_VERIFIED_INTEGRATION 2026-10-07T04:10:54.290825+00:00
EVIDENCE_QC_WAITING_FOR_VERIFIED_INTEGRATION 2026-10-07T04:11:24.291184+00:00
EVIDENCE_QC_WAITING_FOR_VERIFIED_INTEGRATION 2026-10-07T04:11:54.291523+00:00
EVIDENCE_QC_WAITING_FOR_VERIFIED_INTEGRATION 2026-10-07T04:12:24.291939+00:00
EVIDENCE_QC_WAITING_FOR_VERIFIED_INTEGRATION 2026-10-07T04:12:54.292279+00:00
EVIDENCE_QC_WAITING_FOR_VERIFIED_INTEGRATION 2026-10-07T04:13:24.292613+00:00
EVIDENCE_QC_WAITING_FOR_VERIFIED_INTEGRATION 2026-10-07T04:13:54.293022+00:00
EVIDENCE_QC_WAITING_FOR_VERIFIED_INTEGRATION 2026-10-07T04:14:24.294050+00:00
EVIDENCE_QC_WAITING_FOR_VERIFIED_INTEGRATION 2026-10-07T04:14:54.294386+00:00
EVIDENCE_QC_WAITING_FOR_VERIFIED_INTEGRATION 2026-10-07T04:15:24.294756+00:00
EVIDENCE_QC_WAITING_FOR_VERIFIED_INTEGRATION 2026-10-07T04:15:54.295144+00:00
EVIDENCE_QC_WAITING_FOR_VERIFIED_INTEGRATION 2026-10-07T04:16:24.295490+00:00
EVIDENCE_QC_WAITING_FOR_VERIFIED_INTEGRATION 2026-10-07T04:16:54.295834+00:00
EVIDENCE_QC_WAITING_FOR_VERIFIED_INTEGRATION 2026-10-07T04:17:24.296224+00:00
EVIDENCE_QC_WAITING_FOR_VERIFIED_INTEGRATION 2026-10-07T04:17:54.296555+00:00
EVIDENCE_QC_WAITING_FOR_VERIFIED_INTEGRATION 2026-10-07T04:18:24.296961+00:00
EVIDENCE_QC_WAITING_FOR_VERIFIED_INTEGRATION 2026-10-07T04:18:54.297301+00:00
EVIDENCE_QC_WAITING_FOR_VERIFIED_INTEGRATION 2026-10-07T04:19:24.297629+00:00
EVIDENCE_QC_WAITING_FOR_VERIFIED_INTEGRATION 2026-10-07T04:19:54.297997+00:00
EVIDENCE_QC_WAITING_FOR_VERIFIED_INTEGRATION 2026-10-07T04:20:24.298344+00:00
EVIDENCE_QC_WAITING_FOR_VERIFIED_INTEGRATION 2026-10-07T04:20:54.298682+00:00
EVIDENCE_QC_WAITING_FOR_VERIFIED_INTEGRATION 2026-10-07T04:21:24.299029+00:00
EVIDENCE_QC_WAITING_FOR_VERIFIED_INTEGRATION 2026-10-07T04:21:54.299372+00:00
EVIDENCE_QC_WAITING_FOR_VERIFIED_INTEGRATION 2026-10-07T04:22:24.299711+00:00
EVIDENCE_QC_WAITING_FOR_VERIFIED_INTEGRATION 2026-10-07T04:22:54.300087+00:00
EVIDENCE_QC_WAITING_FOR_VERIFIED_INTEGRATION 2026-10-07T04:23:24.300433+00:00
EVIDENCE_QC_WAITING_FOR_VERIFIED_INTEGRATION 2026-10-07T04:23:54.300779+00:00
EVIDENCE_QC_WAITING_FOR_VERIFIED_INTEGRATION 2026-10-07T04:24:24.301163+00:00
EVIDENCE_QC_WAITING_FOR_VERIFIED_INTEGRATION 2026-10-07T04:24:54.301501+00:00
EVIDENCE_QC_WAITING_FOR_VERIFIED_INTEGRATION 2026-10-07T04:25:24.301842+00:00
EVIDENCE_QC_WAITING_FOR_VERIFIED_INTEGRATION 2026-10-07T04:25:54.302255+00:00
EVIDENCE_QC_WAITING_FOR_VERIFIED_INTEGRATION 2026-10-07T04:26:24.302600+00:00
EVIDENCE_QC_WAITING_FOR_VERIFIED_INTEGRATION 2026-10-07T04:26:54.302966+00:00
EVIDENCE_QC_WAITING_FOR_VERIFIED_INTEGRATION 2026-10-07T04:27:24.303312+00:00
EVIDENCE_QC_WAITING_FOR_VERIFIED_INTEGRATION 2026-10-07T04:27:54.303626+00:00
EVIDENCE_QC_WAITING_FOR_VERIFIED_INTEGRATION 2026-10-07T04:28:24.303997+00:00
EVIDENCE_QC_WAITING_FOR_VERIFIED_INTEGRATION 2026-10-07T04:28:54.304334+00:00
EVIDENCE_QC_WAITING_FOR_VERIFIED_INTEGRATION 2026-10-07T04:29:24.304644+00:00
EVIDENCE_QC_WAITING_FOR_VERIFIED_INTEGRATION 2026-10-07T04:29:54.304933+00:00
EVIDENCE_QC_WAITING_FOR_VERIFIED_INTEGRATION 2026-10-07T04:30:24.305243+00:00
EVIDENCE_QC_WAITING_FOR_VERIFIED_INTEGRATION 2026-10-07T04:30:54.305553+00:00
EVIDENCE_QC_WAITING_FOR_VERIFIED_INTEGRATION 2026-10-07T04:31:24.305846+00:00
EVIDENCE_QC_WAITING_FOR_VERIFIED_INTEGRATION 2026-10-07T04:31:54.306211+00:00
EVIDENCE_QC_WAITING_FOR_VERIFIED_INTEGRATION 2026-10-07T04:32:24.306554+00:00
EVIDENCE_QC_WAITING_FOR_VERIFIED_INTEGRATION 2026-10-07T04:32:54.306821+00:00
EVIDENCE_QC_WAITING_FOR_VERIFIED_INTEGRATION 2026-10-07T04:33:24.307168+00:00
EVIDENCE_QC_WAITING_FOR_VERIFIED_INTEGRATION 2026-10-07T04:33:54.307494+00:00
EVIDENCE_QC_WAITING_FOR_VERIFIED_INTEGRATION 2026-10-07T04:34:24.307839+00:00
EVIDENCE_QC_WAITING_FOR_VERIFIED_INTEGRATION 2026-10-07T04:34:54.308224+00:00
EVIDENCE_QC_WAITING_FOR_VERIFIED_INTEGRATION 2026-10-07T04:35:24.308585+00:00
EVIDENCE_QC_WAITING_FOR_VERIFIED_INTEGRATION 2026-10-07T04:35:54.308964+00:00
EVIDENCE_QC_WAITING_FOR_VERIFIED_INTEGRATION 2026-10-07T04:36:24.309291+00:00
EVIDENCE_QC_WAITING_FOR_VERIFIED_INTEGRATION 2026-10-07T04:36:54.309643+00:00
EVIDENCE_QC_WAITING_FOR_VERIFIED_INTEGRATION 2026-10-07T04:37:24.310029+00:00
EVIDENCE_QC_WAITING_FOR_VERIFIED_INTEGRATION 2026-10-07T04:37:54.310361+00:00
EVIDENCE_QC_WAITING_FOR_VERIFIED_INTEGRATION 2026-10-07T04:38:24.310661+00:00
EVIDENCE_QC_WAITING_FOR_VERIFIED_INTEGRATION 2026-10-07T04:38:54.311047+00:00
EVIDENCE_QC_WAITING_FOR_VERIFIED_INTEGRATION 2026-10-07T04:39:24.311668+00:00
EVIDENCE_QC_WAITING_FOR_VERIFIED_INTEGRATION 2026-10-07T04:39:54.312071+00:00
EVIDENCE_QC_WAITING_FOR_VERIFIED_INTEGRATION 2026-10-07T04:40:24.312434+00:00
EVIDENCE_QC_WAITING_FOR_VERIFIED_INTEGRATION 2026-10-07T04:40:54.312782+00:00
EVIDENCE_QC_WAITING_FOR_VERIFIED_INTEGRATION 2026-10-07T04:41:24.313161+00:00
EVIDENCE_QC_WAITING_FOR_VERIFIED_INTEGRATION 2026-10-07T04:41:54.313494+00:00
EVIDENCE_QC_WAITING_FOR_VERIFIED_INTEGRATION 2026-10-07T04:42:24.313866+00:00
EVIDENCE_QC_WAITING_FOR_VERIFIED_INTEGRATION 2026-10-07T04:42:54.314233+00:00
EVIDENCE_QC_WAITING_FOR_VERIFIED_INTEGRATION 2026-10-07T04:43:24.314607+00:00
EVIDENCE_QC_WAITING_FOR_VERIFIED_INTEGRATION 2026-10-07T04:43:54.314923+00:00
EVIDENCE_QC_WAITING_FOR_VERIFIED_INTEGRATION 2026-10-07T04:44:24.315385+00:00
EVIDENCE_QC_WAITING_FOR_VERIFIED_INTEGRATION 2026-10-07T04:44:54.315728+00:00
EVIDENCE_QC_WAITING_FOR_VERIFIED_INTEGRATION 2026-10-07T04:45:24.316009+00:00
EVIDENCE_QC_WAITING_FOR_VERIFIED_INTEGRATION 2026-10-07T04:45:54.316331+00:00
EVIDENCE_QC_WAITING_FOR_VERIFIED_INTEGRATION 2026-10-07T04:46:24.316709+00:00
EVIDENCE_QC_WAITING_FOR_VERIFIED_INTEGRATION 2026-10-07T04:46:54.317097+00:00
EVIDENCE_QC_WAITING_FOR_VERIFIED_INTEGRATION 2026-10-07T04:47:24.317474+00:00
EVIDENCE_QC_WAITING_FOR_VERIFIED_INTEGRATION 2026-10-07T04:47:54.317772+00:00
EVIDENCE_QC_WAITING_FOR_VERIFIED_INTEGRATION 2026-10-07T04:48:24.318046+00:00
EVIDENCE_QC_WAITING_FOR_VERIFIED_INTEGRATION 2026-10-07T04:48:54.318412+00:00
EVIDENCE_QC_WAITING_FOR_VERIFIED_INTEGRATION 2026-10-07T04:49:24.318773+00:00
EVIDENCE_QC_WAITING_FOR_VERIFIED_INTEGRATION 2026-10-07T04:49:54.319158+00:00
EVIDENCE_QC_WAITING_FOR_VERIFIED_INTEGRATION 2026-10-07T04:50:24.319802+00:00
EVIDENCE_QC_WAITING_FOR_VERIFIED_INTEGRATION 2026-10-07T04:50:54.320213+00:00
EVIDENCE_QC_WAITING_FOR_VERIFIED_INTEGRATION 2026-10-07T04:51:24.320571+00:00
EVIDENCE_QC_WAITING_FOR_VERIFIED_INTEGRATION 2026-10-07T04:51:54.320919+00:00
EVIDENCE_QC_WAITING_FOR_VERIFIED_INTEGRATION 2026-10-07T04:52:24.321216+00:00
EVIDENCE_QC_WAITING_FOR_VERIFIED_INTEGRATION 2026-10-07T04:52:54.321502+00:00
EVIDENCE_QC_WAITING_FOR_VERIFIED_INTEGRATION 2026-10-07T04:53:24.321829+00:00
EVIDENCE_QC_WAITING_FOR_VERIFIED_INTEGRATION 2026-10-07T04:53:54.322245+00:00
EVIDENCE_QC_WAITING_FOR_VERIFIED_INTEGRATION 2026-10-07T04:54:24.322594+00:00
EVIDENCE_QC_WAITING_FOR_VERIFIED_INTEGRATION 2026-10-07T04:54:54.322990+00:00
EVIDENCE_QC_WAITING_FOR_VERIFIED_INTEGRATION 2026-10-07T04:55:24.323305+00:00
EVIDENCE_QC_WAITING_FOR_VERIFIED_INTEGRATION 2026-10-07T04:55:54.323638+00:00
EVIDENCE_QC_WAITING_FOR_VERIFIED_INTEGRATION 2026-10-07T04:56:24.324011+00:00
EVIDENCE_QC_WAITING_FOR_VERIFIED_INTEGRATION 2026-10-07T04:56:54.324357+00:00
EVIDENCE_QC_WAITING_FOR_VERIFIED_INTEGRATION 2026-10-07T04:57:24.324707+00:00
EVIDENCE_QC_WAITING_FOR_VERIFIED_INTEGRATION 2026-10-07T04:57:54.325058+00:00
EVIDENCE_QC_WAITING_FOR_VERIFIED_INTEGRATION 2026-10-07T04:58:24.325353+00:00
EVIDENCE_QC_WAITING_FOR_VERIFIED_INTEGRATION 2026-10-07T04:58:54.325696+00:00
EVIDENCE_QC_WAITING_FOR_VERIFIED_INTEGRATION 2026-10-07T04:59:24.326051+00:00
EVIDENCE_QC_WAITING_FOR_VERIFIED_INTEGRATION 2026-10-07T04:59:54.326393+00:00
EVIDENCE_QC_WAITING_FOR_VERIFIED_INTEGRATION 2026-10-07T05:00:24.327036+00:00
EVIDENCE_QC_WAITING_FOR_VERIFIED_INTEGRATION 2026-10-07T05:00:54.327402+00:00
EVIDENCE_QC_WAITING_FOR_VERIFIED_INTEGRATION 2026-10-07T05:01:24.327703+00:00
EVIDENCE_QC_WAITING_FOR_VERIFIED_INTEGRATION 2026-10-07T05:01:54.328283+00:00
EVIDENCE_QC_WAITING_FOR_VERIFIED_INTEGRATION 2026-10-07T05:02:24.328631+00:00
EVIDENCE_QC_WAITING_FOR_VERIFIED_INTEGRATION 2026-10-07T05:02:54.329071+00:00
EVIDENCE_QC_WAITING_FOR_VERIFIED_INTEGRATION 2026-10-07T05:03:24.329447+00:00
EVIDENCE_QC_WAITING_FOR_VERIFIED_INTEGRATION 2026-10-07T05:03:54.329793+00:00
EVIDENCE_QC_WAITING_FOR_VERIFIED_INTEGRATION 2026-10-07T05:04:24.330187+00:00
EVIDENCE_QC_WAITING_FOR_VERIFIED_INTEGRATION 2026-10-07T05:04:54.330831+00:00
EVIDENCE_QC_WAITING_FOR_VERIFIED_INTEGRATION 2026-10-07T05:05:24.331216+00:00
EVIDENCE_QC_WAITING_FOR_VERIFIED_INTEGRATION 2026-10-07T05:05:54.331561+00:00
EVIDENCE_QC_WAITING_FOR_VERIFIED_INTEGRATION 2026-10-07T05:06:24.331912+00:00
EVIDENCE_QC_WAITING_FOR_VERIFIED_INTEGRATION 2026-10-07T05:06:54.332283+00:00
EVIDENCE_QC_WAITING_FOR_VERIFIED_INTEGRATION 2026-10-07T05:07:24.332613+00:00
EVIDENCE_QC_WAITING_FOR_VERIFIED_INTEGRATION 2026-10-07T05:07:54.332959+00:00
EVIDENCE_QC_WAITING_FOR_VERIFIED_INTEGRATION 2026-10-07T05:08:24.333311+00:00
EVIDENCE_QC_WAITING_FOR_VERIFIED_INTEGRATION 2026-10-07T05:08:54.333663+00:00
EVIDENCE_QC_WAITING_FOR_VERIFIED_INTEGRATION 2026-10-07T05:09:24.334077+00:00
EVIDENCE_QC_WAITING_FOR_VERIFIED_INTEGRATION 2026-10-07T05:09:54.334438+00:00
EVIDENCE_QC_WAITING_FOR_VERIFIED_INTEGRATION 2026-10-07T05:10:24.334820+00:00
EVIDENCE_QC_WAITING_FOR_VERIFIED_INTEGRATION 2026-10-07T05:10:54.335238+00:00
EVIDENCE_QC_WAITING_FOR_VERIFIED_INTEGRATION 2026-10-07T05:11:24.335582+00:00
EVIDENCE_QC_WAITING_FOR_VERIFIED_INTEGRATION 2026-10-07T05:11:54.335991+00:00
EVIDENCE_QC_WAITING_FOR_VERIFIED_INTEGRATION 2026-10-07T05:12:24.336340+00:00
EVIDENCE_QC_WAITING_FOR_VERIFIED_INTEGRATION 2026-10-07T05:12:54.337057+00:00
EVIDENCE_QC_WAITING_FOR_VERIFIED_INTEGRATION 2026-10-07T05:13:24.337440+00:00
EVIDENCE_QC_WAITING_FOR_VERIFIED_INTEGRATION 2026-10-07T05:13:54.337816+00:00
EVIDENCE_QC_WAITING_FOR_VERIFIED_INTEGRATION 2026-10-07T05:14:24.338202+00:00
EVIDENCE_QC_WAITING_FOR_VERIFIED_INTEGRATION 2026-10-07T05:14:54.338532+00:00
EVIDENCE_QC_WAITING_FOR_VERIFIED_INTEGRATION 2026-10-07T05:15:24.338868+00:00
EVIDENCE_QC_WAITING_FOR_VERIFIED_INTEGRATION 2026-10-07T05:15:54.339284+00:00
EVIDENCE_QC_WAITING_FOR_VERIFIED_INTEGRATION 2026-10-07T05:16:24.339622+00:00
EVIDENCE_QC_WAITING_FOR_VERIFIED_INTEGRATION 2026-10-07T05:16:54.340056+00:00
EVIDENCE_QC_WAITING_FOR_VERIFIED_INTEGRATION 2026-10-07T05:17:24.340679+00:00
EVIDENCE_QC_WAITING_FOR_VERIFIED_INTEGRATION 2026-10-07T05:17:54.341035+00:00
EVIDENCE_QC_WAITING_FOR_VERIFIED_INTEGRATION 2026-10-07T05:18:24.341387+00:00
EVIDENCE_QC_WAITING_FOR_VERIFIED_INTEGRATION 2026-10-07T05:18:54.341757+00:00
EVIDENCE_QC_WAITING_FOR_VERIFIED_INTEGRATION 2026-10-07T05:19:24.342197+00:00
EVIDENCE_QC_WAITING_FOR_VERIFIED_INTEGRATION 2026-10-07T05:19:54.342565+00:00
EVIDENCE_QC_WAITING_FOR_VERIFIED_INTEGRATION 2026-10-07T05:20:24.342946+00:00
EVIDENCE_QC_WAITING_FOR_VERIFIED_INTEGRATION 2026-10-07T05:20:54.343283+00:00
EVIDENCE_QC_WAITING_FOR_VERIFIED_INTEGRATION 2026-10-07T05:21:24.343645+00:00
EVIDENCE_QC_WAITING_FOR_VERIFIED_INTEGRATION 2026-10-07T05:21:54.344060+00:00
EVIDENCE_QC_WAITING_FOR_VERIFIED_INTEGRATION 2026-10-07T05:22:24.344556+00:00
EVIDENCE_QC_WAITING_FOR_VERIFIED_INTEGRATION 2026-10-07T05:22:54.344972+00:00
EVIDENCE_QC_WAITING_FOR_VERIFIED_INTEGRATION 2026-10-07T05:23:24.345332+00:00
EVIDENCE_QC_WAITING_FOR_VERIFIED_INTEGRATION 2026-10-07T05:23:54.345693+00:00
EVIDENCE_QC_WAITING_FOR_VERIFIED_INTEGRATION 2026-10-07T05:24:24.346056+00:00
EVIDENCE_QC_WAITING_FOR_VERIFIED_INTEGRATION 2026-10-07T05:24:54.346418+00:00
EVIDENCE_QC_WAITING_FOR_VERIFIED_INTEGRATION 2026-10-07T05:25:24.346742+00:00
EVIDENCE_QC_WAITING_FOR_VERIFIED_INTEGRATION 2026-10-07T05:25:54.347046+00:00
EVIDENCE_QC_WAITING_FOR_VERIFIED_INTEGRATION 2026-10-07T05:26:24.347698+00:00
EVIDENCE_QC_WAITING_FOR_VERIFIED_INTEGRATION 2026-10-07T05:26:54.348041+00:00
EVIDENCE_QC_WAITING_FOR_VERIFIED_INTEGRATION 2026-10-07T05:27:24.348336+00:00
EVIDENCE_QC_WAITING_FOR_VERIFIED_INTEGRATION 2026-10-07T05:27:54.348648+00:00
EVIDENCE_QC_WAITING_FOR_VERIFIED_INTEGRATION 2026-10-07T05:28:24.349024+00:00
EVIDENCE_QC_WAITING_FOR_VERIFIED_INTEGRATION 2026-10-07T05:28:54.349376+00:00
EVIDENCE_QC_WAITING_FOR_VERIFIED_INTEGRATION 2026-10-07T05:29:24.349757+00:00
EVIDENCE_QC_WAITING_FOR_VERIFIED_INTEGRATION 2026-10-07T05:29:54.350128+00:00
EVIDENCE_QC_WAITING_FOR_VERIFIED_INTEGRATION 2026-10-07T05:30:24.350495+00:00
EVIDENCE_QC_WAITING_FOR_VERIFIED_INTEGRATION 2026-10-07T05:30:54.350806+00:00
EVIDENCE_QC_WAITING_FOR_VERIFIED_INTEGRATION 2026-10-07T05:31:24.351189+00:00
EVIDENCE_QC_WAITING_FOR_VERIFIED_INTEGRATION 2026-10-07T05:31:54.351543+00:00
EVIDENCE_QC_WAITING_FOR_VERIFIED_INTEGRATION 2026-10-07T05:32:24.351968+00:00
EVIDENCE_QC_WAITING_FOR_VERIFIED_INTEGRATION 2026-10-07T05:32:54.352266+00:00
EVIDENCE_QC_WAITING_FOR_VERIFIED_INTEGRATION 2026-10-07T05:33:24.352581+00:00
EVIDENCE_QC_WAITING_FOR_VERIFIED_INTEGRATION 2026-10-07T05:33:54.353183+00:00
EVIDENCE_QC_WAITING_FOR_VERIFIED_INTEGRATION 2026-10-07T05:34:24.353570+00:00
EVIDENCE_QC_WAITING_FOR_VERIFIED_INTEGRATION 2026-10-07T05:34:54.353987+00:00
EVIDENCE_QC_WAITING_FOR_VERIFIED_INTEGRATION 2026-10-07T05:35:24.354335+00:00
EVIDENCE_QC_WAITING_FOR_VERIFIED_INTEGRATION 2026-10-07T05:35:54.354713+00:00
EVIDENCE_QC_WAITING_FOR_VERIFIED_INTEGRATION 2026-10-07T05:36:24.355066+00:00
EVIDENCE_QC_WAITING_FOR_VERIFIED_INTEGRATION 2026-10-07T05:36:54.355353+00:00
EVIDENCE_QC_WAITING_FOR_VERIFIED_INTEGRATION 2026-10-07T05:37:24.355637+00:00
EVIDENCE_QC_WAITING_FOR_VERIFIED_INTEGRATION 2026-10-07T05:37:54.356005+00:00
EVIDENCE_QC_WAITING_FOR_VERIFIED_INTEGRATION 2026-10-07T05:38:24.356335+00:00
EVIDENCE_QC_WAITING_FOR_VERIFIED_INTEGRATION 2026-10-07T05:38:54.356647+00:00
EVIDENCE_QC_WAITING_FOR_VERIFIED_INTEGRATION 2026-10-07T05:39:24.356980+00:00
EVIDENCE_QC_WAITING_FOR_VERIFIED_INTEGRATION 2026-10-07T05:39:54.357312+00:00
EVIDENCE_QC_WAITING_FOR_VERIFIED_INTEGRATION 2026-10-07T05:40:24.357664+00:00
EVIDENCE_QC_WAITING_FOR_VERIFIED_INTEGRATION 2026-10-07T05:40:54.358053+00:00
EVIDENCE_QC_WAITING_FOR_VERIFIED_INTEGRATION 2026-10-07T05:41:24.358352+00:00
EVIDENCE_QC_WAITING_FOR_VERIFIED_INTEGRATION 2026-10-07T05:41:54.358687+00:00
EVIDENCE_QC_WAITING_FOR_VERIFIED_INTEGRATION 2026-10-07T05:42:24.359055+00:00
EVIDENCE_QC_WAITING_FOR_VERIFIED_INTEGRATION 2026-10-07T05:42:54.359411+00:00
EVIDENCE_QC_WAITING_FOR_VERIFIED_INTEGRATION 2026-10-07T05:43:24.359784+00:00
EVIDENCE_QC_WAITING_FOR_VERIFIED_INTEGRATION 2026-10-07T05:43:54.360192+00:00
EVIDENCE_QC_WAITING_FOR_VERIFIED_INTEGRATION 2026-10-07T05:44:24.360519+00:00
EVIDENCE_QC_WAITING_FOR_VERIFIED_INTEGRATION 2026-10-07T05:44:54.360947+00:00
EVIDENCE_QC_WAITING_FOR_VERIFIED_INTEGRATION 2026-10-07T05:45:24.361335+00:00
EVIDENCE_QC_WAITING_FOR_VERIFIED_INTEGRATION 2026-10-07T05:45:54.361682+00:00
EVIDENCE_QC_WAITING_FOR_VERIFIED_INTEGRATION 2026-10-07T05:46:24.362047+00:00
EVIDENCE_QC_WAITING_FOR_VERIFIED_INTEGRATION 2026-10-07T05:46:54.362384+00:00
EVIDENCE_QC_WAITING_FOR_VERIFIED_INTEGRATION 2026-10-07T05:47:24.362713+00:00
EVIDENCE_QC_WAITING_FOR_VERIFIED_INTEGRATION 2026-10-07T05:47:54.363079+00:00
EVIDENCE_QC_WAITING_FOR_VERIFIED_INTEGRATION 2026-10-07T05:48:24.363424+00:00
EVIDENCE_QC_WAITING_FOR_VERIFIED_INTEGRATION 2026-10-07T05:48:54.363686+00:00
EVIDENCE_QC_WAITING_FOR_VERIFIED_INTEGRATION 2026-10-07T05:49:24.364075+00:00
EVIDENCE_QC_WAITING_FOR_VERIFIED_INTEGRATION 2026-10-07T05:49:54.364431+00:00
EVIDENCE_QC_WAITING_FOR_VERIFIED_INTEGRATION 2026-10-07T05:50:24.364812+00:00
EVIDENCE_QC_WAITING_FOR_VERIFIED_INTEGRATION 2026-10-07T05:50:54.365286+00:00
EVIDENCE_QC_WAITING_FOR_VERIFIED_INTEGRATION 2026-10-07T05:51:24.365646+00:00
EVIDENCE_QC_WAITING_FOR_VERIFIED_INTEGRATION 2026-10-07T05:51:54.366091+00:00
EVIDENCE_QC_WAITING_FOR_VERIFIED_INTEGRATION 2026-10-07T05:52:24.366466+00:00
EVIDENCE_QC_WAITING_FOR_VERIFIED_INTEGRATION 2026-10-07T05:52:54.366821+00:00
EVIDENCE_QC_WAITING_FOR_VERIFIED_INTEGRATION 2026-10-07T05:53:24.367207+00:00
EVIDENCE_QC_WAITING_FOR_VERIFIED_INTEGRATION 2026-10-07T05:53:54.367544+00:00
EVIDENCE_QC_WAITING_FOR_VERIFIED_INTEGRATION 2026-10-07T05:54:24.367850+00:00
EVIDENCE_QC_WAITING_FOR_VERIFIED_INTEGRATION 2026-10-07T05:54:54.368283+00:00
EVIDENCE_QC_WAITING_FOR_VERIFIED_INTEGRATION 2026-10-07T05:55:24.368624+00:00
EVIDENCE_QC_WAITING_FOR_VERIFIED_INTEGRATION 2026-10-07T05:55:54.369036+00:00
EVIDENCE_QC_WAITING_FOR_VERIFIED_INTEGRATION 2026-10-07T05:56:24.369405+00:00
EVIDENCE_QC_WAITING_FOR_VERIFIED_INTEGRATION 2026-10-07T05:56:54.369728+00:00
EVIDENCE_QC_WAITING_FOR_VERIFIED_INTEGRATION 2026-10-07T05:57:24.369994+00:00
EVIDENCE_QC_WAITING_FOR_VERIFIED_INTEGRATION 2026-10-07T05:57:54.370298+00:00
EVIDENCE_QC_WAITING_FOR_VERIFIED_INTEGRATION 2026-10-07T05:58:24.370562+00:00
EVIDENCE_QC_WAITING_FOR_VERIFIED_INTEGRATION 2026-10-07T05:58:54.370908+00:00
EVIDENCE_QC_WAITING_FOR_VERIFIED_INTEGRATION 2026-10-07T05:59:24.371268+00:00
EVIDENCE_QC_WAITING_FOR_VERIFIED_INTEGRATION 2026-10-07T05:59:54.371604+00:00
EVIDENCE_QC_WAITING_FOR_VERIFIED_INTEGRATION 2026-10-07T06:00:24.371990+00:00
EVIDENCE_QC_WAITING_FOR_VERIFIED_INTEGRATION 2026-10-07T06:00:54.372350+00:00
EVIDENCE_QC_WAITING_FOR_VERIFIED_INTEGRATION 2026-10-07T06:01:24.372703+00:00
EVIDENCE_QC_WAITING_FOR_VERIFIED_INTEGRATION 2026-10-07T06:01:54.373002+00:00
EVIDENCE_QC_WAITING_FOR_VERIFIED_INTEGRATION 2026-10-07T06:02:24.373328+00:00
EVIDENCE_QC_WAITING_FOR_VERIFIED_INTEGRATION 2026-10-07T06:02:54.373753+00:00
EVIDENCE_QC_WAITING_FOR_VERIFIED_INTEGRATION 2026-10-07T06:03:24.374084+00:00
EVIDENCE_QC_WAITING_FOR_VERIFIED_INTEGRATION 2026-10-07T06:03:54.374387+00:00
EVIDENCE_QC_WAITING_FOR_VERIFIED_INTEGRATION 2026-10-07T06:04:24.374740+00:00
EVIDENCE_QC_WAITING_FOR_VERIFIED_INTEGRATION 2026-10-07T06:04:54.375261+00:00
Traceback (most recent call last):
  File "/workspace/mitosis-day15-stage/finalize_evidence_quality_v3.py", line 17, in <module>
    if datetime.now(timezone.utc)>=datetime.fromisoformat('2026-10-07T06:05:00+00:00'):raise RuntimeError('Evidence QC cutoff; staged source remains for the next session')
                                                                                       ^^^^^^^^^^^^^^^^^^^^^^^^^^^^^^^^^^^^^^^^^^^^^^^^^^^^^^^^^^^^^^^^^^^^^^^^^^^^^^^^^^^^
RuntimeError: Evidence QC cutoff; staged source remains for the next session
