RUN /usr/local/bin/python -u -m experiments.day17_static_tuning --rank 96 --learning-rate 0.0002 --seed 2031 --order b_first --output results/day17_rank96_reference_replay --deadline-utc 2026-10-07T03:15:00+00:00
RUN /usr/local/bin/python -u -m experiments.day17_static_replay_gate --output results/day17_rank96_reference_replay
RUN git add -A
RUN git commit -m Preserve isolated pilot-selected static baseline progress
[day17-static-tuning-20261006 0a5415c] Preserve isolated pilot-selected static baseline progress
 15 files changed, 720 insertions(+)
 create mode 100644 logs/day17_rank96_reference_replay.txt
 create mode 100644 logs/day17_rank96_reference_replay_verify.txt
 create mode 100644 notes/day17_static_tuning_execution.json
 create mode 100644 results/day17_checkpoint_preservation_manifest.json
 create mode 100644 results/day17_rank96_reference_replay/checkpoint/adapters/README.md
 create mode 100644 results/day17_rank96_reference_replay/checkpoint/adapters/adapter_config.json
 create mode 100644 results/day17_rank96_reference_replay/checkpoint/adapters/adapter_model.safetensors
 create mode 100644 results/day17_rank96_reference_replay/checkpoint/learner_state.pt
 create mode 100644 results/day17_rank96_reference_replay/eval_matrix.csv
 create mode 100644 results/day17_rank96_reference_replay/events.jsonl
 create mode 100644 results/day17_rank96_reference_replay/label_free_eval.csv
 create mode 100644 results/day17_rank96_reference_replay/provenance.json
 create mode 100644 results/day17_rank96_reference_replay/routing.csv
 create mode 100644 results/day17_rank96_reference_replay/static_replay_verification.json
 create mode 100644 results/day17_rank96_reference_replay/summary.json
RUN git push origin day17-static-tuning-20261006
To https://github.com/anitusiruk/mitosis-interference.git
   eb9b997..0a5415c  day17-static-tuning-20261006 -> day17-static-tuning-20261006
STATIC_BASELINE_PROGRESS_PUSHED 0a5415c2cc157b1fa36a36b72505dd9536c7adee
STATIC_BASELINE_JOB day17_rank96_reference_replay completed
RUN /usr/local/bin/python -u -m experiments.day17_static_tuning --rank 8 --learning-rate 2e-05 --seed 2026 --order canonical --output results/day17_pilot_rank8_lr20_seed2026_canonical --deadline-utc 2026-10-07T03:15:00+00:00
RUN /usr/local/bin/python -u -m experiments.day17_static_tuning_report
RUN git add -A
RUN git commit -m Preserve isolated pilot-selected static baseline progress
[day17-static-tuning-20261006 3f3fa71] Preserve isolated pilot-selected static baseline progress
 16 files changed, 718 insertions(+)
 create mode 100644 logs/day17_pilot_rank8_lr20_seed2026_canonical.txt
 create mode 100644 logs/day17_pilot_rank8_lr20_seed2026_canonical_report.txt
 create mode 100644 notes/day17_static_tuning_results.md
 create mode 100644 results/day17_pilot_rank8_lr20_seed2026_canonical/checkpoint/adapters/README.md
 create mode 100644 results/day17_pilot_rank8_lr20_seed2026_canonical/checkpoint/adapters/adapter_config.json
 create mode 100644 results/day17_pilot_rank8_lr20_seed2026_canonical/checkpoint/adapters/adapter_model.safetensors
 create mode 100644 results/day17_pilot_rank8_lr20_seed2026_canonical/checkpoint/learner_state.pt
 create mode 100644 results/day17_pilot_rank8_lr20_seed2026_canonical/eval_matrix.csv
 create mode 100644 results/day17_pilot_rank8_lr20_seed2026_canonical/events.jsonl
 create mode 100644 results/day17_pilot_rank8_lr20_seed2026_canonical/label_free_eval.csv
 create mode 100644 results/day17_pilot_rank8_lr20_seed2026_canonical/provenance.json
 create mode 100644 results/day17_pilot_rank8_lr20_seed2026_canonical/routing.csv
 create mode 100644 results/day17_pilot_rank8_lr20_seed2026_canonical/summary.json
 create mode 100644 results/day17_static_pilot_grid.csv
RUN git push origin day17-static-tuning-20261006
Uploading LFS objects: 100% (2/2), 15 MB | 0 B/s, done.
To https://github.com/anitusiruk/mitosis-interference.git
   0a5415c..3f3fa71  day17-static-tuning-20261006 -> day17-static-tuning-20261006
STATIC_BASELINE_PROGRESS_PUSHED 3f3fa715e96190d9947430fa82d77b220d4b67bc
STATIC_BASELINE_JOB day17_pilot_rank8_lr20_seed2026_canonical completed
RUN /usr/local/bin/python -u -m experiments.day17_static_tuning --rank 8 --learning-rate 2e-05 --seed 2026 --order b_first --output results/day17_pilot_rank8_lr20_seed2026_b_first --deadline-utc 2026-10-07T03:15:00+00:00
RUN /usr/local/bin/python -u -m experiments.day17_static_tuning_report
RUN git add -A
RUN git commit -m Preserve isolated pilot-selected static baseline progress
[day17-static-tuning-20261006 fec3bc5] Preserve isolated pilot-selected static baseline progress
 16 files changed, 704 insertions(+), 1 deletion(-)
 create mode 100644 logs/day17_pilot_rank8_lr20_seed2026_b_first.txt
 create mode 100644 logs/day17_pilot_rank8_lr20_seed2026_b_first_report.txt
 create mode 100644 results/day17_pilot_rank8_lr20_seed2026_b_first/checkpoint/adapters/README.md
 create mode 100644 results/day17_pilot_rank8_lr20_seed2026_b_first/checkpoint/adapters/adapter_config.json
 create mode 100644 results/day17_pilot_rank8_lr20_seed2026_b_first/checkpoint/adapters/adapter_model.safetensors
 create mode 100644 results/day17_pilot_rank8_lr20_seed2026_b_first/checkpoint/learner_state.pt
 create mode 100644 results/day17_pilot_rank8_lr20_seed2026_b_first/eval_matrix.csv
 create mode 100644 results/day17_pilot_rank8_lr20_seed2026_b_first/events.jsonl
 create mode 100644 results/day17_pilot_rank8_lr20_seed2026_b_first/label_free_eval.csv
 create mode 100644 results/day17_pilot_rank8_lr20_seed2026_b_first/provenance.json
 create mode 100644 results/day17_pilot_rank8_lr20_seed2026_b_first/routing.csv
 create mode 100644 results/day17_pilot_rank8_lr20_seed2026_b_first/summary.json
RUN git push origin day17-static-tuning-20261006
Uploading LFS objects: 100% (2/2), 15 MB | 6.6 MB/s, done.
To https://github.com/anitusiruk/mitosis-interference.git
   3f3fa71..fec3bc5  day17-static-tuning-20261006 -> day17-static-tuning-20261006
STATIC_BASELINE_PROGRESS_PUSHED fec3bc5bdb60d3e44a175993c7231959bb3c42ad
STATIC_BASELINE_JOB day17_pilot_rank8_lr20_seed2026_b_first completed
RUN /usr/local/bin/python -u -m experiments.day17_static_tuning --rank 8 --learning-rate 5e-05 --seed 2026 --order canonical --output results/day17_pilot_rank8_lr50_seed2026_canonical --deadline-utc 2026-10-07T03:15:00+00:00
RUN /usr/local/bin/python -u -m experiments.day17_static_tuning_report
RUN git add -A
RUN git commit -m Preserve isolated pilot-selected static baseline progress
[day17-static-tuning-20261006 0b452bd] Preserve isolated pilot-selected static baseline progress
 16 files changed, 704 insertions(+), 1 deletion(-)
 create mode 100644 logs/day17_pilot_rank8_lr50_seed2026_canonical.txt
 create mode 100644 logs/day17_pilot_rank8_lr50_seed2026_canonical_report.txt
 create mode 100644 results/day17_pilot_rank8_lr50_seed2026_canonical/checkpoint/adapters/README.md
 create mode 100644 results/day17_pilot_rank8_lr50_seed2026_canonical/checkpoint/adapters/adapter_config.json
 create mode 100644 results/day17_pilot_rank8_lr50_seed2026_canonical/checkpoint/adapters/adapter_model.safetensors
 create mode 100644 results/day17_pilot_rank8_lr50_seed2026_canonical/checkpoint/learner_state.pt
 create mode 100644 results/day17_pilot_rank8_lr50_seed2026_canonical/eval_matrix.csv
 create mode 100644 results/day17_pilot_rank8_lr50_seed2026_canonical/events.jsonl
 create mode 100644 results/day17_pilot_rank8_lr50_seed2026_canonical/label_free_eval.csv
 create mode 100644 results/day17_pilot_rank8_lr50_seed2026_canonical/provenance.json
 create mode 100644 results/day17_pilot_rank8_lr50_seed2026_canonical/routing.csv
 create mode 100644 results/day17_pilot_rank8_lr50_seed2026_canonical/summary.json
RUN git push origin day17-static-tuning-20261006
Uploading LFS objects: 100% (2/2), 15 MB | 0 B/s, done.
To https://github.com/anitusiruk/mitosis-interference.git
   fec3bc5..0b452bd  day17-static-tuning-20261006 -> day17-static-tuning-20261006
STATIC_BASELINE_PROGRESS_PUSHED 0b452bdca5df6a52f57b725c8119f8314ca3242d
STATIC_BASELINE_JOB day17_pilot_rank8_lr50_seed2026_canonical completed
RUN /usr/local/bin/python -u -m experiments.day17_static_tuning --rank 8 --learning-rate 5e-05 --seed 2026 --order b_first --output results/day17_pilot_rank8_lr50_seed2026_b_first --deadline-utc 2026-10-07T03:15:00+00:00
RUN /usr/local/bin/python -u -m experiments.day17_static_tuning_report
RUN git add -A
RUN git commit -m Preserve isolated pilot-selected static baseline progress
[day17-static-tuning-20261006 287d7a3] Preserve isolated pilot-selected static baseline progress
 16 files changed, 704 insertions(+), 1 deletion(-)
 create mode 100644 logs/day17_pilot_rank8_lr50_seed2026_b_first.txt
 create mode 100644 logs/day17_pilot_rank8_lr50_seed2026_b_first_report.txt
 create mode 100644 results/day17_pilot_rank8_lr50_seed2026_b_first/checkpoint/adapters/README.md
 create mode 100644 results/day17_pilot_rank8_lr50_seed2026_b_first/checkpoint/adapters/adapter_config.json
 create mode 100644 results/day17_pilot_rank8_lr50_seed2026_b_first/checkpoint/adapters/adapter_model.safetensors
 create mode 100644 results/day17_pilot_rank8_lr50_seed2026_b_first/checkpoint/learner_state.pt
 create mode 100644 results/day17_pilot_rank8_lr50_seed2026_b_first/eval_matrix.csv
 create mode 100644 results/day17_pilot_rank8_lr50_seed2026_b_first/events.jsonl
 create mode 100644 results/day17_pilot_rank8_lr50_seed2026_b_first/label_free_eval.csv
 create mode 100644 results/day17_pilot_rank8_lr50_seed2026_b_first/provenance.json
 create mode 100644 results/day17_pilot_rank8_lr50_seed2026_b_first/routing.csv
 create mode 100644 results/day17_pilot_rank8_lr50_seed2026_b_first/summary.json
RUN git push origin day17-static-tuning-20261006
Uploading LFS objects: 100% (2/2), 15 MB | 0 B/s, done.
To https://github.com/anitusiruk/mitosis-interference.git
   0b452bd..287d7a3  day17-static-tuning-20261006 -> day17-static-tuning-20261006
STATIC_BASELINE_PROGRESS_PUSHED 287d7a3b71c998eaff43be65ded4b8ba7bbf01f5
STATIC_BASELINE_JOB day17_pilot_rank8_lr50_seed2026_b_first completed
RUN /usr/local/bin/python -u -m experiments.day17_static_tuning --rank 8 --learning-rate 0.0001 --seed 2026 --order canonical --output results/day17_pilot_rank8_lr100_seed2026_canonical --deadline-utc 2026-10-07T03:15:00+00:00
RUN /usr/local/bin/python -u -m experiments.day17_static_tuning_report
RUN git add -A
RUN git commit -m Preserve isolated pilot-selected static baseline progress
[day17-static-tuning-20261006 ff50222] Preserve isolated pilot-selected static baseline progress
 16 files changed, 704 insertions(+), 1 deletion(-)
 create mode 100644 logs/day17_pilot_rank8_lr100_seed2026_canonical.txt
 create mode 100644 logs/day17_pilot_rank8_lr100_seed2026_canonical_report.txt
 create mode 100644 results/day17_pilot_rank8_lr100_seed2026_canonical/checkpoint/adapters/README.md
 create mode 100644 results/day17_pilot_rank8_lr100_seed2026_canonical/checkpoint/adapters/adapter_config.json
 create mode 100644 results/day17_pilot_rank8_lr100_seed2026_canonical/checkpoint/adapters/adapter_model.safetensors
 create mode 100644 results/day17_pilot_rank8_lr100_seed2026_canonical/checkpoint/learner_state.pt
 create mode 100644 results/day17_pilot_rank8_lr100_seed2026_canonical/eval_matrix.csv
 create mode 100644 results/day17_pilot_rank8_lr100_seed2026_canonical/events.jsonl
 create mode 100644 results/day17_pilot_rank8_lr100_seed2026_canonical/label_free_eval.csv
 create mode 100644 results/day17_pilot_rank8_lr100_seed2026_canonical/provenance.json
 create mode 100644 results/day17_pilot_rank8_lr100_seed2026_canonical/routing.csv
 create mode 100644 results/day17_pilot_rank8_lr100_seed2026_canonical/summary.json
RUN git push origin day17-static-tuning-20261006
Uploading LFS objects: 100% (2/2), 15 MB | 0 B/s, done.
To https://github.com/anitusiruk/mitosis-interference.git
   287d7a3..ff50222  day17-static-tuning-20261006 -> day17-static-tuning-20261006
STATIC_BASELINE_PROGRESS_PUSHED ff50222d0bde8ee62ce9305e4b6a14e12fb1924d
STATIC_BASELINE_JOB day17_pilot_rank8_lr100_seed2026_canonical completed
RUN /usr/local/bin/python -u -m experiments.day17_static_tuning --rank 8 --learning-rate 0.0001 --seed 2026 --order b_first --output results/day17_pilot_rank8_lr100_seed2026_b_first --deadline-utc 2026-10-07T03:15:00+00:00
RUN /usr/local/bin/python -u -m experiments.day17_static_tuning_report
RUN git add -A
RUN git commit -m Preserve isolated pilot-selected static baseline progress
[day17-static-tuning-20261006 b5848c1] Preserve isolated pilot-selected static baseline progress
 16 files changed, 704 insertions(+), 1 deletion(-)
 create mode 100644 logs/day17_pilot_rank8_lr100_seed2026_b_first.txt
 create mode 100644 logs/day17_pilot_rank8_lr100_seed2026_b_first_report.txt
 create mode 100644 results/day17_pilot_rank8_lr100_seed2026_b_first/checkpoint/adapters/README.md
 create mode 100644 results/day17_pilot_rank8_lr100_seed2026_b_first/checkpoint/adapters/adapter_config.json
 create mode 100644 results/day17_pilot_rank8_lr100_seed2026_b_first/checkpoint/adapters/adapter_model.safetensors
 create mode 100644 results/day17_pilot_rank8_lr100_seed2026_b_first/checkpoint/learner_state.pt
 create mode 100644 results/day17_pilot_rank8_lr100_seed2026_b_first/eval_matrix.csv
 create mode 100644 results/day17_pilot_rank8_lr100_seed2026_b_first/events.jsonl
 create mode 100644 results/day17_pilot_rank8_lr100_seed2026_b_first/label_free_eval.csv
 create mode 100644 results/day17_pilot_rank8_lr100_seed2026_b_first/provenance.json
 create mode 100644 results/day17_pilot_rank8_lr100_seed2026_b_first/routing.csv
 create mode 100644 results/day17_pilot_rank8_lr100_seed2026_b_first/summary.json
RUN git push origin day17-static-tuning-20261006
Uploading LFS objects: 100% (2/2), 15 MB | 0 B/s, done.
To https://github.com/anitusiruk/mitosis-interference.git
   ff50222..b5848c1  day17-static-tuning-20261006 -> day17-static-tuning-20261006
STATIC_BASELINE_PROGRESS_PUSHED b5848c180bd652dd2ddb166ff681b3f4664e47f2
STATIC_BASELINE_JOB day17_pilot_rank8_lr100_seed2026_b_first completed
RUN /usr/local/bin/python -u -m experiments.day17_static_tuning --rank 8 --learning-rate 0.0002 --seed 2026 --order canonical --output results/day17_pilot_rank8_lr200_seed2026_canonical --deadline-utc 2026-10-07T03:15:00+00:00
RUN /usr/local/bin/python -u -m experiments.day17_static_tuning_report
RUN git add -A
RUN git commit -m Preserve isolated pilot-selected static baseline progress
[day17-static-tuning-20261006 f1adc54] Preserve isolated pilot-selected static baseline progress
 16 files changed, 704 insertions(+), 1 deletion(-)
 create mode 100644 logs/day17_pilot_rank8_lr200_seed2026_canonical.txt
 create mode 100644 logs/day17_pilot_rank8_lr200_seed2026_canonical_report.txt
 create mode 100644 results/day17_pilot_rank8_lr200_seed2026_canonical/checkpoint/adapters/README.md
 create mode 100644 results/day17_pilot_rank8_lr200_seed2026_canonical/checkpoint/adapters/adapter_config.json
 create mode 100644 results/day17_pilot_rank8_lr200_seed2026_canonical/checkpoint/adapters/adapter_model.safetensors
 create mode 100644 results/day17_pilot_rank8_lr200_seed2026_canonical/checkpoint/learner_state.pt
 create mode 100644 results/day17_pilot_rank8_lr200_seed2026_canonical/eval_matrix.csv
 create mode 100644 results/day17_pilot_rank8_lr200_seed2026_canonical/events.jsonl
 create mode 100644 results/day17_pilot_rank8_lr200_seed2026_canonical/label_free_eval.csv
 create mode 100644 results/day17_pilot_rank8_lr200_seed2026_canonical/provenance.json
 create mode 100644 results/day17_pilot_rank8_lr200_seed2026_canonical/routing.csv
 create mode 100644 results/day17_pilot_rank8_lr200_seed2026_canonical/summary.json
RUN git push origin day17-static-tuning-20261006
To https://github.com/anitusiruk/mitosis-interference.git
   b5848c1..f1adc54  day17-static-tuning-20261006 -> day17-static-tuning-20261006
STATIC_BASELINE_PROGRESS_PUSHED f1adc54b9e016b46f65f3f22214dfb9fdd620d70
STATIC_BASELINE_JOB day17_pilot_rank8_lr200_seed2026_canonical completed
RUN /usr/local/bin/python -u -m experiments.day17_static_tuning --rank 8 --learning-rate 0.0002 --seed 2026 --order b_first --output results/day17_pilot_rank8_lr200_seed2026_b_first --deadline-utc 2026-10-07T03:15:00+00:00
RUN /usr/local/bin/python -u -m experiments.day17_static_tuning_report
RUN git add -A
RUN git commit -m Preserve isolated pilot-selected static baseline progress
[day17-static-tuning-20261006 974c6ec] Preserve isolated pilot-selected static baseline progress
 16 files changed, 704 insertions(+), 1 deletion(-)
 create mode 100644 logs/day17_pilot_rank8_lr200_seed2026_b_first.txt
 create mode 100644 logs/day17_pilot_rank8_lr200_seed2026_b_first_report.txt
 create mode 100644 results/day17_pilot_rank8_lr200_seed2026_b_first/checkpoint/adapters/README.md
 create mode 100644 results/day17_pilot_rank8_lr200_seed2026_b_first/checkpoint/adapters/adapter_config.json
 create mode 100644 results/day17_pilot_rank8_lr200_seed2026_b_first/checkpoint/adapters/adapter_model.safetensors
 create mode 100644 results/day17_pilot_rank8_lr200_seed2026_b_first/checkpoint/learner_state.pt
 create mode 100644 results/day17_pilot_rank8_lr200_seed2026_b_first/eval_matrix.csv
 create mode 100644 results/day17_pilot_rank8_lr200_seed2026_b_first/events.jsonl
 create mode 100644 results/day17_pilot_rank8_lr200_seed2026_b_first/label_free_eval.csv
 create mode 100644 results/day17_pilot_rank8_lr200_seed2026_b_first/provenance.json
 create mode 100644 results/day17_pilot_rank8_lr200_seed2026_b_first/routing.csv
 create mode 100644 results/day17_pilot_rank8_lr200_seed2026_b_first/summary.json
RUN git push origin day17-static-tuning-20261006
Uploading LFS objects: 100% (2/2), 15 MB | 0 B/s, done.
To https://github.com/anitusiruk/mitosis-interference.git
   f1adc54..974c6ec  day17-static-tuning-20261006 -> day17-static-tuning-20261006
STATIC_BASELINE_PROGRESS_PUSHED 974c6ecc87dc2809f38a4409e5128824e1e10bb9
STATIC_BASELINE_JOB day17_pilot_rank8_lr200_seed2026_b_first completed
RUN /usr/local/bin/python -u -m experiments.day17_static_tuning --rank 8 --learning-rate 0.0004 --seed 2026 --order canonical --output results/day17_pilot_rank8_lr400_seed2026_canonical --deadline-utc 2026-10-07T03:15:00+00:00
RUN /usr/local/bin/python -u -m experiments.day17_static_tuning_report
RUN git add -A
RUN git commit -m Preserve isolated pilot-selected static baseline progress
[day17-static-tuning-20261006 80285b9] Preserve isolated pilot-selected static baseline progress
 16 files changed, 704 insertions(+), 1 deletion(-)
 create mode 100644 logs/day17_pilot_rank8_lr400_seed2026_canonical.txt
 create mode 100644 logs/day17_pilot_rank8_lr400_seed2026_canonical_report.txt
 create mode 100644 results/day17_pilot_rank8_lr400_seed2026_canonical/checkpoint/adapters/README.md
 create mode 100644 results/day17_pilot_rank8_lr400_seed2026_canonical/checkpoint/adapters/adapter_config.json
 create mode 100644 results/day17_pilot_rank8_lr400_seed2026_canonical/checkpoint/adapters/adapter_model.safetensors
 create mode 100644 results/day17_pilot_rank8_lr400_seed2026_canonical/checkpoint/learner_state.pt
 create mode 100644 results/day17_pilot_rank8_lr400_seed2026_canonical/eval_matrix.csv
 create mode 100644 results/day17_pilot_rank8_lr400_seed2026_canonical/events.jsonl
 create mode 100644 results/day17_pilot_rank8_lr400_seed2026_canonical/label_free_eval.csv
 create mode 100644 results/day17_pilot_rank8_lr400_seed2026_canonical/provenance.json
 create mode 100644 results/day17_pilot_rank8_lr400_seed2026_canonical/routing.csv
 create mode 100644 results/day17_pilot_rank8_lr400_seed2026_canonical/summary.json
RUN git push origin day17-static-tuning-20261006
Uploading LFS objects: 100% (2/2), 15 MB | 0 B/s, done.
To https://github.com/anitusiruk/mitosis-interference.git
   974c6ec..80285b9  day17-static-tuning-20261006 -> day17-static-tuning-20261006
STATIC_BASELINE_PROGRESS_PUSHED 80285b9f244ebd687a16ab5a137d62bf3e737bcc
STATIC_BASELINE_JOB day17_pilot_rank8_lr400_seed2026_canonical completed
RUN /usr/local/bin/python -u -m experiments.day17_static_tuning --rank 8 --learning-rate 0.0004 --seed 2026 --order b_first --output results/day17_pilot_rank8_lr400_seed2026_b_first --deadline-utc 2026-10-07T03:15:00+00:00
RUN /usr/local/bin/python -u -m experiments.day17_static_tuning_report
RUN git add -A
RUN git commit -m Preserve isolated pilot-selected static baseline progress
[day17-static-tuning-20261006 2cd6913] Preserve isolated pilot-selected static baseline progress
 16 files changed, 704 insertions(+), 1 deletion(-)
 create mode 100644 logs/day17_pilot_rank8_lr400_seed2026_b_first.txt
 create mode 100644 logs/day17_pilot_rank8_lr400_seed2026_b_first_report.txt
 create mode 100644 results/day17_pilot_rank8_lr400_seed2026_b_first/checkpoint/adapters/README.md
 create mode 100644 results/day17_pilot_rank8_lr400_seed2026_b_first/checkpoint/adapters/adapter_config.json
 create mode 100644 results/day17_pilot_rank8_lr400_seed2026_b_first/checkpoint/adapters/adapter_model.safetensors
 create mode 100644 results/day17_pilot_rank8_lr400_seed2026_b_first/checkpoint/learner_state.pt
 create mode 100644 results/day17_pilot_rank8_lr400_seed2026_b_first/eval_matrix.csv
 create mode 100644 results/day17_pilot_rank8_lr400_seed2026_b_first/events.jsonl
 create mode 100644 results/day17_pilot_rank8_lr400_seed2026_b_first/label_free_eval.csv
 create mode 100644 results/day17_pilot_rank8_lr400_seed2026_b_first/provenance.json
 create mode 100644 results/day17_pilot_rank8_lr400_seed2026_b_first/routing.csv
 create mode 100644 results/day17_pilot_rank8_lr400_seed2026_b_first/summary.json
RUN git push origin day17-static-tuning-20261006
Uploading LFS objects: 100% (2/2), 15 MB | 0 B/s, done.
To https://github.com/anitusiruk/mitosis-interference.git
   80285b9..2cd6913  day17-static-tuning-20261006 -> day17-static-tuning-20261006
STATIC_BASELINE_PROGRESS_PUSHED 2cd6913fdddf4c6d72e781963f3a3f28d507d11b
STATIC_BASELINE_JOB day17_pilot_rank8_lr400_seed2026_b_first completed
RUN /usr/local/bin/python -u -m experiments.day17_static_tuning --rank 8 --learning-rate 0.0008 --seed 2026 --order canonical --output results/day17_pilot_rank8_lr800_seed2026_canonical --deadline-utc 2026-10-07T03:15:00+00:00
RUN /usr/local/bin/python -u -m experiments.day17_static_tuning_report
RUN git add -A
RUN git commit -m Preserve isolated pilot-selected static baseline progress
[day17-static-tuning-20261006 ca78dcc] Preserve isolated pilot-selected static baseline progress
 16 files changed, 704 insertions(+), 1 deletion(-)
 create mode 100644 logs/day17_pilot_rank8_lr800_seed2026_canonical.txt
 create mode 100644 logs/day17_pilot_rank8_lr800_seed2026_canonical_report.txt
 create mode 100644 results/day17_pilot_rank8_lr800_seed2026_canonical/checkpoint/adapters/README.md
 create mode 100644 results/day17_pilot_rank8_lr800_seed2026_canonical/checkpoint/adapters/adapter_config.json
 create mode 100644 results/day17_pilot_rank8_lr800_seed2026_canonical/checkpoint/adapters/adapter_model.safetensors
 create mode 100644 results/day17_pilot_rank8_lr800_seed2026_canonical/checkpoint/learner_state.pt
 create mode 100644 results/day17_pilot_rank8_lr800_seed2026_canonical/eval_matrix.csv
 create mode 100644 results/day17_pilot_rank8_lr800_seed2026_canonical/events.jsonl
 create mode 100644 results/day17_pilot_rank8_lr800_seed2026_canonical/label_free_eval.csv
 create mode 100644 results/day17_pilot_rank8_lr800_seed2026_canonical/provenance.json
 create mode 100644 results/day17_pilot_rank8_lr800_seed2026_canonical/routing.csv
 create mode 100644 results/day17_pilot_rank8_lr800_seed2026_canonical/summary.json
RUN git push origin day17-static-tuning-20261006
Uploading LFS objects: 100% (2/2), 15 MB | 6.3 MB/s, done.
To https://github.com/anitusiruk/mitosis-interference.git
   2cd6913..ca78dcc  day17-static-tuning-20261006 -> day17-static-tuning-20261006
STATIC_BASELINE_PROGRESS_PUSHED ca78dcc65e07ceb80845d836bcc6bf37099f9764
STATIC_BASELINE_JOB day17_pilot_rank8_lr800_seed2026_canonical completed
RUN /usr/local/bin/python -u -m experiments.day17_static_tuning --rank 8 --learning-rate 0.0008 --seed 2026 --order b_first --output results/day17_pilot_rank8_lr800_seed2026_b_first --deadline-utc 2026-10-07T03:15:00+00:00
RUN /usr/local/bin/python -u -m experiments.day17_static_tuning_report
RUN git add -A
RUN git commit -m Preserve isolated pilot-selected static baseline progress
[day17-static-tuning-20261006 dd2dc1a] Preserve isolated pilot-selected static baseline progress
 16 files changed, 704 insertions(+), 1 deletion(-)
 create mode 100644 logs/day17_pilot_rank8_lr800_seed2026_b_first.txt
 create mode 100644 logs/day17_pilot_rank8_lr800_seed2026_b_first_report.txt
 create mode 100644 results/day17_pilot_rank8_lr800_seed2026_b_first/checkpoint/adapters/README.md
 create mode 100644 results/day17_pilot_rank8_lr800_seed2026_b_first/checkpoint/adapters/adapter_config.json
 create mode 100644 results/day17_pilot_rank8_lr800_seed2026_b_first/checkpoint/adapters/adapter_model.safetensors
 create mode 100644 results/day17_pilot_rank8_lr800_seed2026_b_first/checkpoint/learner_state.pt
 create mode 100644 results/day17_pilot_rank8_lr800_seed2026_b_first/eval_matrix.csv
 create mode 100644 results/day17_pilot_rank8_lr800_seed2026_b_first/events.jsonl
 create mode 100644 results/day17_pilot_rank8_lr800_seed2026_b_first/label_free_eval.csv
 create mode 100644 results/day17_pilot_rank8_lr800_seed2026_b_first/provenance.json
 create mode 100644 results/day17_pilot_rank8_lr800_seed2026_b_first/routing.csv
 create mode 100644 results/day17_pilot_rank8_lr800_seed2026_b_first/summary.json
RUN git push origin day17-static-tuning-20261006
Uploading LFS objects: 100% (2/2), 15 MB | 0 B/s, done.
To https://github.com/anitusiruk/mitosis-interference.git
   ca78dcc..dd2dc1a  day17-static-tuning-20261006 -> day17-static-tuning-20261006
STATIC_BASELINE_PROGRESS_PUSHED dd2dc1af08722613cc97ffdfefb26fa78da33375
STATIC_BASELINE_JOB day17_pilot_rank8_lr800_seed2026_b_first completed
RUN /usr/local/bin/python -u -m experiments.day17_static_tuning --rank 96 --learning-rate 2e-05 --seed 2026 --order canonical --output results/day17_pilot_rank96_lr20_seed2026_canonical --deadline-utc 2026-10-07T03:15:00+00:00
RUN /usr/local/bin/python -u -m experiments.day17_static_tuning_report
RUN git add -A
RUN git commit -m Preserve isolated pilot-selected static baseline progress
[day17-static-tuning-20261006 20b534b] Preserve isolated pilot-selected static baseline progress
 16 files changed, 703 insertions(+), 1 deletion(-)
 create mode 100644 logs/day17_pilot_rank96_lr20_seed2026_canonical.txt
 create mode 100644 logs/day17_pilot_rank96_lr20_seed2026_canonical_report.txt
 create mode 100644 results/day17_pilot_rank96_lr20_seed2026_canonical/checkpoint/adapters/README.md
 create mode 100644 results/day17_pilot_rank96_lr20_seed2026_canonical/checkpoint/adapters/adapter_config.json
 create mode 100644 results/day17_pilot_rank96_lr20_seed2026_canonical/checkpoint/adapters/adapter_model.safetensors
 create mode 100644 results/day17_pilot_rank96_lr20_seed2026_canonical/checkpoint/learner_state.pt
 create mode 100644 results/day17_pilot_rank96_lr20_seed2026_canonical/eval_matrix.csv
 create mode 100644 results/day17_pilot_rank96_lr20_seed2026_canonical/events.jsonl
 create mode 100644 results/day17_pilot_rank96_lr20_seed2026_canonical/label_free_eval.csv
 create mode 100644 results/day17_pilot_rank96_lr20_seed2026_canonical/provenance.json
 create mode 100644 results/day17_pilot_rank96_lr20_seed2026_canonical/routing.csv
 create mode 100644 results/day17_pilot_rank96_lr20_seed2026_canonical/summary.json
RUN git push origin day17-static-tuning-20261006
Uploading LFS objects: 100% (2/2), 34 MB | 14 MB/s, done.
To https://github.com/anitusiruk/mitosis-interference.git
   dd2dc1a..20b534b  day17-static-tuning-20261006 -> day17-static-tuning-20261006
STATIC_BASELINE_PROGRESS_PUSHED 20b534b510f2b7edc60170ce5dcd36c730557f66
STATIC_BASELINE_JOB day17_pilot_rank96_lr20_seed2026_canonical completed
RUN /usr/local/bin/python -u -m experiments.day17_static_tuning --rank 96 --learning-rate 2e-05 --seed 2026 --order b_first --output results/day17_pilot_rank96_lr20_seed2026_b_first --deadline-utc 2026-10-07T03:15:00+00:00
RUN /usr/local/bin/python -u -m experiments.day17_static_tuning_report
RUN git add -A
RUN git commit -m Preserve isolated pilot-selected static baseline progress
[day17-static-tuning-20261006 fd6084d] Preserve isolated pilot-selected static baseline progress
 16 files changed, 704 insertions(+), 1 deletion(-)
 create mode 100644 logs/day17_pilot_rank96_lr20_seed2026_b_first.txt
 create mode 100644 logs/day17_pilot_rank96_lr20_seed2026_b_first_report.txt
 create mode 100644 results/day17_pilot_rank96_lr20_seed2026_b_first/checkpoint/adapters/README.md
 create mode 100644 results/day17_pilot_rank96_lr20_seed2026_b_first/checkpoint/adapters/adapter_config.json
 create mode 100644 results/day17_pilot_rank96_lr20_seed2026_b_first/checkpoint/adapters/adapter_model.safetensors
 create mode 100644 results/day17_pilot_rank96_lr20_seed2026_b_first/checkpoint/learner_state.pt
 create mode 100644 results/day17_pilot_rank96_lr20_seed2026_b_first/eval_matrix.csv
 create mode 100644 results/day17_pilot_rank96_lr20_seed2026_b_first/events.jsonl
 create mode 100644 results/day17_pilot_rank96_lr20_seed2026_b_first/label_free_eval.csv
 create mode 100644 results/day17_pilot_rank96_lr20_seed2026_b_first/provenance.json
 create mode 100644 results/day17_pilot_rank96_lr20_seed2026_b_first/routing.csv
 create mode 100644 results/day17_pilot_rank96_lr20_seed2026_b_first/summary.json
RUN git push origin day17-static-tuning-20261006
Uploading LFS objects: 100% (2/2), 34 MB | 6.5 MB/s, done.
To https://github.com/anitusiruk/mitosis-interference.git
   20b534b..fd6084d  day17-static-tuning-20261006 -> day17-static-tuning-20261006
STATIC_BASELINE_PROGRESS_PUSHED fd6084d1acffd1acd7e1d24e869fce9d6d3d8c31
STATIC_BASELINE_JOB day17_pilot_rank96_lr20_seed2026_b_first completed
RUN /usr/local/bin/python -u -m experiments.day17_static_tuning --rank 96 --learning-rate 5e-05 --seed 2026 --order canonical --output results/day17_pilot_rank96_lr50_seed2026_canonical --deadline-utc 2026-10-07T03:15:00+00:00
RUN /usr/local/bin/python -u -m experiments.day17_static_tuning_report
RUN git add -A
RUN git commit -m Preserve isolated pilot-selected static baseline progress
[day17-static-tuning-20261006 ca0d8e0] Preserve isolated pilot-selected static baseline progress
 16 files changed, 704 insertions(+), 1 deletion(-)
 create mode 100644 logs/day17_pilot_rank96_lr50_seed2026_canonical.txt
 create mode 100644 logs/day17_pilot_rank96_lr50_seed2026_canonical_report.txt
 create mode 100644 results/day17_pilot_rank96_lr50_seed2026_canonical/checkpoint/adapters/README.md
 create mode 100644 results/day17_pilot_rank96_lr50_seed2026_canonical/checkpoint/adapters/adapter_config.json
 create mode 100644 results/day17_pilot_rank96_lr50_seed2026_canonical/checkpoint/adapters/adapter_model.safetensors
 create mode 100644 results/day17_pilot_rank96_lr50_seed2026_canonical/checkpoint/learner_state.pt
 create mode 100644 results/day17_pilot_rank96_lr50_seed2026_canonical/eval_matrix.csv
 create mode 100644 results/day17_pilot_rank96_lr50_seed2026_canonical/events.jsonl
 create mode 100644 results/day17_pilot_rank96_lr50_seed2026_canonical/label_free_eval.csv
 create mode 100644 results/day17_pilot_rank96_lr50_seed2026_canonical/provenance.json
 create mode 100644 results/day17_pilot_rank96_lr50_seed2026_canonical/routing.csv
 create mode 100644 results/day17_pilot_rank96_lr50_seed2026_canonical/summary.json
RUN git push origin day17-static-tuning-20261006
Uploading LFS objects: 100% (2/2), 34 MB | 8.3 MB/s, done.
To https://github.com/anitusiruk/mitosis-interference.git
   fd6084d..ca0d8e0  day17-static-tuning-20261006 -> day17-static-tuning-20261006
STATIC_BASELINE_PROGRESS_PUSHED ca0d8e0f3edf76ec56341f743ab090ed27f0e16e
STATIC_BASELINE_JOB day17_pilot_rank96_lr50_seed2026_canonical completed
RUN /usr/local/bin/python -u -m experiments.day17_static_tuning --rank 96 --learning-rate 5e-05 --seed 2026 --order b_first --output results/day17_pilot_rank96_lr50_seed2026_b_first --deadline-utc 2026-10-07T03:15:00+00:00
RUN /usr/local/bin/python -u -m experiments.day17_static_tuning_report
RUN git add -A
RUN git commit -m Preserve isolated pilot-selected static baseline progress
[day17-static-tuning-20261006 46e626e] Preserve isolated pilot-selected static baseline progress
 16 files changed, 704 insertions(+), 1 deletion(-)
 create mode 100644 logs/day17_pilot_rank96_lr50_seed2026_b_first.txt
 create mode 100644 logs/day17_pilot_rank96_lr50_seed2026_b_first_report.txt
 create mode 100644 results/day17_pilot_rank96_lr50_seed2026_b_first/checkpoint/adapters/README.md
 create mode 100644 results/day17_pilot_rank96_lr50_seed2026_b_first/checkpoint/adapters/adapter_config.json
 create mode 100644 results/day17_pilot_rank96_lr50_seed2026_b_first/checkpoint/adapters/adapter_model.safetensors
 create mode 100644 results/day17_pilot_rank96_lr50_seed2026_b_first/checkpoint/learner_state.pt
 create mode 100644 results/day17_pilot_rank96_lr50_seed2026_b_first/eval_matrix.csv
 create mode 100644 results/day17_pilot_rank96_lr50_seed2026_b_first/events.jsonl
 create mode 100644 results/day17_pilot_rank96_lr50_seed2026_b_first/label_free_eval.csv
 create mode 100644 results/day17_pilot_rank96_lr50_seed2026_b_first/provenance.json
 create mode 100644 results/day17_pilot_rank96_lr50_seed2026_b_first/routing.csv
 create mode 100644 results/day17_pilot_rank96_lr50_seed2026_b_first/summary.json
RUN git push origin day17-static-tuning-20261006
Uploading LFS objects: 100% (2/2), 34 MB | 0 B/s, done.
To https://github.com/anitusiruk/mitosis-interference.git
   ca0d8e0..46e626e  day17-static-tuning-20261006 -> day17-static-tuning-20261006
STATIC_BASELINE_PROGRESS_PUSHED 46e626ef248f9343fea28e1fd8d6e24709bdaac5
STATIC_BASELINE_JOB day17_pilot_rank96_lr50_seed2026_b_first completed
RUN /usr/local/bin/python -u -m experiments.day17_static_tuning --rank 96 --learning-rate 0.0001 --seed 2026 --order canonical --output results/day17_pilot_rank96_lr100_seed2026_canonical --deadline-utc 2026-10-07T03:15:00+00:00
RUN /usr/local/bin/python -u -m experiments.day17_static_tuning_report
RUN git add -A
RUN git commit -m Preserve isolated pilot-selected static baseline progress
[day17-static-tuning-20261006 5b3a769] Preserve isolated pilot-selected static baseline progress
 16 files changed, 704 insertions(+), 1 deletion(-)
 create mode 100644 logs/day17_pilot_rank96_lr100_seed2026_canonical.txt
 create mode 100644 logs/day17_pilot_rank96_lr100_seed2026_canonical_report.txt
 create mode 100644 results/day17_pilot_rank96_lr100_seed2026_canonical/checkpoint/adapters/README.md
 create mode 100644 results/day17_pilot_rank96_lr100_seed2026_canonical/checkpoint/adapters/adapter_config.json
 create mode 100644 results/day17_pilot_rank96_lr100_seed2026_canonical/checkpoint/adapters/adapter_model.safetensors
 create mode 100644 results/day17_pilot_rank96_lr100_seed2026_canonical/checkpoint/learner_state.pt
 create mode 100644 results/day17_pilot_rank96_lr100_seed2026_canonical/eval_matrix.csv
 create mode 100644 results/day17_pilot_rank96_lr100_seed2026_canonical/events.jsonl
 create mode 100644 results/day17_pilot_rank96_lr100_seed2026_canonical/label_free_eval.csv
 create mode 100644 results/day17_pilot_rank96_lr100_seed2026_canonical/provenance.json
 create mode 100644 results/day17_pilot_rank96_lr100_seed2026_canonical/routing.csv
 create mode 100644 results/day17_pilot_rank96_lr100_seed2026_canonical/summary.json
RUN git push origin day17-static-tuning-20261006
Uploading LFS objects: 100% (2/2), 34 MB | 0 B/s, done.
To https://github.com/anitusiruk/mitosis-interference.git
   46e626e..5b3a769  day17-static-tuning-20261006 -> day17-static-tuning-20261006
STATIC_BASELINE_PROGRESS_PUSHED 5b3a76917f38157e039a7f2b814f17f90d56bf97
STATIC_BASELINE_JOB day17_pilot_rank96_lr100_seed2026_canonical completed
RUN /usr/local/bin/python -u -m experiments.day17_static_tuning --rank 96 --learning-rate 0.0001 --seed 2026 --order b_first --output results/day17_pilot_rank96_lr100_seed2026_b_first --deadline-utc 2026-10-07T03:15:00+00:00
RUN /usr/local/bin/python -u -m experiments.day17_static_tuning_report
RUN git add -A
RUN git commit -m Preserve isolated pilot-selected static baseline progress
[day17-static-tuning-20261006 cc293d0] Preserve isolated pilot-selected static baseline progress
 16 files changed, 703 insertions(+), 1 deletion(-)
 create mode 100644 logs/day17_pilot_rank96_lr100_seed2026_b_first.txt
 create mode 100644 logs/day17_pilot_rank96_lr100_seed2026_b_first_report.txt
 create mode 100644 results/day17_pilot_rank96_lr100_seed2026_b_first/checkpoint/adapters/README.md
 create mode 100644 results/day17_pilot_rank96_lr100_seed2026_b_first/checkpoint/adapters/adapter_config.json
 create mode 100644 results/day17_pilot_rank96_lr100_seed2026_b_first/checkpoint/adapters/adapter_model.safetensors
 create mode 100644 results/day17_pilot_rank96_lr100_seed2026_b_first/checkpoint/learner_state.pt
 create mode 100644 results/day17_pilot_rank96_lr100_seed2026_b_first/eval_matrix.csv
 create mode 100644 results/day17_pilot_rank96_lr100_seed2026_b_first/events.jsonl
 create mode 100644 results/day17_pilot_rank96_lr100_seed2026_b_first/label_free_eval.csv
 create mode 100644 results/day17_pilot_rank96_lr100_seed2026_b_first/provenance.json
 create mode 100644 results/day17_pilot_rank96_lr100_seed2026_b_first/routing.csv
 create mode 100644 results/day17_pilot_rank96_lr100_seed2026_b_first/summary.json
RUN git push origin day17-static-tuning-20261006
Uploading LFS objects: 100% (2/2), 34 MB | 4.3 MB/s, done.
To https://github.com/anitusiruk/mitosis-interference.git
   5b3a769..cc293d0  day17-static-tuning-20261006 -> day17-static-tuning-20261006
STATIC_BASELINE_PROGRESS_PUSHED cc293d02da257ec97fe1a70725fe755230a043a7
STATIC_BASELINE_JOB day17_pilot_rank96_lr100_seed2026_b_first completed
RUN /usr/local/bin/python -u -m experiments.day17_static_tuning --rank 96 --learning-rate 0.0002 --seed 2026 --order canonical --output results/day17_pilot_rank96_lr200_seed2026_canonical --deadline-utc 2026-10-07T03:15:00+00:00
RUN /usr/local/bin/python -u -m experiments.day17_static_tuning_report
RUN git add -A
RUN git commit -m Preserve isolated pilot-selected static baseline progress
[day17-static-tuning-20261006 505cbce] Preserve isolated pilot-selected static baseline progress
 16 files changed, 704 insertions(+), 1 deletion(-)
 create mode 100644 logs/day17_pilot_rank96_lr200_seed2026_canonical.txt
 create mode 100644 logs/day17_pilot_rank96_lr200_seed2026_canonical_report.txt
 create mode 100644 results/day17_pilot_rank96_lr200_seed2026_canonical/checkpoint/adapters/README.md
 create mode 100644 results/day17_pilot_rank96_lr200_seed2026_canonical/checkpoint/adapters/adapter_config.json
 create mode 100644 results/day17_pilot_rank96_lr200_seed2026_canonical/checkpoint/adapters/adapter_model.safetensors
 create mode 100644 results/day17_pilot_rank96_lr200_seed2026_canonical/checkpoint/learner_state.pt
 create mode 100644 results/day17_pilot_rank96_lr200_seed2026_canonical/eval_matrix.csv
 create mode 100644 results/day17_pilot_rank96_lr200_seed2026_canonical/events.jsonl
 create mode 100644 results/day17_pilot_rank96_lr200_seed2026_canonical/label_free_eval.csv
 create mode 100644 results/day17_pilot_rank96_lr200_seed2026_canonical/provenance.json
 create mode 100644 results/day17_pilot_rank96_lr200_seed2026_canonical/routing.csv
 create mode 100644 results/day17_pilot_rank96_lr200_seed2026_canonical/summary.json
RUN git push origin day17-static-tuning-20261006
To https://github.com/anitusiruk/mitosis-interference.git
   cc293d0..505cbce  day17-static-tuning-20261006 -> day17-static-tuning-20261006
STATIC_BASELINE_PROGRESS_PUSHED 505cbce3522905a091c213ef71c9578b6770d192
STATIC_BASELINE_JOB day17_pilot_rank96_lr200_seed2026_canonical completed
RUN /usr/local/bin/python -u -m experiments.day17_static_tuning --rank 96 --learning-rate 0.0002 --seed 2026 --order b_first --output results/day17_pilot_rank96_lr200_seed2026_b_first --deadline-utc 2026-10-07T03:15:00+00:00
RUN /usr/local/bin/python -u -m experiments.day17_static_tuning_report
RUN git add -A
RUN git commit -m Preserve isolated pilot-selected static baseline progress
[day17-static-tuning-20261006 fbc627c] Preserve isolated pilot-selected static baseline progress
 16 files changed, 704 insertions(+), 1 deletion(-)
 create mode 100644 logs/day17_pilot_rank96_lr200_seed2026_b_first.txt
 create mode 100644 logs/day17_pilot_rank96_lr200_seed2026_b_first_report.txt
 create mode 100644 results/day17_pilot_rank96_lr200_seed2026_b_first/checkpoint/adapters/README.md
 create mode 100644 results/day17_pilot_rank96_lr200_seed2026_b_first/checkpoint/adapters/adapter_config.json
 create mode 100644 results/day17_pilot_rank96_lr200_seed2026_b_first/checkpoint/adapters/adapter_model.safetensors
 create mode 100644 results/day17_pilot_rank96_lr200_seed2026_b_first/checkpoint/learner_state.pt
 create mode 100644 results/day17_pilot_rank96_lr200_seed2026_b_first/eval_matrix.csv
 create mode 100644 results/day17_pilot_rank96_lr200_seed2026_b_first/events.jsonl
 create mode 100644 results/day17_pilot_rank96_lr200_seed2026_b_first/label_free_eval.csv
 create mode 100644 results/day17_pilot_rank96_lr200_seed2026_b_first/provenance.json
 create mode 100644 results/day17_pilot_rank96_lr200_seed2026_b_first/routing.csv
 create mode 100644 results/day17_pilot_rank96_lr200_seed2026_b_first/summary.json
RUN git push origin day17-static-tuning-20261006
Uploading LFS objects: 100% (2/2), 34 MB | 0 B/s, done.
To https://github.com/anitusiruk/mitosis-interference.git
   505cbce..fbc627c  day17-static-tuning-20261006 -> day17-static-tuning-20261006
STATIC_BASELINE_PROGRESS_PUSHED fbc627cbaf3d035f3f4190bcdf76421fe0002c45
STATIC_BASELINE_JOB day17_pilot_rank96_lr200_seed2026_b_first completed
RUN /usr/local/bin/python -u -m experiments.day17_static_tuning --rank 96 --learning-rate 0.0004 --seed 2026 --order canonical --output results/day17_pilot_rank96_lr400_seed2026_canonical --deadline-utc 2026-10-07T03:15:00+00:00
RUN /usr/local/bin/python -u -m experiments.day17_static_tuning_report
RUN git add -A
RUN git commit -m Preserve isolated pilot-selected static baseline progress
[day17-static-tuning-20261006 a77f087] Preserve isolated pilot-selected static baseline progress
 16 files changed, 704 insertions(+), 1 deletion(-)
 create mode 100644 logs/day17_pilot_rank96_lr400_seed2026_canonical.txt
 create mode 100644 logs/day17_pilot_rank96_lr400_seed2026_canonical_report.txt
 create mode 100644 results/day17_pilot_rank96_lr400_seed2026_canonical/checkpoint/adapters/README.md
 create mode 100644 results/day17_pilot_rank96_lr400_seed2026_canonical/checkpoint/adapters/adapter_config.json
 create mode 100644 results/day17_pilot_rank96_lr400_seed2026_canonical/checkpoint/adapters/adapter_model.safetensors
 create mode 100644 results/day17_pilot_rank96_lr400_seed2026_canonical/checkpoint/learner_state.pt
 create mode 100644 results/day17_pilot_rank96_lr400_seed2026_canonical/eval_matrix.csv
 create mode 100644 results/day17_pilot_rank96_lr400_seed2026_canonical/events.jsonl
 create mode 100644 results/day17_pilot_rank96_lr400_seed2026_canonical/label_free_eval.csv
 create mode 100644 results/day17_pilot_rank96_lr400_seed2026_canonical/provenance.json
 create mode 100644 results/day17_pilot_rank96_lr400_seed2026_canonical/routing.csv
 create mode 100644 results/day17_pilot_rank96_lr400_seed2026_canonical/summary.json
RUN git push origin day17-static-tuning-20261006
Uploading LFS objects: 100% (2/2), 34 MB | 0 B/s, done.
To https://github.com/anitusiruk/mitosis-interference.git
   fbc627c..a77f087  day17-static-tuning-20261006 -> day17-static-tuning-20261006
STATIC_BASELINE_PROGRESS_PUSHED a77f087fe7b4f1d8036af081d0234e7227e509fe
STATIC_BASELINE_JOB day17_pilot_rank96_lr400_seed2026_canonical completed
RUN /usr/local/bin/python -u -m experiments.day17_static_tuning --rank 96 --learning-rate 0.0004 --seed 2026 --order b_first --output results/day17_pilot_rank96_lr400_seed2026_b_first --deadline-utc 2026-10-07T03:15:00+00:00
RUN /usr/local/bin/python -u -m experiments.day17_static_tuning_report
RUN git add -A
RUN git commit -m Preserve isolated pilot-selected static baseline progress
[day17-static-tuning-20261006 0c653ff] Preserve isolated pilot-selected static baseline progress
 16 files changed, 704 insertions(+), 1 deletion(-)
 create mode 100644 logs/day17_pilot_rank96_lr400_seed2026_b_first.txt
 create mode 100644 logs/day17_pilot_rank96_lr400_seed2026_b_first_report.txt
 create mode 100644 results/day17_pilot_rank96_lr400_seed2026_b_first/checkpoint/adapters/README.md
 create mode 100644 results/day17_pilot_rank96_lr400_seed2026_b_first/checkpoint/adapters/adapter_config.json
 create mode 100644 results/day17_pilot_rank96_lr400_seed2026_b_first/checkpoint/adapters/adapter_model.safetensors
 create mode 100644 results/day17_pilot_rank96_lr400_seed2026_b_first/checkpoint/learner_state.pt
 create mode 100644 results/day17_pilot_rank96_lr400_seed2026_b_first/eval_matrix.csv
 create mode 100644 results/day17_pilot_rank96_lr400_seed2026_b_first/events.jsonl
 create mode 100644 results/day17_pilot_rank96_lr400_seed2026_b_first/label_free_eval.csv
 create mode 100644 results/day17_pilot_rank96_lr400_seed2026_b_first/provenance.json
 create mode 100644 results/day17_pilot_rank96_lr400_seed2026_b_first/routing.csv
 create mode 100644 results/day17_pilot_rank96_lr400_seed2026_b_first/summary.json
RUN git push origin day17-static-tuning-20261006
Uploading LFS objects: 100% (2/2), 34 MB | 5.8 MB/s, done.
To https://github.com/anitusiruk/mitosis-interference.git
   a77f087..0c653ff  day17-static-tuning-20261006 -> day17-static-tuning-20261006
STATIC_BASELINE_PROGRESS_PUSHED 0c653ff8f22c82d3092b8eec7ef0dab9db7f56e1
STATIC_BASELINE_JOB day17_pilot_rank96_lr400_seed2026_b_first completed
RUN /usr/local/bin/python -u -m experiments.day17_static_tuning --rank 96 --learning-rate 0.0008 --seed 2026 --order canonical --output results/day17_pilot_rank96_lr800_seed2026_canonical --deadline-utc 2026-10-07T03:15:00+00:00
RUN /usr/local/bin/python -u -m experiments.day17_static_tuning_report
RUN git add -A
RUN git commit -m Preserve isolated pilot-selected static baseline progress
[day17-static-tuning-20261006 4a62da5] Preserve isolated pilot-selected static baseline progress
 16 files changed, 704 insertions(+), 1 deletion(-)
 create mode 100644 logs/day17_pilot_rank96_lr800_seed2026_canonical.txt
 create mode 100644 logs/day17_pilot_rank96_lr800_seed2026_canonical_report.txt
 create mode 100644 results/day17_pilot_rank96_lr800_seed2026_canonical/checkpoint/adapters/README.md
 create mode 100644 results/day17_pilot_rank96_lr800_seed2026_canonical/checkpoint/adapters/adapter_config.json
 create mode 100644 results/day17_pilot_rank96_lr800_seed2026_canonical/checkpoint/adapters/adapter_model.safetensors
 create mode 100644 results/day17_pilot_rank96_lr800_seed2026_canonical/checkpoint/learner_state.pt
 create mode 100644 results/day17_pilot_rank96_lr800_seed2026_canonical/eval_matrix.csv
 create mode 100644 results/day17_pilot_rank96_lr800_seed2026_canonical/events.jsonl
 create mode 100644 results/day17_pilot_rank96_lr800_seed2026_canonical/label_free_eval.csv
 create mode 100644 results/day17_pilot_rank96_lr800_seed2026_canonical/provenance.json
 create mode 100644 results/day17_pilot_rank96_lr800_seed2026_canonical/routing.csv
 create mode 100644 results/day17_pilot_rank96_lr800_seed2026_canonical/summary.json
RUN git push origin day17-static-tuning-20261006
Uploading LFS objects: 100% (2/2), 34 MB | 0 B/s, done.
To https://github.com/anitusiruk/mitosis-interference.git
   0c653ff..4a62da5  day17-static-tuning-20261006 -> day17-static-tuning-20261006
STATIC_BASELINE_PROGRESS_PUSHED 4a62da5d37020156072f34ca74cbb4b81ead4643
STATIC_BASELINE_JOB day17_pilot_rank96_lr800_seed2026_canonical completed
RUN /usr/local/bin/python -u -m experiments.day17_static_tuning --rank 96 --learning-rate 0.0008 --seed 2026 --order b_first --output results/day17_pilot_rank96_lr800_seed2026_b_first --deadline-utc 2026-10-07T03:15:00+00:00
RUN /usr/local/bin/python -u -m experiments.day17_static_tuning_report
RUN git add -A
RUN git commit -m Preserve isolated pilot-selected static baseline progress
[day17-static-tuning-20261006 b418579] Preserve isolated pilot-selected static baseline progress
 16 files changed, 704 insertions(+), 1 deletion(-)
 create mode 100644 logs/day17_pilot_rank96_lr800_seed2026_b_first.txt
 create mode 100644 logs/day17_pilot_rank96_lr800_seed2026_b_first_report.txt
 create mode 100644 results/day17_pilot_rank96_lr800_seed2026_b_first/checkpoint/adapters/README.md
 create mode 100644 results/day17_pilot_rank96_lr800_seed2026_b_first/checkpoint/adapters/adapter_config.json
 create mode 100644 results/day17_pilot_rank96_lr800_seed2026_b_first/checkpoint/adapters/adapter_model.safetensors
 create mode 100644 results/day17_pilot_rank96_lr800_seed2026_b_first/checkpoint/learner_state.pt
 create mode 100644 results/day17_pilot_rank96_lr800_seed2026_b_first/eval_matrix.csv
 create mode 100644 results/day17_pilot_rank96_lr800_seed2026_b_first/events.jsonl
 create mode 100644 results/day17_pilot_rank96_lr800_seed2026_b_first/label_free_eval.csv
 create mode 100644 results/day17_pilot_rank96_lr800_seed2026_b_first/provenance.json
 create mode 100644 results/day17_pilot_rank96_lr800_seed2026_b_first/routing.csv
 create mode 100644 results/day17_pilot_rank96_lr800_seed2026_b_first/summary.json
RUN git push origin day17-static-tuning-20261006
Uploading LFS objects: 100% (2/2), 34 MB | 14 MB/s, done.
To https://github.com/anitusiruk/mitosis-interference.git
   4a62da5..b418579  day17-static-tuning-20261006 -> day17-static-tuning-20261006
STATIC_BASELINE_PROGRESS_PUSHED b41857910aae98e9aabd75f21540e9d3c6dd7a12
STATIC_BASELINE_JOB day17_pilot_rank96_lr800_seed2026_b_first completed
RUN git add -A
RUN git commit -m Preserve isolated pilot-selected static baseline progress
[day17-static-tuning-20261006 fb30d41] Preserve isolated pilot-selected static baseline progress
 1 file changed, 75 insertions(+)
 create mode 100644 notes/day17_static_rate_selection.json
RUN git push origin day17-static-tuning-20261006
To https://github.com/anitusiruk/mitosis-interference.git
   b418579..fb30d41  day17-static-tuning-20261006 -> day17-static-tuning-20261006
STATIC_BASELINE_PROGRESS_PUSHED fb30d417e4f6a508684676e2d53154a59e782fbb
RUN /usr/local/bin/python -u -m experiments.day17_static_tuning --rank 8 --learning-rate 0.0002 --seed 2027 --order canonical --output results/day17_confirm_rank8_lr200_seed2027_canonical --deadline-utc 2026-10-07T03:15:00+00:00
RUN /usr/local/bin/python -u -m experiments.day17_static_tuning_report
RUN git add -A
RUN git commit -m Preserve isolated pilot-selected static baseline progress
[day17-static-tuning-20261006 6c69fbd] Preserve isolated pilot-selected static baseline progress
 18 files changed, 744 insertions(+), 1 deletion(-)
 create mode 100644 logs/day17_confirm_rank8_lr200_seed2027_canonical.txt
 create mode 100644 logs/day17_confirm_rank8_lr200_seed2027_canonical_report.txt
 create mode 100644 results/day17_confirm_rank8_lr200_seed2027_canonical/checkpoint/adapters/README.md
 create mode 100644 results/day17_confirm_rank8_lr200_seed2027_canonical/checkpoint/adapters/adapter_config.json
 create mode 100644 results/day17_confirm_rank8_lr200_seed2027_canonical/checkpoint/adapters/adapter_model.safetensors
 create mode 100644 results/day17_confirm_rank8_lr200_seed2027_canonical/checkpoint/learner_state.pt
 create mode 100644 results/day17_confirm_rank8_lr200_seed2027_canonical/eval_matrix.csv
 create mode 100644 results/day17_confirm_rank8_lr200_seed2027_canonical/events.jsonl
 create mode 100644 results/day17_confirm_rank8_lr200_seed2027_canonical/label_free_eval.csv
 create mode 100644 results/day17_confirm_rank8_lr200_seed2027_canonical/provenance.json
 create mode 100644 results/day17_confirm_rank8_lr200_seed2027_canonical/routing.csv
 create mode 100644 results/day17_confirm_rank8_lr200_seed2027_canonical/summary.json
 create mode 100644 results/day17_tuned_static_comparisons.csv
 create mode 100644 results/day17_tuned_static_paired_differences.csv
 create mode 100644 results/day17_tuned_static_seed_values.csv
RUN git push origin day17-static-tuning-20261006
To https://github.com/anitusiruk/mitosis-interference.git
   fb30d41..6c69fbd  day17-static-tuning-20261006 -> day17-static-tuning-20261006
STATIC_BASELINE_PROGRESS_PUSHED 6c69fbde8f109b033408876ebb0ddbf29495055f
STATIC_BASELINE_JOB day17_confirm_rank8_lr200_seed2027_canonical completed
RUN /usr/local/bin/python -u -m experiments.day17_static_tuning --rank 96 --learning-rate 0.0001 --seed 2027 --order canonical --output results/day17_confirm_rank96_lr100_seed2027_canonical --deadline-utc 2026-10-07T03:15:00+00:00
RUN /usr/local/bin/python -u -m experiments.day17_static_tuning_report
RUN git add -A
RUN git commit -m Preserve isolated pilot-selected static baseline progress
[day17-static-tuning-20261006 f8c41f7] Preserve isolated pilot-selected static baseline progress
 16 files changed, 712 insertions(+), 1 deletion(-)
 create mode 100644 logs/day17_confirm_rank96_lr100_seed2027_canonical.txt
 create mode 100644 logs/day17_confirm_rank96_lr100_seed2027_canonical_report.txt
 create mode 100644 results/day17_confirm_rank96_lr100_seed2027_canonical/checkpoint/adapters/README.md
 create mode 100644 results/day17_confirm_rank96_lr100_seed2027_canonical/checkpoint/adapters/adapter_config.json
 create mode 100644 results/day17_confirm_rank96_lr100_seed2027_canonical/checkpoint/adapters/adapter_model.safetensors
 create mode 100644 results/day17_confirm_rank96_lr100_seed2027_canonical/checkpoint/learner_state.pt
 create mode 100644 results/day17_confirm_rank96_lr100_seed2027_canonical/eval_matrix.csv
 create mode 100644 results/day17_confirm_rank96_lr100_seed2027_canonical/events.jsonl
 create mode 100644 results/day17_confirm_rank96_lr100_seed2027_canonical/label_free_eval.csv
 create mode 100644 results/day17_confirm_rank96_lr100_seed2027_canonical/provenance.json
 create mode 100644 results/day17_confirm_rank96_lr100_seed2027_canonical/routing.csv
 create mode 100644 results/day17_confirm_rank96_lr100_seed2027_canonical/summary.json
RUN git push origin day17-static-tuning-20261006
Uploading LFS objects: 100% (2/2), 34 MB | 9.0 MB/s, done.
To https://github.com/anitusiruk/mitosis-interference.git
   6c69fbd..f8c41f7  day17-static-tuning-20261006 -> day17-static-tuning-20261006
STATIC_BASELINE_PROGRESS_PUSHED f8c41f7f9cdf8f9469c5e94b888c2224b5531490
STATIC_BASELINE_JOB day17_confirm_rank96_lr100_seed2027_canonical completed
RUN /usr/local/bin/python -u -m experiments.day17_static_tuning --rank 8 --learning-rate 0.0002 --seed 2027 --order b_first --output results/day17_confirm_rank8_lr200_seed2027_b_first --deadline-utc 2026-10-07T03:15:00+00:00
RUN /usr/local/bin/python -u -m experiments.day17_static_tuning_report
RUN git add -A
RUN git commit -m Preserve isolated pilot-selected static baseline progress
[day17-static-tuning-20261006 3790edb] Preserve isolated pilot-selected static baseline progress
 18 files changed, 731 insertions(+), 5 deletions(-)
 create mode 100644 logs/day17_confirm_rank8_lr200_seed2027_b_first.txt
 create mode 100644 logs/day17_confirm_rank8_lr200_seed2027_b_first_report.txt
 create mode 100644 results/day17_confirm_rank8_lr200_seed2027_b_first/checkpoint/adapters/README.md
 create mode 100644 results/day17_confirm_rank8_lr200_seed2027_b_first/checkpoint/adapters/adapter_config.json
 create mode 100644 results/day17_confirm_rank8_lr200_seed2027_b_first/checkpoint/adapters/adapter_model.safetensors
 create mode 100644 results/day17_confirm_rank8_lr200_seed2027_b_first/checkpoint/learner_state.pt
 create mode 100644 results/day17_confirm_rank8_lr200_seed2027_b_first/eval_matrix.csv
 create mode 100644 results/day17_confirm_rank8_lr200_seed2027_b_first/events.jsonl
 create mode 100644 results/day17_confirm_rank8_lr200_seed2027_b_first/label_free_eval.csv
 create mode 100644 results/day17_confirm_rank8_lr200_seed2027_b_first/provenance.json
 create mode 100644 results/day17_confirm_rank8_lr200_seed2027_b_first/routing.csv
 create mode 100644 results/day17_confirm_rank8_lr200_seed2027_b_first/summary.json
RUN git push origin day17-static-tuning-20261006
To https://github.com/anitusiruk/mitosis-interference.git
   f8c41f7..3790edb  day17-static-tuning-20261006 -> day17-static-tuning-20261006
STATIC_BASELINE_PROGRESS_PUSHED 3790edbd95d6e9e3d0c7802525c1a428bea25c4b
STATIC_BASELINE_JOB day17_confirm_rank8_lr200_seed2027_b_first completed
RUN /usr/local/bin/python -u -m experiments.day17_static_tuning --rank 96 --learning-rate 0.0001 --seed 2027 --order b_first --output results/day17_confirm_rank96_lr100_seed2027_b_first --deadline-utc 2026-10-07T03:15:00+00:00
RUN /usr/local/bin/python -u -m experiments.day17_static_tuning_report
RUN git add -A
RUN git commit -m Preserve isolated pilot-selected static baseline progress
[day17-static-tuning-20261006 a770f94] Preserve isolated pilot-selected static baseline progress
 18 files changed, 727 insertions(+), 1 deletion(-)
 create mode 100644 logs/day17_confirm_rank96_lr100_seed2027_b_first.txt
 create mode 100644 logs/day17_confirm_rank96_lr100_seed2027_b_first_report.txt
 create mode 100644 results/day17_confirm_rank96_lr100_seed2027_b_first/checkpoint/adapters/README.md
 create mode 100644 results/day17_confirm_rank96_lr100_seed2027_b_first/checkpoint/adapters/adapter_config.json
 create mode 100644 results/day17_confirm_rank96_lr100_seed2027_b_first/checkpoint/adapters/adapter_model.safetensors
 create mode 100644 results/day17_confirm_rank96_lr100_seed2027_b_first/checkpoint/learner_state.pt
 create mode 100644 results/day17_confirm_rank96_lr100_seed2027_b_first/eval_matrix.csv
 create mode 100644 results/day17_confirm_rank96_lr100_seed2027_b_first/events.jsonl
 create mode 100644 results/day17_confirm_rank96_lr100_seed2027_b_first/label_free_eval.csv
 create mode 100644 results/day17_confirm_rank96_lr100_seed2027_b_first/provenance.json
 create mode 100644 results/day17_confirm_rank96_lr100_seed2027_b_first/routing.csv
 create mode 100644 results/day17_confirm_rank96_lr100_seed2027_b_first/summary.json
RUN git push origin day17-static-tuning-20261006
Uploading LFS objects: 100% (2/2), 34 MB | 0 B/s, done.
To https://github.com/anitusiruk/mitosis-interference.git
   3790edb..a770f94  day17-static-tuning-20261006 -> day17-static-tuning-20261006
STATIC_BASELINE_PROGRESS_PUSHED a770f94c355e60b01fcd512f24ab383b7ad0f7d8
STATIC_BASELINE_JOB day17_confirm_rank96_lr100_seed2027_b_first completed
RUN /usr/local/bin/python -u -m experiments.day17_static_tuning --rank 8 --learning-rate 0.0002 --seed 2028 --order canonical --output results/day17_confirm_rank8_lr200_seed2028_canonical --deadline-utc 2026-10-07T03:15:00+00:00
RUN /usr/local/bin/python -u -m experiments.day17_static_tuning_report
RUN git add -A
RUN git commit -m Preserve isolated pilot-selected static baseline progress
[day17-static-tuning-20261006 4370cbe] Preserve isolated pilot-selected static baseline progress
 16 files changed, 712 insertions(+), 1 deletion(-)
 create mode 100644 logs/day17_confirm_rank8_lr200_seed2028_canonical.txt
 create mode 100644 logs/day17_confirm_rank8_lr200_seed2028_canonical_report.txt
 create mode 100644 results/day17_confirm_rank8_lr200_seed2028_canonical/checkpoint/adapters/README.md
 create mode 100644 results/day17_confirm_rank8_lr200_seed2028_canonical/checkpoint/adapters/adapter_config.json
 create mode 100644 results/day17_confirm_rank8_lr200_seed2028_canonical/checkpoint/adapters/adapter_model.safetensors
 create mode 100644 results/day17_confirm_rank8_lr200_seed2028_canonical/checkpoint/learner_state.pt
 create mode 100644 results/day17_confirm_rank8_lr200_seed2028_canonical/eval_matrix.csv
 create mode 100644 results/day17_confirm_rank8_lr200_seed2028_canonical/events.jsonl
 create mode 100644 results/day17_confirm_rank8_lr200_seed2028_canonical/label_free_eval.csv
 create mode 100644 results/day17_confirm_rank8_lr200_seed2028_canonical/provenance.json
 create mode 100644 results/day17_confirm_rank8_lr200_seed2028_canonical/routing.csv
 create mode 100644 results/day17_confirm_rank8_lr200_seed2028_canonical/summary.json
RUN git push origin day17-static-tuning-20261006
To https://github.com/anitusiruk/mitosis-interference.git
   a770f94..4370cbe  day17-static-tuning-20261006 -> day17-static-tuning-20261006
STATIC_BASELINE_PROGRESS_PUSHED 4370cbe5103beb323e9da51fd051506e728344ff
STATIC_BASELINE_JOB day17_confirm_rank8_lr200_seed2028_canonical completed
RUN /usr/local/bin/python -u -m experiments.day17_static_tuning --rank 96 --learning-rate 0.0001 --seed 2028 --order canonical --output results/day17_confirm_rank96_lr100_seed2028_canonical --deadline-utc 2026-10-07T03:15:00+00:00
RUN /usr/local/bin/python -u -m experiments.day17_static_tuning_report
RUN git add -A
RUN git commit -m Preserve isolated pilot-selected static baseline progress
[day17-static-tuning-20261006 a5edf9e] Preserve isolated pilot-selected static baseline progress
 16 files changed, 712 insertions(+), 1 deletion(-)
 create mode 100644 logs/day17_confirm_rank96_lr100_seed2028_canonical.txt
 create mode 100644 logs/day17_confirm_rank96_lr100_seed2028_canonical_report.txt
 create mode 100644 results/day17_confirm_rank96_lr100_seed2028_canonical/checkpoint/adapters/README.md
 create mode 100644 results/day17_confirm_rank96_lr100_seed2028_canonical/checkpoint/adapters/adapter_config.json
 create mode 100644 results/day17_confirm_rank96_lr100_seed2028_canonical/checkpoint/adapters/adapter_model.safetensors
 create mode 100644 results/day17_confirm_rank96_lr100_seed2028_canonical/checkpoint/learner_state.pt
 create mode 100644 results/day17_confirm_rank96_lr100_seed2028_canonical/eval_matrix.csv
 create mode 100644 results/day17_confirm_rank96_lr100_seed2028_canonical/events.jsonl
 create mode 100644 results/day17_confirm_rank96_lr100_seed2028_canonical/label_free_eval.csv
 create mode 100644 results/day17_confirm_rank96_lr100_seed2028_canonical/provenance.json
 create mode 100644 results/day17_confirm_rank96_lr100_seed2028_canonical/routing.csv
 create mode 100644 results/day17_confirm_rank96_lr100_seed2028_canonical/summary.json
RUN git push origin day17-static-tuning-20261006
Uploading LFS objects: 100% (2/2), 34 MB | 12 MB/s, done.
To https://github.com/anitusiruk/mitosis-interference.git
   4370cbe..a5edf9e  day17-static-tuning-20261006 -> day17-static-tuning-20261006
STATIC_BASELINE_PROGRESS_PUSHED a5edf9ea63bdebd06aabbe94ad0072e2debb67b6
STATIC_BASELINE_JOB day17_confirm_rank96_lr100_seed2028_canonical completed
RUN /usr/local/bin/python -u -m experiments.day17_static_tuning --rank 8 --learning-rate 0.0002 --seed 2028 --order b_first --output results/day17_confirm_rank8_lr200_seed2028_b_first --deadline-utc 2026-10-07T03:15:00+00:00
RUN /usr/local/bin/python -u -m experiments.day17_static_tuning_report
RUN git add -A
RUN git commit -m Preserve isolated pilot-selected static baseline progress
[day17-static-tuning-20261006 f679707] Preserve isolated pilot-selected static baseline progress
 18 files changed, 726 insertions(+), 11 deletions(-)
 create mode 100644 logs/day17_confirm_rank8_lr200_seed2028_b_first.txt
 create mode 100644 logs/day17_confirm_rank8_lr200_seed2028_b_first_report.txt
 create mode 100644 results/day17_confirm_rank8_lr200_seed2028_b_first/checkpoint/adapters/README.md
 create mode 100644 results/day17_confirm_rank8_lr200_seed2028_b_first/checkpoint/adapters/adapter_config.json
 create mode 100644 results/day17_confirm_rank8_lr200_seed2028_b_first/checkpoint/adapters/adapter_model.safetensors
 create mode 100644 results/day17_confirm_rank8_lr200_seed2028_b_first/checkpoint/learner_state.pt
 create mode 100644 results/day17_confirm_rank8_lr200_seed2028_b_first/eval_matrix.csv
 create mode 100644 results/day17_confirm_rank8_lr200_seed2028_b_first/events.jsonl
 create mode 100644 results/day17_confirm_rank8_lr200_seed2028_b_first/label_free_eval.csv
 create mode 100644 results/day17_confirm_rank8_lr200_seed2028_b_first/provenance.json
 create mode 100644 results/day17_confirm_rank8_lr200_seed2028_b_first/routing.csv
 create mode 100644 results/day17_confirm_rank8_lr200_seed2028_b_first/summary.json
RUN git push origin day17-static-tuning-20261006
To https://github.com/anitusiruk/mitosis-interference.git
   a5edf9e..f679707  day17-static-tuning-20261006 -> day17-static-tuning-20261006
STATIC_BASELINE_PROGRESS_PUSHED f6797072418c4a001ee1f7715f0b26c56e82656d
STATIC_BASELINE_JOB day17_confirm_rank8_lr200_seed2028_b_first completed
RUN /usr/local/bin/python -u -m experiments.day17_static_tuning --rank 96 --learning-rate 0.0001 --seed 2028 --order b_first --output results/day17_confirm_rank96_lr100_seed2028_b_first --deadline-utc 2026-10-07T03:15:00+00:00
RUN /usr/local/bin/python -u -m experiments.day17_static_tuning_report
RUN git add -A
RUN git commit -m Preserve isolated pilot-selected static baseline progress
[day17-static-tuning-20261006 8badff3] Preserve isolated pilot-selected static baseline progress
 18 files changed, 727 insertions(+), 11 deletions(-)
 create mode 100644 logs/day17_confirm_rank96_lr100_seed2028_b_first.txt
 create mode 100644 logs/day17_confirm_rank96_lr100_seed2028_b_first_report.txt
 create mode 100644 results/day17_confirm_rank96_lr100_seed2028_b_first/checkpoint/adapters/README.md
 create mode 100644 results/day17_confirm_rank96_lr100_seed2028_b_first/checkpoint/adapters/adapter_config.json
 create mode 100644 results/day17_confirm_rank96_lr100_seed2028_b_first/checkpoint/adapters/adapter_model.safetensors
 create mode 100644 results/day17_confirm_rank96_lr100_seed2028_b_first/checkpoint/learner_state.pt
 create mode 100644 results/day17_confirm_rank96_lr100_seed2028_b_first/eval_matrix.csv
 create mode 100644 results/day17_confirm_rank96_lr100_seed2028_b_first/events.jsonl
 create mode 100644 results/day17_confirm_rank96_lr100_seed2028_b_first/label_free_eval.csv
 create mode 100644 results/day17_confirm_rank96_lr100_seed2028_b_first/provenance.json
 create mode 100644 results/day17_confirm_rank96_lr100_seed2028_b_first/routing.csv
 create mode 100644 results/day17_confirm_rank96_lr100_seed2028_b_first/summary.json
RUN git push origin day17-static-tuning-20261006
Uploading LFS objects: 100% (2/2), 34 MB | 0 B/s, done.
To https://github.com/anitusiruk/mitosis-interference.git
   f679707..8badff3  day17-static-tuning-20261006 -> day17-static-tuning-20261006
STATIC_BASELINE_PROGRESS_PUSHED 8badff3fcf29211b349511eee2ba7e7f20b078ac
STATIC_BASELINE_JOB day17_confirm_rank96_lr100_seed2028_b_first completed
RUN /usr/local/bin/python -u -m experiments.day17_static_tuning --rank 8 --learning-rate 0.0002 --seed 2029 --order canonical --output results/day17_confirm_rank8_lr200_seed2029_canonical --deadline-utc 2026-10-07T03:15:00+00:00
RUN /usr/local/bin/python -u -m experiments.day17_static_tuning_report
RUN git add -A
RUN git commit -m Preserve isolated pilot-selected static baseline progress
[day17-static-tuning-20261006 f490948] Preserve isolated pilot-selected static baseline progress
 16 files changed, 712 insertions(+), 1 deletion(-)
 create mode 100644 logs/day17_confirm_rank8_lr200_seed2029_canonical.txt
 create mode 100644 logs/day17_confirm_rank8_lr200_seed2029_canonical_report.txt
 create mode 100644 results/day17_confirm_rank8_lr200_seed2029_canonical/checkpoint/adapters/README.md
 create mode 100644 results/day17_confirm_rank8_lr200_seed2029_canonical/checkpoint/adapters/adapter_config.json
 create mode 100644 results/day17_confirm_rank8_lr200_seed2029_canonical/checkpoint/adapters/adapter_model.safetensors
 create mode 100644 results/day17_confirm_rank8_lr200_seed2029_canonical/checkpoint/learner_state.pt
 create mode 100644 results/day17_confirm_rank8_lr200_seed2029_canonical/eval_matrix.csv
 create mode 100644 results/day17_confirm_rank8_lr200_seed2029_canonical/events.jsonl
 create mode 100644 results/day17_confirm_rank8_lr200_seed2029_canonical/label_free_eval.csv
 create mode 100644 results/day17_confirm_rank8_lr200_seed2029_canonical/provenance.json
 create mode 100644 results/day17_confirm_rank8_lr200_seed2029_canonical/routing.csv
 create mode 100644 results/day17_confirm_rank8_lr200_seed2029_canonical/summary.json
RUN git push origin day17-static-tuning-20261006
To https://github.com/anitusiruk/mitosis-interference.git
   8badff3..f490948  day17-static-tuning-20261006 -> day17-static-tuning-20261006
STATIC_BASELINE_PROGRESS_PUSHED f490948cd26c93fc7d462142b10b43674063e889
STATIC_BASELINE_JOB day17_confirm_rank8_lr200_seed2029_canonical completed
RUN /usr/local/bin/python -u -m experiments.day17_static_tuning --rank 96 --learning-rate 0.0001 --seed 2029 --order canonical --output results/day17_confirm_rank96_lr100_seed2029_canonical --deadline-utc 2026-10-07T03:15:00+00:00
RUN /usr/local/bin/python -u -m experiments.day17_static_tuning_report
RUN git add -A
RUN git commit -m Preserve isolated pilot-selected static baseline progress
[day17-static-tuning-20261006 03167a6] Preserve isolated pilot-selected static baseline progress
 16 files changed, 712 insertions(+), 1 deletion(-)
 create mode 100644 logs/day17_confirm_rank96_lr100_seed2029_canonical.txt
 create mode 100644 logs/day17_confirm_rank96_lr100_seed2029_canonical_report.txt
 create mode 100644 results/day17_confirm_rank96_lr100_seed2029_canonical/checkpoint/adapters/README.md
 create mode 100644 results/day17_confirm_rank96_lr100_seed2029_canonical/checkpoint/adapters/adapter_config.json
 create mode 100644 results/day17_confirm_rank96_lr100_seed2029_canonical/checkpoint/adapters/adapter_model.safetensors
 create mode 100644 results/day17_confirm_rank96_lr100_seed2029_canonical/checkpoint/learner_state.pt
 create mode 100644 results/day17_confirm_rank96_lr100_seed2029_canonical/eval_matrix.csv
 create mode 100644 results/day17_confirm_rank96_lr100_seed2029_canonical/events.jsonl
 create mode 100644 results/day17_confirm_rank96_lr100_seed2029_canonical/label_free_eval.csv
 create mode 100644 results/day17_confirm_rank96_lr100_seed2029_canonical/provenance.json
 create mode 100644 results/day17_confirm_rank96_lr100_seed2029_canonical/routing.csv
 create mode 100644 results/day17_confirm_rank96_lr100_seed2029_canonical/summary.json
RUN git push origin day17-static-tuning-20261006
Uploading LFS objects: 100% (2/2), 34 MB | 8.7 MB/s, done.
To https://github.com/anitusiruk/mitosis-interference.git
   f490948..03167a6  day17-static-tuning-20261006 -> day17-static-tuning-20261006
STATIC_BASELINE_PROGRESS_PUSHED 03167a61292d23005291dce22cb83c948530691a
STATIC_BASELINE_JOB day17_confirm_rank96_lr100_seed2029_canonical completed
RUN /usr/local/bin/python -u -m experiments.day17_static_tuning --rank 8 --learning-rate 0.0002 --seed 2029 --order b_first --output results/day17_confirm_rank8_lr200_seed2029_b_first --deadline-utc 2026-10-07T03:15:00+00:00
RUN /usr/local/bin/python -u -m experiments.day17_static_tuning_report
RUN git add -A
RUN git commit -m Preserve isolated pilot-selected static baseline progress
[day17-static-tuning-20261006 955cc24] Preserve isolated pilot-selected static baseline progress
 18 files changed, 727 insertions(+), 11 deletions(-)
 create mode 100644 logs/day17_confirm_rank8_lr200_seed2029_b_first.txt
 create mode 100644 logs/day17_confirm_rank8_lr200_seed2029_b_first_report.txt
 create mode 100644 results/day17_confirm_rank8_lr200_seed2029_b_first/checkpoint/adapters/README.md
 create mode 100644 results/day17_confirm_rank8_lr200_seed2029_b_first/checkpoint/adapters/adapter_config.json
 create mode 100644 results/day17_confirm_rank8_lr200_seed2029_b_first/checkpoint/adapters/adapter_model.safetensors
 create mode 100644 results/day17_confirm_rank8_lr200_seed2029_b_first/checkpoint/learner_state.pt
 create mode 100644 results/day17_confirm_rank8_lr200_seed2029_b_first/eval_matrix.csv
 create mode 100644 results/day17_confirm_rank8_lr200_seed2029_b_first/events.jsonl
 create mode 100644 results/day17_confirm_rank8_lr200_seed2029_b_first/label_free_eval.csv
 create mode 100644 results/day17_confirm_rank8_lr200_seed2029_b_first/provenance.json
 create mode 100644 results/day17_confirm_rank8_lr200_seed2029_b_first/routing.csv
 create mode 100644 results/day17_confirm_rank8_lr200_seed2029_b_first/summary.json
RUN git push origin day17-static-tuning-20261006
To https://github.com/anitusiruk/mitosis-interference.git
   03167a6..955cc24  day17-static-tuning-20261006 -> day17-static-tuning-20261006
STATIC_BASELINE_PROGRESS_PUSHED 955cc242254dd30f2c6df16938561e714fd92253
STATIC_BASELINE_JOB day17_confirm_rank8_lr200_seed2029_b_first completed
RUN /usr/local/bin/python -u -m experiments.day17_static_tuning --rank 96 --learning-rate 0.0001 --seed 2029 --order b_first --output results/day17_confirm_rank96_lr100_seed2029_b_first --deadline-utc 2026-10-07T03:15:00+00:00
RUN /usr/local/bin/python -u -m experiments.day17_static_tuning_report
RUN git add -A
RUN git commit -m Preserve isolated pilot-selected static baseline progress
[day17-static-tuning-20261006 62c53f2] Preserve isolated pilot-selected static baseline progress
 18 files changed, 727 insertions(+), 11 deletions(-)
 create mode 100644 logs/day17_confirm_rank96_lr100_seed2029_b_first.txt
 create mode 100644 logs/day17_confirm_rank96_lr100_seed2029_b_first_report.txt
 create mode 100644 results/day17_confirm_rank96_lr100_seed2029_b_first/checkpoint/adapters/README.md
 create mode 100644 results/day17_confirm_rank96_lr100_seed2029_b_first/checkpoint/adapters/adapter_config.json
 create mode 100644 results/day17_confirm_rank96_lr100_seed2029_b_first/checkpoint/adapters/adapter_model.safetensors
 create mode 100644 results/day17_confirm_rank96_lr100_seed2029_b_first/checkpoint/learner_state.pt
 create mode 100644 results/day17_confirm_rank96_lr100_seed2029_b_first/eval_matrix.csv
 create mode 100644 results/day17_confirm_rank96_lr100_seed2029_b_first/events.jsonl
 create mode 100644 results/day17_confirm_rank96_lr100_seed2029_b_first/label_free_eval.csv
 create mode 100644 results/day17_confirm_rank96_lr100_seed2029_b_first/provenance.json
 create mode 100644 results/day17_confirm_rank96_lr100_seed2029_b_first/routing.csv
 create mode 100644 results/day17_confirm_rank96_lr100_seed2029_b_first/summary.json
RUN git push origin day17-static-tuning-20261006
Uploading LFS objects: 100% (2/2), 34 MB | 0 B/s, done.
To https://github.com/anitusiruk/mitosis-interference.git
   955cc24..62c53f2  day17-static-tuning-20261006 -> day17-static-tuning-20261006
STATIC_BASELINE_PROGRESS_PUSHED 62c53f271b28ece6d5f7a78805ad4bed377a8c49
STATIC_BASELINE_JOB day17_confirm_rank96_lr100_seed2029_b_first completed
RUN /usr/local/bin/python -u -m experiments.day17_static_tuning --rank 8 --learning-rate 0.0002 --seed 2030 --order canonical --output results/day17_confirm_rank8_lr200_seed2030_canonical --deadline-utc 2026-10-07T03:15:00+00:00
RUN /usr/local/bin/python -u -m experiments.day17_static_tuning_report
RUN git add -A
RUN git commit -m Preserve isolated pilot-selected static baseline progress
[day17-static-tuning-20261006 c557cde] Preserve isolated pilot-selected static baseline progress
 16 files changed, 712 insertions(+), 1 deletion(-)
 create mode 100644 logs/day17_confirm_rank8_lr200_seed2030_canonical.txt
 create mode 100644 logs/day17_confirm_rank8_lr200_seed2030_canonical_report.txt
 create mode 100644 results/day17_confirm_rank8_lr200_seed2030_canonical/checkpoint/adapters/README.md
 create mode 100644 results/day17_confirm_rank8_lr200_seed2030_canonical/checkpoint/adapters/adapter_config.json
 create mode 100644 results/day17_confirm_rank8_lr200_seed2030_canonical/checkpoint/adapters/adapter_model.safetensors
 create mode 100644 results/day17_confirm_rank8_lr200_seed2030_canonical/checkpoint/learner_state.pt
 create mode 100644 results/day17_confirm_rank8_lr200_seed2030_canonical/eval_matrix.csv
 create mode 100644 results/day17_confirm_rank8_lr200_seed2030_canonical/events.jsonl
 create mode 100644 results/day17_confirm_rank8_lr200_seed2030_canonical/label_free_eval.csv
 create mode 100644 results/day17_confirm_rank8_lr200_seed2030_canonical/provenance.json
 create mode 100644 results/day17_confirm_rank8_lr200_seed2030_canonical/routing.csv
 create mode 100644 results/day17_confirm_rank8_lr200_seed2030_canonical/summary.json
RUN git push origin day17-static-tuning-20261006
To https://github.com/anitusiruk/mitosis-interference.git
   62c53f2..c557cde  day17-static-tuning-20261006 -> day17-static-tuning-20261006
STATIC_BASELINE_PROGRESS_PUSHED c557cdeff9bdce1be831d487e0623a01abcf9077
STATIC_BASELINE_JOB day17_confirm_rank8_lr200_seed2030_canonical completed
RUN /usr/local/bin/python -u -m experiments.day17_static_tuning --rank 96 --learning-rate 0.0001 --seed 2030 --order canonical --output results/day17_confirm_rank96_lr100_seed2030_canonical --deadline-utc 2026-10-07T03:15:00+00:00
RUN /usr/local/bin/python -u -m experiments.day17_static_tuning_report
RUN git add -A
RUN git commit -m Preserve isolated pilot-selected static baseline progress
[day17-static-tuning-20261006 28ca2c9] Preserve isolated pilot-selected static baseline progress
 16 files changed, 712 insertions(+), 1 deletion(-)
 create mode 100644 logs/day17_confirm_rank96_lr100_seed2030_canonical.txt
 create mode 100644 logs/day17_confirm_rank96_lr100_seed2030_canonical_report.txt
 create mode 100644 results/day17_confirm_rank96_lr100_seed2030_canonical/checkpoint/adapters/README.md
 create mode 100644 results/day17_confirm_rank96_lr100_seed2030_canonical/checkpoint/adapters/adapter_config.json
 create mode 100644 results/day17_confirm_rank96_lr100_seed2030_canonical/checkpoint/adapters/adapter_model.safetensors
 create mode 100644 results/day17_confirm_rank96_lr100_seed2030_canonical/checkpoint/learner_state.pt
 create mode 100644 results/day17_confirm_rank96_lr100_seed2030_canonical/eval_matrix.csv
 create mode 100644 results/day17_confirm_rank96_lr100_seed2030_canonical/events.jsonl
 create mode 100644 results/day17_confirm_rank96_lr100_seed2030_canonical/label_free_eval.csv
 create mode 100644 results/day17_confirm_rank96_lr100_seed2030_canonical/provenance.json
 create mode 100644 results/day17_confirm_rank96_lr100_seed2030_canonical/routing.csv
 create mode 100644 results/day17_confirm_rank96_lr100_seed2030_canonical/summary.json
RUN git push origin day17-static-tuning-20261006
Uploading LFS objects: 100% (2/2), 34 MB | 7.7 MB/s, done.
To https://github.com/anitusiruk/mitosis-interference.git
   c557cde..28ca2c9  day17-static-tuning-20261006 -> day17-static-tuning-20261006
STATIC_BASELINE_PROGRESS_PUSHED 28ca2c9afe0e1ea60e1700aef1655dd27c0c3ed5
STATIC_BASELINE_JOB day17_confirm_rank96_lr100_seed2030_canonical completed
RUN /usr/local/bin/python -u -m experiments.day17_static_tuning --rank 8 --learning-rate 0.0002 --seed 2030 --order b_first --output results/day17_confirm_rank8_lr200_seed2030_b_first --deadline-utc 2026-10-07T03:15:00+00:00
RUN /usr/local/bin/python -u -m experiments.day17_static_tuning_report
RUN git add -A
RUN git commit -m Preserve isolated pilot-selected static baseline progress
[day17-static-tuning-20261006 7fc3515] Preserve isolated pilot-selected static baseline progress
 18 files changed, 727 insertions(+), 11 deletions(-)
 create mode 100644 logs/day17_confirm_rank8_lr200_seed2030_b_first.txt
 create mode 100644 logs/day17_confirm_rank8_lr200_seed2030_b_first_report.txt
 create mode 100644 results/day17_confirm_rank8_lr200_seed2030_b_first/checkpoint/adapters/README.md
 create mode 100644 results/day17_confirm_rank8_lr200_seed2030_b_first/checkpoint/adapters/adapter_config.json
 create mode 100644 results/day17_confirm_rank8_lr200_seed2030_b_first/checkpoint/adapters/adapter_model.safetensors
 create mode 100644 results/day17_confirm_rank8_lr200_seed2030_b_first/checkpoint/learner_state.pt
 create mode 100644 results/day17_confirm_rank8_lr200_seed2030_b_first/eval_matrix.csv
 create mode 100644 results/day17_confirm_rank8_lr200_seed2030_b_first/events.jsonl
 create mode 100644 results/day17_confirm_rank8_lr200_seed2030_b_first/label_free_eval.csv
 create mode 100644 results/day17_confirm_rank8_lr200_seed2030_b_first/provenance.json
 create mode 100644 results/day17_confirm_rank8_lr200_seed2030_b_first/routing.csv
 create mode 100644 results/day17_confirm_rank8_lr200_seed2030_b_first/summary.json
RUN git push origin day17-static-tuning-20261006
To https://github.com/anitusiruk/mitosis-interference.git
   28ca2c9..7fc3515  day17-static-tuning-20261006 -> day17-static-tuning-20261006
STATIC_BASELINE_PROGRESS_PUSHED 7fc3515411c2b523536858bac62a0293d2a7845c
STATIC_BASELINE_JOB day17_confirm_rank8_lr200_seed2030_b_first completed
RUN /usr/local/bin/python -u -m experiments.day17_static_tuning --rank 96 --learning-rate 0.0001 --seed 2030 --order b_first --output results/day17_confirm_rank96_lr100_seed2030_b_first --deadline-utc 2026-10-07T03:15:00+00:00
RUN /usr/local/bin/python -u -m experiments.day17_static_tuning_report
RUN git add -A
RUN git commit -m Preserve isolated pilot-selected static baseline progress
[day17-static-tuning-20261006 2216427] Preserve isolated pilot-selected static baseline progress
 18 files changed, 726 insertions(+), 11 deletions(-)
 create mode 100644 logs/day17_confirm_rank96_lr100_seed2030_b_first.txt
 create mode 100644 logs/day17_confirm_rank96_lr100_seed2030_b_first_report.txt
 create mode 100644 results/day17_confirm_rank96_lr100_seed2030_b_first/checkpoint/adapters/README.md
 create mode 100644 results/day17_confirm_rank96_lr100_seed2030_b_first/checkpoint/adapters/adapter_config.json
 create mode 100644 results/day17_confirm_rank96_lr100_seed2030_b_first/checkpoint/adapters/adapter_model.safetensors
 create mode 100644 results/day17_confirm_rank96_lr100_seed2030_b_first/checkpoint/learner_state.pt
 create mode 100644 results/day17_confirm_rank96_lr100_seed2030_b_first/eval_matrix.csv
 create mode 100644 results/day17_confirm_rank96_lr100_seed2030_b_first/events.jsonl
 create mode 100644 results/day17_confirm_rank96_lr100_seed2030_b_first/label_free_eval.csv
 create mode 100644 results/day17_confirm_rank96_lr100_seed2030_b_first/provenance.json
 create mode 100644 results/day17_confirm_rank96_lr100_seed2030_b_first/routing.csv
 create mode 100644 results/day17_confirm_rank96_lr100_seed2030_b_first/summary.json
RUN git push origin day17-static-tuning-20261006
Uploading LFS objects: 100% (2/2), 34 MB | 9.9 MB/s, done.
To https://github.com/anitusiruk/mitosis-interference.git
   7fc3515..2216427  day17-static-tuning-20261006 -> day17-static-tuning-20261006
STATIC_BASELINE_PROGRESS_PUSHED 2216427d1dac3d269bc6f22e115f00da51181dda
STATIC_BASELINE_JOB day17_confirm_rank96_lr100_seed2030_b_first completed
RUN /usr/local/bin/python -u -m experiments.day17_static_tuning --rank 8 --learning-rate 0.0002 --seed 2031 --order canonical --output results/day17_confirm_rank8_lr200_seed2031_canonical --deadline-utc 2026-10-07T03:15:00+00:00
RUN /usr/local/bin/python -u -m experiments.day17_static_tuning_report
RUN git add -A
RUN git commit -m Preserve isolated pilot-selected static baseline progress
[day17-static-tuning-20261006 5bbf261] Preserve isolated pilot-selected static baseline progress
 16 files changed, 712 insertions(+), 1 deletion(-)
 create mode 100644 logs/day17_confirm_rank8_lr200_seed2031_canonical.txt
 create mode 100644 logs/day17_confirm_rank8_lr200_seed2031_canonical_report.txt
 create mode 100644 results/day17_confirm_rank8_lr200_seed2031_canonical/checkpoint/adapters/README.md
 create mode 100644 results/day17_confirm_rank8_lr200_seed2031_canonical/checkpoint/adapters/adapter_config.json
 create mode 100644 results/day17_confirm_rank8_lr200_seed2031_canonical/checkpoint/adapters/adapter_model.safetensors
 create mode 100644 results/day17_confirm_rank8_lr200_seed2031_canonical/checkpoint/learner_state.pt
 create mode 100644 results/day17_confirm_rank8_lr200_seed2031_canonical/eval_matrix.csv
 create mode 100644 results/day17_confirm_rank8_lr200_seed2031_canonical/events.jsonl
 create mode 100644 results/day17_confirm_rank8_lr200_seed2031_canonical/label_free_eval.csv
 create mode 100644 results/day17_confirm_rank8_lr200_seed2031_canonical/provenance.json
 create mode 100644 results/day17_confirm_rank8_lr200_seed2031_canonical/routing.csv
 create mode 100644 results/day17_confirm_rank8_lr200_seed2031_canonical/summary.json
RUN git push origin day17-static-tuning-20261006
To https://github.com/anitusiruk/mitosis-interference.git
   2216427..5bbf261  day17-static-tuning-20261006 -> day17-static-tuning-20261006
STATIC_BASELINE_PROGRESS_PUSHED 5bbf261e4061fa4c2534fdcedaa4f12d9f8357fd
STATIC_BASELINE_JOB day17_confirm_rank8_lr200_seed2031_canonical completed
RUN /usr/local/bin/python -u -m experiments.day17_static_tuning --rank 96 --learning-rate 0.0001 --seed 2031 --order canonical --output results/day17_confirm_rank96_lr100_seed2031_canonical --deadline-utc 2026-10-07T03:15:00+00:00
RUN /usr/local/bin/python -u -m experiments.day17_static_tuning_report
RUN git add -A
RUN git commit -m Preserve isolated pilot-selected static baseline progress
[day17-static-tuning-20261006 4b6ac18] Preserve isolated pilot-selected static baseline progress
 16 files changed, 712 insertions(+), 1 deletion(-)
 create mode 100644 logs/day17_confirm_rank96_lr100_seed2031_canonical.txt
 create mode 100644 logs/day17_confirm_rank96_lr100_seed2031_canonical_report.txt
 create mode 100644 results/day17_confirm_rank96_lr100_seed2031_canonical/checkpoint/adapters/README.md
 create mode 100644 results/day17_confirm_rank96_lr100_seed2031_canonical/checkpoint/adapters/adapter_config.json
 create mode 100644 results/day17_confirm_rank96_lr100_seed2031_canonical/checkpoint/adapters/adapter_model.safetensors
 create mode 100644 results/day17_confirm_rank96_lr100_seed2031_canonical/checkpoint/learner_state.pt
 create mode 100644 results/day17_confirm_rank96_lr100_seed2031_canonical/eval_matrix.csv
 create mode 100644 results/day17_confirm_rank96_lr100_seed2031_canonical/events.jsonl
 create mode 100644 results/day17_confirm_rank96_lr100_seed2031_canonical/label_free_eval.csv
 create mode 100644 results/day17_confirm_rank96_lr100_seed2031_canonical/provenance.json
 create mode 100644 results/day17_confirm_rank96_lr100_seed2031_canonical/routing.csv
 create mode 100644 results/day17_confirm_rank96_lr100_seed2031_canonical/summary.json
RUN git push origin day17-static-tuning-20261006
Uploading LFS objects: 100% (2/2), 34 MB | 14 MB/s, done.
To https://github.com/anitusiruk/mitosis-interference.git
   5bbf261..4b6ac18  day17-static-tuning-20261006 -> day17-static-tuning-20261006
STATIC_BASELINE_PROGRESS_PUSHED 4b6ac18fcc555fa855f0ca8ff6d57f5fbc18d255
STATIC_BASELINE_JOB day17_confirm_rank96_lr100_seed2031_canonical completed
RUN /usr/local/bin/python -u -m experiments.day17_static_tuning --rank 8 --learning-rate 0.0002 --seed 2031 --order b_first --output results/day17_confirm_rank8_lr200_seed2031_b_first --deadline-utc 2026-10-07T03:15:00+00:00
RUN /usr/local/bin/python -u -m experiments.day17_static_tuning_report
RUN git add -A
RUN git commit -m Preserve isolated pilot-selected static baseline progress
[day17-static-tuning-20261006 d2b686b] Preserve isolated pilot-selected static baseline progress
 18 files changed, 727 insertions(+), 11 deletions(-)
 create mode 100644 logs/day17_confirm_rank8_lr200_seed2031_b_first.txt
 create mode 100644 logs/day17_confirm_rank8_lr200_seed2031_b_first_report.txt
 create mode 100644 results/day17_confirm_rank8_lr200_seed2031_b_first/checkpoint/adapters/README.md
 create mode 100644 results/day17_confirm_rank8_lr200_seed2031_b_first/checkpoint/adapters/adapter_config.json
 create mode 100644 results/day17_confirm_rank8_lr200_seed2031_b_first/checkpoint/adapters/adapter_model.safetensors
 create mode 100644 results/day17_confirm_rank8_lr200_seed2031_b_first/checkpoint/learner_state.pt
 create mode 100644 results/day17_confirm_rank8_lr200_seed2031_b_first/eval_matrix.csv
 create mode 100644 results/day17_confirm_rank8_lr200_seed2031_b_first/events.jsonl
 create mode 100644 results/day17_confirm_rank8_lr200_seed2031_b_first/label_free_eval.csv
 create mode 100644 results/day17_confirm_rank8_lr200_seed2031_b_first/provenance.json
 create mode 100644 results/day17_confirm_rank8_lr200_seed2031_b_first/routing.csv
 create mode 100644 results/day17_confirm_rank8_lr200_seed2031_b_first/summary.json
RUN git push origin day17-static-tuning-20261006
To https://github.com/anitusiruk/mitosis-interference.git
   4b6ac18..d2b686b  day17-static-tuning-20261006 -> day17-static-tuning-20261006
STATIC_BASELINE_PROGRESS_PUSHED d2b686b9be6e6b4b1ece6ef16885543b690b1b77
STATIC_BASELINE_JOB day17_confirm_rank8_lr200_seed2031_b_first completed
RUN /usr/local/bin/python -u -m experiments.day17_static_tuning --rank 96 --learning-rate 0.0001 --seed 2031 --order b_first --output results/day17_confirm_rank96_lr100_seed2031_b_first --deadline-utc 2026-10-07T03:15:00+00:00
RUN /usr/local/bin/python -u -m experiments.day17_static_tuning_report
RUN git add -A
RUN git commit -m Preserve isolated pilot-selected static baseline progress
[day17-static-tuning-20261006 b4db83e] Preserve isolated pilot-selected static baseline progress
 18 files changed, 727 insertions(+), 11 deletions(-)
 create mode 100644 logs/day17_confirm_rank96_lr100_seed2031_b_first.txt
 create mode 100644 logs/day17_confirm_rank96_lr100_seed2031_b_first_report.txt
 create mode 100644 results/day17_confirm_rank96_lr100_seed2031_b_first/checkpoint/adapters/README.md
 create mode 100644 results/day17_confirm_rank96_lr100_seed2031_b_first/checkpoint/adapters/adapter_config.json
 create mode 100644 results/day17_confirm_rank96_lr100_seed2031_b_first/checkpoint/adapters/adapter_model.safetensors
 create mode 100644 results/day17_confirm_rank96_lr100_seed2031_b_first/checkpoint/learner_state.pt
 create mode 100644 results/day17_confirm_rank96_lr100_seed2031_b_first/eval_matrix.csv
 create mode 100644 results/day17_confirm_rank96_lr100_seed2031_b_first/events.jsonl
 create mode 100644 results/day17_confirm_rank96_lr100_seed2031_b_first/label_free_eval.csv
 create mode 100644 results/day17_confirm_rank96_lr100_seed2031_b_first/provenance.json
 create mode 100644 results/day17_confirm_rank96_lr100_seed2031_b_first/routing.csv
 create mode 100644 results/day17_confirm_rank96_lr100_seed2031_b_first/summary.json
RUN git push origin day17-static-tuning-20261006
Uploading LFS objects: 100% (2/2), 34 MB | 0 B/s, done.
To https://github.com/anitusiruk/mitosis-interference.git
   d2b686b..b4db83e  day17-static-tuning-20261006 -> day17-static-tuning-20261006
STATIC_BASELINE_PROGRESS_PUSHED b4db83e6d1d36565f2959fbca469f3c4de442238
STATIC_BASELINE_JOB day17_confirm_rank96_lr100_seed2031_b_first completed
RUN git add -A
RUN git commit -m Preserve isolated pilot-selected static baseline progress
[day17-static-tuning-20261006 84adb4d] Preserve isolated pilot-selected static baseline progress
 1 file changed, 3 insertions(+), 1 deletion(-)
RUN git push origin day17-static-tuning-20261006
To https://github.com/anitusiruk/mitosis-interference.git
   b4db83e..84adb4d  day17-static-tuning-20261006 -> day17-static-tuning-20261006
STATIC_BASELINE_PROGRESS_PUSHED 84adb4d0557446c409db2486b1bd5dbb677a3a10
RUN git -c lfs.storage=/workspace/mitosis-day17-lfs-verify-20261007T015703Z lfs fetch --include=results/day17_*/checkpoint/** --exclude= origin day17-static-tuning-20261006
fetch: Fetching reference refs/heads/day17-static-tuning-20261006
STATIC_REMOTE_CHECKPOINT_ROUNDTRIP_PASS 90
RUN git add notes/day17_github_save_verification.json notes/day17_static_tuning_execution.json
RUN git commit -m Record verified checkpoint preservation for tuned static baselines
[day17-static-tuning-20261006 ad0cb42] Record verified checkpoint preservation for tuned static baselines
 2 files changed, 16 insertions(+), 1 deletion(-)
 create mode 100644 notes/day17_github_save_verification.json
RUN git push origin day17-static-tuning-20261006
To https://github.com/anitusiruk/mitosis-interference.git
   84adb4d..ad0cb42  day17-static-tuning-20261006 -> day17-static-tuning-20261006
STATIC_BASELINE_AND_GITHUB_SAVE_COMPLETE ad0cb42f24c4a2eac9702fe739d13f509c0bb4fb COMPLETE True FAILED False
