FROZEN_CONTINUATION_WAITING_FOR_VERIFIED_EVIDENCE_SAVE 2026-10-07T02:36:08.328037+00:00
FROZEN_CONTINUATION_WAITING_FOR_VERIFIED_EVIDENCE_SAVE 2026-10-07T02:36:38.328249+00:00
FROZEN_CONTINUATION_WAITING_FOR_VERIFIED_EVIDENCE_SAVE 2026-10-07T02:37:08.328467+00:00
FROZEN_CONTINUATION_WAITING_FOR_VERIFIED_EVIDENCE_SAVE 2026-10-07T02:37:38.328667+00:00
FROZEN_CONTINUATION_WAITING_FOR_VERIFIED_EVIDENCE_SAVE 2026-10-07T02:38:08.328925+00:00
FROZEN_CONTINUATION_WAITING_FOR_VERIFIED_EVIDENCE_SAVE 2026-10-07T02:38:38.329148+00:00
FROZEN_CONTINUATION_WAITING_FOR_VERIFIED_EVIDENCE_SAVE 2026-10-07T02:39:08.329328+00:00
FROZEN_CONTINUATION_WAITING_FOR_VERIFIED_EVIDENCE_SAVE 2026-10-07T02:39:38.329551+00:00
FROZEN_CONTINUATION_WAITING_FOR_VERIFIED_EVIDENCE_SAVE 2026-10-07T02:40:08.329786+00:00
FROZEN_CONTINUATION_WAITING_FOR_VERIFIED_EVIDENCE_SAVE 2026-10-07T02:40:38.330013+00:00
FROZEN_CONTINUATION_WAITING_FOR_VERIFIED_EVIDENCE_SAVE 2026-10-07T02:41:08.330231+00:00
FROZEN_CONTINUATION_WAITING_FOR_VERIFIED_EVIDENCE_SAVE 2026-10-07T02:41:38.330465+00:00
FROZEN_CONTINUATION_WAITING_FOR_VERIFIED_EVIDENCE_SAVE 2026-10-07T02:42:08.330667+00:00
FROZEN_CONTINUATION_WAITING_FOR_VERIFIED_EVIDENCE_SAVE 2026-10-07T02:42:38.330921+00:00
FROZEN_CONTINUATION_WAITING_FOR_VERIFIED_EVIDENCE_SAVE 2026-10-07T02:43:08.331177+00:00
FROZEN_CONTINUATION_WAITING_FOR_VERIFIED_EVIDENCE_SAVE 2026-10-07T02:43:38.331427+00:00
FROZEN_CONTINUATION_WAITING_FOR_VERIFIED_EVIDENCE_SAVE 2026-10-07T02:44:08.331668+00:00
FROZEN_CONTINUATION_WAITING_FOR_VERIFIED_EVIDENCE_SAVE 2026-10-07T02:44:38.331989+00:00
FROZEN_CONTINUATION_WAITING_FOR_VERIFIED_EVIDENCE_SAVE 2026-10-07T02:45:08.332216+00:00
FROZEN_CONTINUATION_WAITING_FOR_VERIFIED_EVIDENCE_SAVE 2026-10-07T02:45:38.332404+00:00
FROZEN_CONTINUATION_WAITING_FOR_VERIFIED_EVIDENCE_SAVE 2026-10-07T02:46:08.332602+00:00
FROZEN_CONTINUATION_WAITING_FOR_VERIFIED_EVIDENCE_SAVE 2026-10-07T02:46:38.332844+00:00
FROZEN_CONTINUATION_WAITING_FOR_VERIFIED_EVIDENCE_SAVE 2026-10-07T02:47:08.333121+00:00
FROZEN_CONTINUATION_WAITING_FOR_VERIFIED_EVIDENCE_SAVE 2026-10-07T02:47:38.333360+00:00
FROZEN_CONTINUATION_WAITING_FOR_VERIFIED_EVIDENCE_SAVE 2026-10-07T02:48:08.333579+00:00
FROZEN_CONTINUATION_WAITING_FOR_VERIFIED_EVIDENCE_SAVE 2026-10-07T02:48:38.333764+00:00
FROZEN_CONTINUATION_WAITING_FOR_VERIFIED_EVIDENCE_SAVE 2026-10-07T02:49:08.333994+00:00
FROZEN_CONTINUATION_WAITING_FOR_VERIFIED_EVIDENCE_SAVE 2026-10-07T02:49:38.334270+00:00
FROZEN_CONTINUATION_WAITING_FOR_VERIFIED_EVIDENCE_SAVE 2026-10-07T02:50:08.334504+00:00
FROZEN_CONTINUATION_WAITING_FOR_VERIFIED_EVIDENCE_SAVE 2026-10-07T02:50:38.334713+00:00
FROZEN_CONTINUATION_WAITING_FOR_VERIFIED_EVIDENCE_SAVE 2026-10-07T02:51:08.334966+00:00
FROZEN_CONTINUATION_WAITING_FOR_VERIFIED_EVIDENCE_SAVE 2026-10-07T02:51:38.335198+00:00
FROZEN_CONTINUATION_WAITING_FOR_VERIFIED_EVIDENCE_SAVE 2026-10-07T02:52:08.335438+00:00
FROZEN_CONTINUATION_WAITING_FOR_VERIFIED_EVIDENCE_SAVE 2026-10-07T02:52:38.335678+00:00
FROZEN_CONTINUATION_WAITING_FOR_VERIFIED_EVIDENCE_SAVE 2026-10-07T02:53:08.336034+00:00
FROZEN_CONTINUATION_WAITING_FOR_VERIFIED_EVIDENCE_SAVE 2026-10-07T02:53:38.336251+00:00
FROZEN_CONTINUATION_WAITING_FOR_VERIFIED_EVIDENCE_SAVE 2026-10-07T02:54:08.336450+00:00
FROZEN_CONTINUATION_WAITING_FOR_VERIFIED_EVIDENCE_SAVE 2026-10-07T02:54:38.336651+00:00
FROZEN_CONTINUATION_WAITING_FOR_VERIFIED_EVIDENCE_SAVE 2026-10-07T02:55:08.336911+00:00
FROZEN_CONTINUATION_WAITING_FOR_VERIFIED_EVIDENCE_SAVE 2026-10-07T02:55:38.337171+00:00
FROZEN_CONTINUATION_WAITING_FOR_VERIFIED_EVIDENCE_SAVE 2026-10-07T02:56:08.337415+00:00
FROZEN_CONTINUATION_WAITING_FOR_VERIFIED_EVIDENCE_SAVE 2026-10-07T02:56:38.337617+00:00
FROZEN_CONTINUATION_WAITING_FOR_VERIFIED_EVIDENCE_SAVE 2026-10-07T02:57:08.337838+00:00
FROZEN_CONTINUATION_WAITING_FOR_VERIFIED_EVIDENCE_SAVE 2026-10-07T02:57:38.338103+00:00
FROZEN_CONTINUATION_WAITING_FOR_VERIFIED_EVIDENCE_SAVE 2026-10-07T02:58:08.338336+00:00
FROZEN_CONTINUATION_WAITING_FOR_VERIFIED_EVIDENCE_SAVE 2026-10-07T02:58:38.338558+00:00
FROZEN_CONTINUATION_WAITING_FOR_VERIFIED_EVIDENCE_SAVE 2026-10-07T02:59:08.338772+00:00
FROZEN_CONTINUATION_WAITING_FOR_VERIFIED_EVIDENCE_SAVE 2026-10-07T02:59:38.339034+00:00
FROZEN_CONTINUATION_WAITING_FOR_VERIFIED_EVIDENCE_SAVE 2026-10-07T03:00:08.339279+00:00
FROZEN_CONTINUATION_WAITING_FOR_VERIFIED_EVIDENCE_SAVE 2026-10-07T03:00:38.339523+00:00
FROZEN_CONTINUATION_WAITING_FOR_VERIFIED_EVIDENCE_SAVE 2026-10-07T03:01:08.339758+00:00
FROZEN_CONTINUATION_WAITING_FOR_VERIFIED_EVIDENCE_SAVE 2026-10-07T03:01:38.340030+00:00
FROZEN_CONTINUATION_WAITING_FOR_VERIFIED_EVIDENCE_SAVE 2026-10-07T03:02:08.340367+00:00
FROZEN_CONTINUATION_WAITING_FOR_VERIFIED_EVIDENCE_SAVE 2026-10-07T03:02:38.340625+00:00
FROZEN_CONTINUATION_WAITING_FOR_VERIFIED_EVIDENCE_SAVE 2026-10-07T03:03:08.340868+00:00
FROZEN_CONTINUATION_WAITING_FOR_VERIFIED_EVIDENCE_SAVE 2026-10-07T03:03:38.341164+00:00
FROZEN_CONTINUATION_WAITING_FOR_VERIFIED_EVIDENCE_SAVE 2026-10-07T03:04:08.341378+00:00
FROZEN_CONTINUATION_WAITING_FOR_VERIFIED_EVIDENCE_SAVE 2026-10-07T03:04:38.341614+00:00
FROZEN_CONTINUATION_WAITING_FOR_VERIFIED_EVIDENCE_SAVE 2026-10-07T03:05:08.341863+00:00
FROZEN_CONTINUATION_WAITING_FOR_VERIFIED_EVIDENCE_SAVE 2026-10-07T03:05:38.342145+00:00
FROZEN_CONTINUATION_WAITING_FOR_VERIFIED_EVIDENCE_SAVE 2026-10-07T03:06:08.342404+00:00
FROZEN_CONTINUATION_WAITING_FOR_VERIFIED_EVIDENCE_SAVE 2026-10-07T03:06:38.342701+00:00
FROZEN_CONTINUATION_WAITING_FOR_VERIFIED_EVIDENCE_SAVE 2026-10-07T03:07:08.342937+00:00
FROZEN_CONTINUATION_WAITING_FOR_VERIFIED_EVIDENCE_SAVE 2026-10-07T03:07:38.343198+00:00
FROZEN_CONTINUATION_WAITING_FOR_VERIFIED_EVIDENCE_SAVE 2026-10-07T03:08:08.343465+00:00
FROZEN_CONTINUATION_WAITING_FOR_VERIFIED_EVIDENCE_SAVE 2026-10-07T03:08:38.344160+00:00
FROZEN_CONTINUATION_WAITING_FOR_VERIFIED_EVIDENCE_SAVE 2026-10-07T03:09:08.344553+00:00
FROZEN_CONTINUATION_WAITING_FOR_VERIFIED_EVIDENCE_SAVE 2026-10-07T03:09:38.344981+00:00
FROZEN_CONTINUATION_WAITING_FOR_VERIFIED_EVIDENCE_SAVE 2026-10-07T03:10:08.345340+00:00
FROZEN_CONTINUATION_WAITING_FOR_VERIFIED_EVIDENCE_SAVE 2026-10-07T03:10:38.345715+00:00
FROZEN_CONTINUATION_WAITING_FOR_VERIFIED_EVIDENCE_SAVE 2026-10-07T03:11:08.346098+00:00
FROZEN_CONTINUATION_WAITING_FOR_VERIFIED_EVIDENCE_SAVE 2026-10-07T03:11:38.346487+00:00
FROZEN_CONTINUATION_WAITING_FOR_VERIFIED_EVIDENCE_SAVE 2026-10-07T03:12:08.346855+00:00
FROZEN_CONTINUATION_WAITING_FOR_VERIFIED_EVIDENCE_SAVE 2026-10-07T03:12:38.347235+00:00
FROZEN_CONTINUATION_WAITING_FOR_VERIFIED_EVIDENCE_SAVE 2026-10-07T03:13:08.347619+00:00
FROZEN_CONTINUATION_WAITING_FOR_VERIFIED_EVIDENCE_SAVE 2026-10-07T03:13:38.347994+00:00
FROZEN_CONTINUATION_WAITING_FOR_VERIFIED_EVIDENCE_SAVE 2026-10-07T03:14:08.348299+00:00
FROZEN_CONTINUATION_WAITING_FOR_VERIFIED_EVIDENCE_SAVE 2026-10-07T03:14:38.348631+00:00
FROZEN_CONTINUATION_WAITING_FOR_VERIFIED_EVIDENCE_SAVE 2026-10-07T03:15:08.348907+00:00
FROZEN_CONTINUATION_WAITING_FOR_VERIFIED_EVIDENCE_SAVE 2026-10-07T03:15:38.349251+00:00
FROZEN_CONTINUATION_WAITING_FOR_VERIFIED_EVIDENCE_SAVE 2026-10-07T03:16:08.349615+00:00
FROZEN_CONTINUATION_WAITING_FOR_VERIFIED_EVIDENCE_SAVE 2026-10-07T03:16:38.349954+00:00
FROZEN_CONTINUATION_WAITING_FOR_VERIFIED_EVIDENCE_SAVE 2026-10-07T03:17:08.350282+00:00
FROZEN_CONTINUATION_WAITING_FOR_VERIFIED_EVIDENCE_SAVE 2026-10-07T03:17:38.350620+00:00
FROZEN_CONTINUATION_WAITING_FOR_VERIFIED_EVIDENCE_SAVE 2026-10-07T03:18:08.351018+00:00
FROZEN_CONTINUATION_WAITING_FOR_VERIFIED_EVIDENCE_SAVE 2026-10-07T03:18:38.351415+00:00
FROZEN_CONTINUATION_WAITING_FOR_VERIFIED_EVIDENCE_SAVE 2026-10-07T03:19:08.351807+00:00
FROZEN_CONTINUATION_WAITING_FOR_VERIFIED_EVIDENCE_SAVE 2026-10-07T03:19:38.352143+00:00
FROZEN_CONTINUATION_WAITING_FOR_VERIFIED_EVIDENCE_SAVE 2026-10-07T03:20:08.352497+00:00
FROZEN_CONTINUATION_WAITING_FOR_VERIFIED_EVIDENCE_SAVE 2026-10-07T03:20:38.352912+00:00
FROZEN_CONTINUATION_WAITING_FOR_VERIFIED_EVIDENCE_SAVE 2026-10-07T03:21:08.353282+00:00
FROZEN_CONTINUATION_WAITING_FOR_VERIFIED_EVIDENCE_SAVE 2026-10-07T03:21:38.353637+00:00
FROZEN_CONTINUATION_WAITING_FOR_VERIFIED_EVIDENCE_SAVE 2026-10-07T03:22:08.354059+00:00
FROZEN_CONTINUATION_WAITING_FOR_VERIFIED_EVIDENCE_SAVE 2026-10-07T03:22:38.354336+00:00
FROZEN_CONTINUATION_WAITING_FOR_VERIFIED_EVIDENCE_SAVE 2026-10-07T03:23:08.354679+00:00
FROZEN_CONTINUATION_WAITING_FOR_VERIFIED_EVIDENCE_SAVE 2026-10-07T03:23:38.355087+00:00
FROZEN_CONTINUATION_WAITING_FOR_VERIFIED_EVIDENCE_SAVE 2026-10-07T03:24:08.355434+00:00
FROZEN_CONTINUATION_WAITING_FOR_VERIFIED_EVIDENCE_SAVE 2026-10-07T03:24:38.355827+00:00
FROZEN_CONTINUATION_WAITING_FOR_VERIFIED_EVIDENCE_SAVE 2026-10-07T03:25:08.356248+00:00
FROZEN_CONTINUATION_WAITING_FOR_VERIFIED_EVIDENCE_SAVE 2026-10-07T03:25:38.356554+00:00
FROZEN_CONTINUATION_WAITING_FOR_VERIFIED_EVIDENCE_SAVE 2026-10-07T03:26:08.356949+00:00
FROZEN_CONTINUATION_WAITING_FOR_VERIFIED_EVIDENCE_SAVE 2026-10-07T03:26:38.357296+00:00
FROZEN_CONTINUATION_WAITING_FOR_VERIFIED_EVIDENCE_SAVE 2026-10-07T03:27:08.357685+00:00
FROZEN_CONTINUATION_WAITING_FOR_VERIFIED_EVIDENCE_SAVE 2026-10-07T03:27:38.358077+00:00
FROZEN_CONTINUATION_WAITING_FOR_VERIFIED_EVIDENCE_SAVE 2026-10-07T03:28:08.358441+00:00
FROZEN_CONTINUATION_WAITING_FOR_VERIFIED_EVIDENCE_SAVE 2026-10-07T03:28:38.358827+00:00
FROZEN_CONTINUATION_WAITING_FOR_VERIFIED_EVIDENCE_SAVE 2026-10-07T03:29:08.359255+00:00
FROZEN_CONTINUATION_WAITING_FOR_VERIFIED_EVIDENCE_SAVE 2026-10-07T03:29:38.359605+00:00
FROZEN_CONTINUATION_WAITING_FOR_VERIFIED_EVIDENCE_SAVE 2026-10-07T03:30:08.359933+00:00
FROZEN_CONTINUATION_WAITING_FOR_VERIFIED_EVIDENCE_SAVE 2026-10-07T03:30:38.360286+00:00
FROZEN_CONTINUATION_WAITING_FOR_VERIFIED_EVIDENCE_SAVE 2026-10-07T03:31:08.360625+00:00
FROZEN_CONTINUATION_WAITING_FOR_VERIFIED_EVIDENCE_SAVE 2026-10-07T03:31:38.360933+00:00
FROZEN_CONTINUATION_WAITING_FOR_VERIFIED_EVIDENCE_SAVE 2026-10-07T03:32:08.361273+00:00
FROZEN_CONTINUATION_WAITING_FOR_VERIFIED_EVIDENCE_SAVE 2026-10-07T03:32:38.361632+00:00
FROZEN_CONTINUATION_WAITING_FOR_VERIFIED_EVIDENCE_SAVE 2026-10-07T03:33:08.362019+00:00
FROZEN_CONTINUATION_WAITING_FOR_VERIFIED_EVIDENCE_SAVE 2026-10-07T03:33:38.362367+00:00
FROZEN_CONTINUATION_WAITING_FOR_VERIFIED_EVIDENCE_SAVE 2026-10-07T03:34:08.362742+00:00
FROZEN_CONTINUATION_WAITING_FOR_VERIFIED_EVIDENCE_SAVE 2026-10-07T03:34:38.363095+00:00
FROZEN_CONTINUATION_WAITING_FOR_VERIFIED_EVIDENCE_SAVE 2026-10-07T03:35:08.363432+00:00
FROZEN_CONTINUATION_WAITING_FOR_VERIFIED_EVIDENCE_SAVE 2026-10-07T03:35:38.363772+00:00
FROZEN_CONTINUATION_WAITING_FOR_VERIFIED_EVIDENCE_SAVE 2026-10-07T03:36:08.364086+00:00
FROZEN_CONTINUATION_WAITING_FOR_VERIFIED_EVIDENCE_SAVE 2026-10-07T03:36:38.364493+00:00
FROZEN_CONTINUATION_WAITING_FOR_VERIFIED_EVIDENCE_SAVE 2026-10-07T03:37:08.364927+00:00
FROZEN_CONTINUATION_WAITING_FOR_VERIFIED_EVIDENCE_SAVE 2026-10-07T03:37:38.365314+00:00
FROZEN_CONTINUATION_WAITING_FOR_VERIFIED_EVIDENCE_SAVE 2026-10-07T03:38:08.365663+00:00
FROZEN_CONTINUATION_WAITING_FOR_VERIFIED_EVIDENCE_SAVE 2026-10-07T03:38:38.366082+00:00
FROZEN_CONTINUATION_WAITING_FOR_VERIFIED_EVIDENCE_SAVE 2026-10-07T03:39:08.366472+00:00
FROZEN_CONTINUATION_WAITING_FOR_VERIFIED_EVIDENCE_SAVE 2026-10-07T03:39:38.366826+00:00
FROZEN_CONTINUATION_WAITING_FOR_VERIFIED_EVIDENCE_SAVE 2026-10-07T03:40:08.367251+00:00
FROZEN_CONTINUATION_WAITING_FOR_VERIFIED_EVIDENCE_SAVE 2026-10-07T03:40:38.367626+00:00
FROZEN_CONTINUATION_WAITING_FOR_VERIFIED_EVIDENCE_SAVE 2026-10-07T03:41:08.368032+00:00
FROZEN_CONTINUATION_WAITING_FOR_VERIFIED_EVIDENCE_SAVE 2026-10-07T03:41:38.368359+00:00
FROZEN_CONTINUATION_WAITING_FOR_VERIFIED_EVIDENCE_SAVE 2026-10-07T03:42:08.368738+00:00
FROZEN_CONTINUATION_WAITING_FOR_VERIFIED_EVIDENCE_SAVE 2026-10-07T03:42:38.369115+00:00
FROZEN_CONTINUATION_WAITING_FOR_VERIFIED_EVIDENCE_SAVE 2026-10-07T03:43:08.369462+00:00
FROZEN_CONTINUATION_WAITING_FOR_VERIFIED_EVIDENCE_SAVE 2026-10-07T03:43:38.369750+00:00
FROZEN_CONTINUATION_WAITING_FOR_VERIFIED_EVIDENCE_SAVE 2026-10-07T03:44:08.370122+00:00
FROZEN_CONTINUATION_WAITING_FOR_VERIFIED_EVIDENCE_SAVE 2026-10-07T03:44:38.370526+00:00
FROZEN_CONTINUATION_WAITING_FOR_VERIFIED_EVIDENCE_SAVE 2026-10-07T03:45:08.371005+00:00
FROZEN_CONTINUATION_WAITING_FOR_VERIFIED_EVIDENCE_SAVE 2026-10-07T03:45:38.371377+00:00
FROZEN_CONTINUATION_WAITING_FOR_VERIFIED_EVIDENCE_SAVE 2026-10-07T03:46:08.371789+00:00
FROZEN_CONTINUATION_WAITING_FOR_VERIFIED_EVIDENCE_SAVE 2026-10-07T03:46:38.372206+00:00
FROZEN_CONTINUATION_WAITING_FOR_VERIFIED_EVIDENCE_SAVE 2026-10-07T03:47:08.372564+00:00
FROZEN_CONTINUATION_WAITING_FOR_VERIFIED_EVIDENCE_SAVE 2026-10-07T03:47:38.372956+00:00
FROZEN_CONTINUATION_WAITING_FOR_VERIFIED_EVIDENCE_SAVE 2026-10-07T03:48:08.373334+00:00
FROZEN_CONTINUATION_WAITING_FOR_VERIFIED_EVIDENCE_SAVE 2026-10-07T03:48:38.373680+00:00
FROZEN_CONTINUATION_WAITING_FOR_VERIFIED_EVIDENCE_SAVE 2026-10-07T03:49:08.374050+00:00
FROZEN_CONTINUATION_WAITING_FOR_VERIFIED_EVIDENCE_SAVE 2026-10-07T03:49:38.374426+00:00
FROZEN_CONTINUATION_WAITING_FOR_VERIFIED_EVIDENCE_SAVE 2026-10-07T03:50:08.374802+00:00
FROZEN_CONTINUATION_WAITING_FOR_VERIFIED_EVIDENCE_SAVE 2026-10-07T03:50:38.375218+00:00
FROZEN_CONTINUATION_WAITING_FOR_VERIFIED_EVIDENCE_SAVE 2026-10-07T03:51:08.375572+00:00
FROZEN_CONTINUATION_WAITING_FOR_VERIFIED_EVIDENCE_SAVE 2026-10-07T03:51:38.375951+00:00
FROZEN_CONTINUATION_WAITING_FOR_VERIFIED_EVIDENCE_SAVE 2026-10-07T03:52:08.376305+00:00
FROZEN_CONTINUATION_WAITING_FOR_VERIFIED_EVIDENCE_SAVE 2026-10-07T03:52:38.376688+00:00
FROZEN_CONTINUATION_WAITING_FOR_VERIFIED_EVIDENCE_SAVE 2026-10-07T03:53:08.377058+00:00
FROZEN_CONTINUATION_WAITING_FOR_VERIFIED_EVIDENCE_SAVE 2026-10-07T03:53:38.377424+00:00
FROZEN_CONTINUATION_WAITING_FOR_VERIFIED_EVIDENCE_SAVE 2026-10-07T03:54:08.377754+00:00
FROZEN_CONTINUATION_WAITING_FOR_VERIFIED_EVIDENCE_SAVE 2026-10-07T03:54:38.378091+00:00
FROZEN_CONTINUATION_WAITING_FOR_VERIFIED_EVIDENCE_SAVE 2026-10-07T03:55:08.378433+00:00
FROZEN_CONTINUATION_WAITING_FOR_VERIFIED_EVIDENCE_SAVE 2026-10-07T03:55:38.378783+00:00
FROZEN_CONTINUATION_WAITING_FOR_VERIFIED_EVIDENCE_SAVE 2026-10-07T03:56:08.379152+00:00
FROZEN_CONTINUATION_WAITING_FOR_VERIFIED_EVIDENCE_SAVE 2026-10-07T03:56:38.379414+00:00
FROZEN_CONTINUATION_WAITING_FOR_VERIFIED_EVIDENCE_SAVE 2026-10-07T03:57:08.379772+00:00
FROZEN_CONTINUATION_WAITING_FOR_VERIFIED_EVIDENCE_SAVE 2026-10-07T03:57:38.380178+00:00
FROZEN_CONTINUATION_WAITING_FOR_VERIFIED_EVIDENCE_SAVE 2026-10-07T03:58:08.380550+00:00
FROZEN_CONTINUATION_WAITING_FOR_VERIFIED_EVIDENCE_SAVE 2026-10-07T03:58:38.380938+00:00
FROZEN_CONTINUATION_WAITING_FOR_VERIFIED_EVIDENCE_SAVE 2026-10-07T03:59:08.381321+00:00
FROZEN_CONTINUATION_WAITING_FOR_VERIFIED_EVIDENCE_SAVE 2026-10-07T03:59:38.381695+00:00
FROZEN_CONTINUATION_WAITING_FOR_VERIFIED_EVIDENCE_SAVE 2026-10-07T04:00:08.382047+00:00
FROZEN_CONTINUATION_WAITING_FOR_VERIFIED_EVIDENCE_SAVE 2026-10-07T04:00:38.382401+00:00
FROZEN_CONTINUATION_WAITING_FOR_VERIFIED_EVIDENCE_SAVE 2026-10-07T04:01:08.382756+00:00
FROZEN_CONTINUATION_WAITING_FOR_VERIFIED_EVIDENCE_SAVE 2026-10-07T04:01:38.383147+00:00
FROZEN_CONTINUATION_WAITING_FOR_VERIFIED_EVIDENCE_SAVE 2026-10-07T04:02:08.384035+00:00
FROZEN_CONTINUATION_WAITING_FOR_VERIFIED_EVIDENCE_SAVE 2026-10-07T04:02:38.384445+00:00
FROZEN_CONTINUATION_WAITING_FOR_VERIFIED_EVIDENCE_SAVE 2026-10-07T04:03:08.384805+00:00
FROZEN_CONTINUATION_WAITING_FOR_VERIFIED_EVIDENCE_SAVE 2026-10-07T04:03:38.385188+00:00
FROZEN_CONTINUATION_WAITING_FOR_VERIFIED_EVIDENCE_SAVE 2026-10-07T04:04:08.385594+00:00
FROZEN_CONTINUATION_WAITING_FOR_VERIFIED_EVIDENCE_SAVE 2026-10-07T04:04:38.386027+00:00
FROZEN_CONTINUATION_WAITING_FOR_VERIFIED_EVIDENCE_SAVE 2026-10-07T04:05:08.386426+00:00
FROZEN_CONTINUATION_WAITING_FOR_VERIFIED_EVIDENCE_SAVE 2026-10-07T04:05:38.387095+00:00
FROZEN_CONTINUATION_WAITING_FOR_VERIFIED_EVIDENCE_SAVE 2026-10-07T04:06:08.387495+00:00
FROZEN_CONTINUATION_WAITING_FOR_VERIFIED_EVIDENCE_SAVE 2026-10-07T04:06:38.387939+00:00
FROZEN_CONTINUATION_WAITING_FOR_VERIFIED_EVIDENCE_SAVE 2026-10-07T04:07:08.388290+00:00
FROZEN_CONTINUATION_WAITING_FOR_VERIFIED_EVIDENCE_SAVE 2026-10-07T04:07:38.388679+00:00
FROZEN_CONTINUATION_WAITING_FOR_VERIFIED_EVIDENCE_SAVE 2026-10-07T04:08:08.389111+00:00
FROZEN_CONTINUATION_WAITING_FOR_VERIFIED_EVIDENCE_SAVE 2026-10-07T04:08:38.389510+00:00
FROZEN_CONTINUATION_WAITING_FOR_VERIFIED_EVIDENCE_SAVE 2026-10-07T04:09:08.389949+00:00
FROZEN_CONTINUATION_WAITING_FOR_VERIFIED_EVIDENCE_SAVE 2026-10-07T04:09:38.390301+00:00
FROZEN_CONTINUATION_WAITING_FOR_VERIFIED_EVIDENCE_SAVE 2026-10-07T04:10:08.391021+00:00
FROZEN_CONTINUATION_WAITING_FOR_VERIFIED_EVIDENCE_SAVE 2026-10-07T04:10:38.391307+00:00
FROZEN_CONTINUATION_WAITING_FOR_VERIFIED_EVIDENCE_SAVE 2026-10-07T04:11:08.391639+00:00
FROZEN_CONTINUATION_WAITING_FOR_VERIFIED_EVIDENCE_SAVE 2026-10-07T04:11:38.391973+00:00
FROZEN_CONTINUATION_WAITING_FOR_VERIFIED_EVIDENCE_SAVE 2026-10-07T04:12:08.392243+00:00
FROZEN_CONTINUATION_WAITING_FOR_VERIFIED_EVIDENCE_SAVE 2026-10-07T04:12:38.392570+00:00
FROZEN_CONTINUATION_WAITING_FOR_VERIFIED_EVIDENCE_SAVE 2026-10-07T04:13:08.392985+00:00
FROZEN_CONTINUATION_WAITING_FOR_VERIFIED_EVIDENCE_SAVE 2026-10-07T04:13:38.393355+00:00
FROZEN_CONTINUATION_WAITING_FOR_VERIFIED_EVIDENCE_SAVE 2026-10-07T04:14:08.393729+00:00
FROZEN_CONTINUATION_WAITING_FOR_VERIFIED_EVIDENCE_SAVE 2026-10-07T04:14:38.394116+00:00
FROZEN_CONTINUATION_WAITING_FOR_VERIFIED_EVIDENCE_SAVE 2026-10-07T04:15:08.394518+00:00
FROZEN_CONTINUATION_WAITING_FOR_VERIFIED_EVIDENCE_SAVE 2026-10-07T04:15:38.394913+00:00
FROZEN_CONTINUATION_WAITING_FOR_VERIFIED_EVIDENCE_SAVE 2026-10-07T04:16:08.395310+00:00
FROZEN_CONTINUATION_WAITING_FOR_VERIFIED_EVIDENCE_SAVE 2026-10-07T04:16:38.395670+00:00
FROZEN_CONTINUATION_WAITING_FOR_VERIFIED_EVIDENCE_SAVE 2026-10-07T04:17:08.396088+00:00
FROZEN_CONTINUATION_WAITING_FOR_VERIFIED_EVIDENCE_SAVE 2026-10-07T04:17:38.396399+00:00
FROZEN_CONTINUATION_WAITING_FOR_VERIFIED_EVIDENCE_SAVE 2026-10-07T04:18:08.396748+00:00
FROZEN_CONTINUATION_WAITING_FOR_VERIFIED_EVIDENCE_SAVE 2026-10-07T04:18:38.397143+00:00
FROZEN_CONTINUATION_WAITING_FOR_VERIFIED_EVIDENCE_SAVE 2026-10-07T04:19:08.397495+00:00
FROZEN_CONTINUATION_WAITING_FOR_VERIFIED_EVIDENCE_SAVE 2026-10-07T04:19:38.397816+00:00
FROZEN_CONTINUATION_WAITING_FOR_VERIFIED_EVIDENCE_SAVE 2026-10-07T04:20:08.398214+00:00
FROZEN_CONTINUATION_WAITING_FOR_VERIFIED_EVIDENCE_SAVE 2026-10-07T04:20:38.398585+00:00
FROZEN_CONTINUATION_WAITING_FOR_VERIFIED_EVIDENCE_SAVE 2026-10-07T04:21:08.399032+00:00
FROZEN_CONTINUATION_WAITING_FOR_VERIFIED_EVIDENCE_SAVE 2026-10-07T04:21:38.399395+00:00
FROZEN_CONTINUATION_WAITING_FOR_VERIFIED_EVIDENCE_SAVE 2026-10-07T04:22:08.399796+00:00
FROZEN_CONTINUATION_WAITING_FOR_VERIFIED_EVIDENCE_SAVE 2026-10-07T04:22:38.400217+00:00
FROZEN_CONTINUATION_WAITING_FOR_VERIFIED_EVIDENCE_SAVE 2026-10-07T04:23:08.400972+00:00
FROZEN_CONTINUATION_WAITING_FOR_VERIFIED_EVIDENCE_SAVE 2026-10-07T04:23:38.401336+00:00
FROZEN_CONTINUATION_WAITING_FOR_VERIFIED_EVIDENCE_SAVE 2026-10-07T04:24:08.401630+00:00
FROZEN_CONTINUATION_WAITING_FOR_VERIFIED_EVIDENCE_SAVE 2026-10-07T04:24:38.402015+00:00
FROZEN_CONTINUATION_WAITING_FOR_VERIFIED_EVIDENCE_SAVE 2026-10-07T04:25:08.402408+00:00
FROZEN_CONTINUATION_WAITING_FOR_VERIFIED_EVIDENCE_SAVE 2026-10-07T04:25:38.402765+00:00
FROZEN_CONTINUATION_WAITING_FOR_VERIFIED_EVIDENCE_SAVE 2026-10-07T04:26:08.403217+00:00
FROZEN_CONTINUATION_WAITING_FOR_VERIFIED_EVIDENCE_SAVE 2026-10-07T04:26:38.403616+00:00
FROZEN_CONTINUATION_WAITING_FOR_VERIFIED_EVIDENCE_SAVE 2026-10-07T04:27:08.403968+00:00
FROZEN_CONTINUATION_WAITING_FOR_VERIFIED_EVIDENCE_SAVE 2026-10-07T04:27:38.404290+00:00
FROZEN_CONTINUATION_WAITING_FOR_VERIFIED_EVIDENCE_SAVE 2026-10-07T04:28:08.404674+00:00
FROZEN_CONTINUATION_WAITING_FOR_VERIFIED_EVIDENCE_SAVE 2026-10-07T04:28:38.404986+00:00
FROZEN_CONTINUATION_WAITING_FOR_VERIFIED_EVIDENCE_SAVE 2026-10-07T04:29:08.405358+00:00
FROZEN_CONTINUATION_WAITING_FOR_VERIFIED_EVIDENCE_SAVE 2026-10-07T04:29:38.405758+00:00
FROZEN_CONTINUATION_WAITING_FOR_VERIFIED_EVIDENCE_SAVE 2026-10-07T04:30:08.406099+00:00
FROZEN_CONTINUATION_WAITING_FOR_VERIFIED_EVIDENCE_SAVE 2026-10-07T04:30:38.406475+00:00
FROZEN_CONTINUATION_WAITING_FOR_VERIFIED_EVIDENCE_SAVE 2026-10-07T04:31:08.406766+00:00
FROZEN_CONTINUATION_WAITING_FOR_VERIFIED_EVIDENCE_SAVE 2026-10-07T04:31:38.407104+00:00
FROZEN_CONTINUATION_WAITING_FOR_VERIFIED_EVIDENCE_SAVE 2026-10-07T04:32:08.407494+00:00
FROZEN_CONTINUATION_WAITING_FOR_VERIFIED_EVIDENCE_SAVE 2026-10-07T04:32:38.407955+00:00
FROZEN_CONTINUATION_WAITING_FOR_VERIFIED_EVIDENCE_SAVE 2026-10-07T04:33:08.408311+00:00
FROZEN_CONTINUATION_WAITING_FOR_VERIFIED_EVIDENCE_SAVE 2026-10-07T04:33:38.408672+00:00
FROZEN_CONTINUATION_WAITING_FOR_VERIFIED_EVIDENCE_SAVE 2026-10-07T04:34:08.409045+00:00
FROZEN_CONTINUATION_WAITING_FOR_VERIFIED_EVIDENCE_SAVE 2026-10-07T04:34:38.409381+00:00
FROZEN_CONTINUATION_WAITING_FOR_VERIFIED_EVIDENCE_SAVE 2026-10-07T04:35:08.409713+00:00
FROZEN_CONTINUATION_WAITING_FOR_VERIFIED_EVIDENCE_SAVE 2026-10-07T04:35:38.410051+00:00
FROZEN_CONTINUATION_WAITING_FOR_VERIFIED_EVIDENCE_SAVE 2026-10-07T04:36:08.410414+00:00
FROZEN_CONTINUATION_WAITING_FOR_VERIFIED_EVIDENCE_SAVE 2026-10-07T04:36:38.410792+00:00
FROZEN_CONTINUATION_WAITING_FOR_VERIFIED_EVIDENCE_SAVE 2026-10-07T04:37:08.411190+00:00
FROZEN_CONTINUATION_WAITING_FOR_VERIFIED_EVIDENCE_SAVE 2026-10-07T04:37:38.411569+00:00
FROZEN_CONTINUATION_WAITING_FOR_VERIFIED_EVIDENCE_SAVE 2026-10-07T04:38:08.412030+00:00
FROZEN_CONTINUATION_WAITING_FOR_VERIFIED_EVIDENCE_SAVE 2026-10-07T04:38:38.412382+00:00
FROZEN_CONTINUATION_WAITING_FOR_VERIFIED_EVIDENCE_SAVE 2026-10-07T04:39:08.413073+00:00
FROZEN_CONTINUATION_WAITING_FOR_VERIFIED_EVIDENCE_SAVE 2026-10-07T04:39:38.413464+00:00
FROZEN_CONTINUATION_WAITING_FOR_VERIFIED_EVIDENCE_SAVE 2026-10-07T04:40:08.413823+00:00
FROZEN_CONTINUATION_WAITING_FOR_VERIFIED_EVIDENCE_SAVE 2026-10-07T04:40:38.414273+00:00
FROZEN_CONTINUATION_WAITING_FOR_VERIFIED_EVIDENCE_SAVE 2026-10-07T04:41:08.414646+00:00
FROZEN_CONTINUATION_WAITING_FOR_VERIFIED_EVIDENCE_SAVE 2026-10-07T04:41:38.415007+00:00
FROZEN_CONTINUATION_WAITING_FOR_VERIFIED_EVIDENCE_SAVE 2026-10-07T04:42:08.415368+00:00
FROZEN_CONTINUATION_WAITING_FOR_VERIFIED_EVIDENCE_SAVE 2026-10-07T04:42:38.415742+00:00
FROZEN_CONTINUATION_WAITING_FOR_VERIFIED_EVIDENCE_SAVE 2026-10-07T04:43:08.416002+00:00
FROZEN_CONTINUATION_WAITING_FOR_VERIFIED_EVIDENCE_SAVE 2026-10-07T04:43:38.416332+00:00
FROZEN_CONTINUATION_WAITING_FOR_VERIFIED_EVIDENCE_SAVE 2026-10-07T04:44:08.416720+00:00
FROZEN_CONTINUATION_WAITING_FOR_VERIFIED_EVIDENCE_SAVE 2026-10-07T04:44:38.417093+00:00
FROZEN_CONTINUATION_WAITING_FOR_VERIFIED_EVIDENCE_SAVE 2026-10-07T04:45:08.417448+00:00
FROZEN_CONTINUATION_WAITING_FOR_VERIFIED_EVIDENCE_SAVE 2026-10-07T04:45:38.417780+00:00
FROZEN_CONTINUATION_WAITING_FOR_VERIFIED_EVIDENCE_SAVE 2026-10-07T04:46:08.418173+00:00
FROZEN_CONTINUATION_WAITING_FOR_VERIFIED_EVIDENCE_SAVE 2026-10-07T04:46:38.418526+00:00
FROZEN_CONTINUATION_WAITING_FOR_VERIFIED_EVIDENCE_SAVE 2026-10-07T04:47:08.418950+00:00
FROZEN_CONTINUATION_WAITING_FOR_VERIFIED_EVIDENCE_SAVE 2026-10-07T04:47:38.419313+00:00
FROZEN_CONTINUATION_WAITING_FOR_VERIFIED_EVIDENCE_SAVE 2026-10-07T04:48:08.419682+00:00
FROZEN_CONTINUATION_WAITING_FOR_VERIFIED_EVIDENCE_SAVE 2026-10-07T04:48:38.420053+00:00
FROZEN_CONTINUATION_WAITING_FOR_VERIFIED_EVIDENCE_SAVE 2026-10-07T04:49:08.420369+00:00
FROZEN_CONTINUATION_WAITING_FOR_VERIFIED_EVIDENCE_SAVE 2026-10-07T04:49:38.420737+00:00
FROZEN_CONTINUATION_WAITING_FOR_VERIFIED_EVIDENCE_SAVE 2026-10-07T04:50:08.421100+00:00
FROZEN_CONTINUATION_WAITING_FOR_VERIFIED_EVIDENCE_SAVE 2026-10-07T04:50:38.421514+00:00
FROZEN_CONTINUATION_WAITING_FOR_VERIFIED_EVIDENCE_SAVE 2026-10-07T04:51:08.421941+00:00
FROZEN_CONTINUATION_WAITING_FOR_VERIFIED_EVIDENCE_SAVE 2026-10-07T04:51:38.422356+00:00
FROZEN_CONTINUATION_WAITING_FOR_VERIFIED_EVIDENCE_SAVE 2026-10-07T04:52:08.422701+00:00
FROZEN_CONTINUATION_WAITING_FOR_VERIFIED_EVIDENCE_SAVE 2026-10-07T04:52:38.423046+00:00
FROZEN_CONTINUATION_WAITING_FOR_VERIFIED_EVIDENCE_SAVE 2026-10-07T04:53:08.423366+00:00
FROZEN_CONTINUATION_WAITING_FOR_VERIFIED_EVIDENCE_SAVE 2026-10-07T04:53:38.423717+00:00
FROZEN_CONTINUATION_WAITING_FOR_VERIFIED_EVIDENCE_SAVE 2026-10-07T04:54:08.424062+00:00
FROZEN_CONTINUATION_WAITING_FOR_VERIFIED_EVIDENCE_SAVE 2026-10-07T04:54:38.424372+00:00
FROZEN_CONTINUATION_WAITING_FOR_VERIFIED_EVIDENCE_SAVE 2026-10-07T04:55:08.424760+00:00
FROZEN_CONTINUATION_WAITING_FOR_VERIFIED_EVIDENCE_SAVE 2026-10-07T04:55:38.425195+00:00
FROZEN_CONTINUATION_WAITING_FOR_VERIFIED_EVIDENCE_SAVE 2026-10-07T04:56:08.425631+00:00
FROZEN_CONTINUATION_WAITING_FOR_VERIFIED_EVIDENCE_SAVE 2026-10-07T04:56:38.426038+00:00
FROZEN_CONTINUATION_WAITING_FOR_VERIFIED_EVIDENCE_SAVE 2026-10-07T04:57:08.426428+00:00
FROZEN_CONTINUATION_WAITING_FOR_VERIFIED_EVIDENCE_SAVE 2026-10-07T04:57:38.426773+00:00
FROZEN_CONTINUATION_WAITING_FOR_VERIFIED_EVIDENCE_SAVE 2026-10-07T04:58:08.427078+00:00
FROZEN_CONTINUATION_WAITING_FOR_VERIFIED_EVIDENCE_SAVE 2026-10-07T04:58:38.427466+00:00
FROZEN_CONTINUATION_WAITING_FOR_VERIFIED_EVIDENCE_SAVE 2026-10-07T04:59:08.427814+00:00
FROZEN_CONTINUATION_WAITING_FOR_VERIFIED_EVIDENCE_SAVE 2026-10-07T04:59:38.428433+00:00
FROZEN_CONTINUATION_WAITING_FOR_VERIFIED_EVIDENCE_SAVE 2026-10-07T05:00:08.428856+00:00
FROZEN_CONTINUATION_WAITING_FOR_VERIFIED_EVIDENCE_SAVE 2026-10-07T05:00:38.429286+00:00
FROZEN_CONTINUATION_WAITING_FOR_VERIFIED_EVIDENCE_SAVE 2026-10-07T05:01:08.429618+00:00
FROZEN_CONTINUATION_WAITING_FOR_VERIFIED_EVIDENCE_SAVE 2026-10-07T05:01:38.429989+00:00
FROZEN_CONTINUATION_WAITING_FOR_VERIFIED_EVIDENCE_SAVE 2026-10-07T05:02:08.430345+00:00
FROZEN_CONTINUATION_WAITING_FOR_VERIFIED_EVIDENCE_SAVE 2026-10-07T05:02:38.430731+00:00
FROZEN_CONTINUATION_WAITING_FOR_VERIFIED_EVIDENCE_SAVE 2026-10-07T05:03:08.431110+00:00
FROZEN_CONTINUATION_WAITING_FOR_VERIFIED_EVIDENCE_SAVE 2026-10-07T05:03:38.431571+00:00
FROZEN_CONTINUATION_WAITING_FOR_VERIFIED_EVIDENCE_SAVE 2026-10-07T05:04:08.431983+00:00
FROZEN_CONTINUATION_WAITING_FOR_VERIFIED_EVIDENCE_SAVE 2026-10-07T05:04:38.432387+00:00
FROZEN_CONTINUATION_WAITING_FOR_VERIFIED_EVIDENCE_SAVE 2026-10-07T05:05:08.432757+00:00
FROZEN_CONTINUATION_WAITING_FOR_VERIFIED_EVIDENCE_SAVE 2026-10-07T05:05:38.433076+00:00
FROZEN_CONTINUATION_WAITING_FOR_VERIFIED_EVIDENCE_SAVE 2026-10-07T05:06:08.433416+00:00
FROZEN_CONTINUATION_WAITING_FOR_VERIFIED_EVIDENCE_SAVE 2026-10-07T05:06:38.433773+00:00
FROZEN_CONTINUATION_WAITING_FOR_VERIFIED_EVIDENCE_SAVE 2026-10-07T05:07:08.434135+00:00
FROZEN_CONTINUATION_WAITING_FOR_VERIFIED_EVIDENCE_SAVE 2026-10-07T05:07:38.434526+00:00
FROZEN_CONTINUATION_WAITING_FOR_VERIFIED_EVIDENCE_SAVE 2026-10-07T05:08:08.434942+00:00
FROZEN_CONTINUATION_WAITING_FOR_VERIFIED_EVIDENCE_SAVE 2026-10-07T05:08:38.435297+00:00
FROZEN_CONTINUATION_WAITING_FOR_VERIFIED_EVIDENCE_SAVE 2026-10-07T05:09:08.435666+00:00
FROZEN_CONTINUATION_WAITING_FOR_VERIFIED_EVIDENCE_SAVE 2026-10-07T05:09:38.436081+00:00
FROZEN_CONTINUATION_WAITING_FOR_VERIFIED_EVIDENCE_SAVE 2026-10-07T05:10:08.436465+00:00
FROZEN_CONTINUATION_WAITING_FOR_VERIFIED_EVIDENCE_SAVE 2026-10-07T05:10:38.436860+00:00
FROZEN_CONTINUATION_WAITING_FOR_VERIFIED_EVIDENCE_SAVE 2026-10-07T05:11:08.437280+00:00
FROZEN_CONTINUATION_WAITING_FOR_VERIFIED_EVIDENCE_SAVE 2026-10-07T05:11:38.437636+00:00
FROZEN_CONTINUATION_WAITING_FOR_VERIFIED_EVIDENCE_SAVE 2026-10-07T05:12:08.438040+00:00
FROZEN_CONTINUATION_WAITING_FOR_VERIFIED_EVIDENCE_SAVE 2026-10-07T05:12:38.438398+00:00
FROZEN_CONTINUATION_WAITING_FOR_VERIFIED_EVIDENCE_SAVE 2026-10-07T05:13:08.438795+00:00
FROZEN_CONTINUATION_WAITING_FOR_VERIFIED_EVIDENCE_SAVE 2026-10-07T05:13:38.439220+00:00
FROZEN_CONTINUATION_WAITING_FOR_VERIFIED_EVIDENCE_SAVE 2026-10-07T05:14:08.439574+00:00
FROZEN_CONTINUATION_WAITING_FOR_VERIFIED_EVIDENCE_SAVE 2026-10-07T05:14:38.439997+00:00
FROZEN_CONTINUATION_WAITING_FOR_VERIFIED_EVIDENCE_SAVE 2026-10-07T05:15:08.440360+00:00
FROZEN_CONTINUATION_WAITING_FOR_VERIFIED_EVIDENCE_SAVE 2026-10-07T05:15:38.440716+00:00
FROZEN_CONTINUATION_WAITING_FOR_VERIFIED_EVIDENCE_SAVE 2026-10-07T05:16:08.441067+00:00
FROZEN_CONTINUATION_WAITING_FOR_VERIFIED_EVIDENCE_SAVE 2026-10-07T05:16:38.441420+00:00
FROZEN_CONTINUATION_WAITING_FOR_VERIFIED_EVIDENCE_SAVE 2026-10-07T05:17:08.441796+00:00
FROZEN_CONTINUATION_WAITING_FOR_VERIFIED_EVIDENCE_SAVE 2026-10-07T05:17:38.442238+00:00
FROZEN_CONTINUATION_WAITING_FOR_VERIFIED_EVIDENCE_SAVE 2026-10-07T05:18:08.442596+00:00
FROZEN_CONTINUATION_WAITING_FOR_VERIFIED_EVIDENCE_SAVE 2026-10-07T05:18:38.443030+00:00
FROZEN_CONTINUATION_WAITING_FOR_VERIFIED_EVIDENCE_SAVE 2026-10-07T05:19:08.443860+00:00
FROZEN_CONTINUATION_WAITING_FOR_VERIFIED_EVIDENCE_SAVE 2026-10-07T05:19:38.444228+00:00
FROZEN_CONTINUATION_WAITING_FOR_VERIFIED_EVIDENCE_SAVE 2026-10-07T05:20:08.444556+00:00
FROZEN_CONTINUATION_WAITING_FOR_VERIFIED_EVIDENCE_SAVE 2026-10-07T05:20:38.444945+00:00
FROZEN_CONTINUATION_WAITING_FOR_VERIFIED_EVIDENCE_SAVE 2026-10-07T05:21:08.445312+00:00
FROZEN_CONTINUATION_WAITING_FOR_VERIFIED_EVIDENCE_SAVE 2026-10-07T05:21:38.445679+00:00
FROZEN_CONTINUATION_WAITING_FOR_VERIFIED_EVIDENCE_SAVE 2026-10-07T05:22:08.446041+00:00
FROZEN_CONTINUATION_WAITING_FOR_VERIFIED_EVIDENCE_SAVE 2026-10-07T05:22:38.446390+00:00
FROZEN_CONTINUATION_WAITING_FOR_VERIFIED_EVIDENCE_SAVE 2026-10-07T05:23:08.446759+00:00
FROZEN_CONTINUATION_WAITING_FOR_VERIFIED_EVIDENCE_SAVE 2026-10-07T05:23:38.447131+00:00
FROZEN_CONTINUATION_WAITING_FOR_VERIFIED_EVIDENCE_SAVE 2026-10-07T05:24:08.447520+00:00
FROZEN_CONTINUATION_WAITING_FOR_VERIFIED_EVIDENCE_SAVE 2026-10-07T05:24:38.447804+00:00
FROZEN_CONTINUATION_WAITING_FOR_VERIFIED_EVIDENCE_SAVE 2026-10-07T05:25:08.448096+00:00
FROZEN_CONTINUATION_WAITING_FOR_VERIFIED_EVIDENCE_SAVE 2026-10-07T05:25:38.448459+00:00
FROZEN_CONTINUATION_WAITING_FOR_VERIFIED_EVIDENCE_SAVE 2026-10-07T05:26:08.448823+00:00
FROZEN_CONTINUATION_WAITING_FOR_VERIFIED_EVIDENCE_SAVE 2026-10-07T05:26:38.449239+00:00
FROZEN_CONTINUATION_WAITING_FOR_VERIFIED_EVIDENCE_SAVE 2026-10-07T05:27:08.449617+00:00
FROZEN_CONTINUATION_WAITING_FOR_VERIFIED_EVIDENCE_SAVE 2026-10-07T05:27:38.450020+00:00
FROZEN_CONTINUATION_WAITING_FOR_VERIFIED_EVIDENCE_SAVE 2026-10-07T05:28:08.450382+00:00
FROZEN_CONTINUATION_WAITING_FOR_VERIFIED_EVIDENCE_SAVE 2026-10-07T05:28:38.450789+00:00
FROZEN_CONTINUATION_WAITING_FOR_VERIFIED_EVIDENCE_SAVE 2026-10-07T05:29:08.451203+00:00
FROZEN_CONTINUATION_WAITING_FOR_VERIFIED_EVIDENCE_SAVE 2026-10-07T05:29:38.451558+00:00
FROZEN_CONTINUATION_WAITING_FOR_VERIFIED_EVIDENCE_SAVE 2026-10-07T05:30:08.452054+00:00
FROZEN_CONTINUATION_WAITING_FOR_VERIFIED_EVIDENCE_SAVE 2026-10-07T05:30:38.452451+00:00
FROZEN_CONTINUATION_WAITING_FOR_VERIFIED_EVIDENCE_SAVE 2026-10-07T05:31:08.452839+00:00
FROZEN_CONTINUATION_WAITING_FOR_VERIFIED_EVIDENCE_SAVE 2026-10-07T05:31:38.453232+00:00
FROZEN_CONTINUATION_WAITING_FOR_VERIFIED_EVIDENCE_SAVE 2026-10-07T05:32:08.453594+00:00
FROZEN_CONTINUATION_WAITING_FOR_VERIFIED_EVIDENCE_SAVE 2026-10-07T05:32:38.454209+00:00
FROZEN_CONTINUATION_WAITING_FOR_VERIFIED_EVIDENCE_SAVE 2026-10-07T05:33:08.454606+00:00
FROZEN_CONTINUATION_WAITING_FOR_VERIFIED_EVIDENCE_SAVE 2026-10-07T05:33:38.455024+00:00
FROZEN_CONTINUATION_WAITING_FOR_VERIFIED_EVIDENCE_SAVE 2026-10-07T05:34:08.455572+00:00
FROZEN_CONTINUATION_WAITING_FOR_VERIFIED_EVIDENCE_SAVE 2026-10-07T05:34:38.456002+00:00
FROZEN_CONTINUATION_WAITING_FOR_VERIFIED_EVIDENCE_SAVE 2026-10-07T05:35:08.456346+00:00
FROZEN_CONTINUATION_WAITING_FOR_VERIFIED_EVIDENCE_SAVE 2026-10-07T05:35:38.456727+00:00
FROZEN_CONTINUATION_WAITING_FOR_VERIFIED_EVIDENCE_SAVE 2026-10-07T05:36:08.457089+00:00
FROZEN_CONTINUATION_WAITING_FOR_VERIFIED_EVIDENCE_SAVE 2026-10-07T05:36:38.457471+00:00
FROZEN_CONTINUATION_WAITING_FOR_VERIFIED_EVIDENCE_SAVE 2026-10-07T05:37:08.457831+00:00
FROZEN_CONTINUATION_WAITING_FOR_VERIFIED_EVIDENCE_SAVE 2026-10-07T05:37:38.458216+00:00
FROZEN_CONTINUATION_WAITING_FOR_VERIFIED_EVIDENCE_SAVE 2026-10-07T05:38:08.458617+00:00
FROZEN_CONTINUATION_WAITING_FOR_VERIFIED_EVIDENCE_SAVE 2026-10-07T05:38:38.459039+00:00
FROZEN_CONTINUATION_WAITING_FOR_VERIFIED_EVIDENCE_SAVE 2026-10-07T05:39:08.459405+00:00
FROZEN_CONTINUATION_WAITING_FOR_VERIFIED_EVIDENCE_SAVE 2026-10-07T05:39:38.459801+00:00
FROZEN_CONTINUATION_WAITING_FOR_VERIFIED_EVIDENCE_SAVE 2026-10-07T05:40:08.460206+00:00
FROZEN_CONTINUATION_WAITING_FOR_VERIFIED_EVIDENCE_SAVE 2026-10-07T05:40:38.460578+00:00
FROZEN_CONTINUATION_WAITING_FOR_VERIFIED_EVIDENCE_SAVE 2026-10-07T05:41:08.460949+00:00
FROZEN_CONTINUATION_WAITING_FOR_VERIFIED_EVIDENCE_SAVE 2026-10-07T05:41:38.461326+00:00
FROZEN_CONTINUATION_WAITING_FOR_VERIFIED_EVIDENCE_SAVE 2026-10-07T05:42:08.461624+00:00
FROZEN_CONTINUATION_WAITING_FOR_VERIFIED_EVIDENCE_SAVE 2026-10-07T05:42:38.462022+00:00
FROZEN_CONTINUATION_WAITING_FOR_VERIFIED_EVIDENCE_SAVE 2026-10-07T05:43:08.462401+00:00
FROZEN_CONTINUATION_WAITING_FOR_VERIFIED_EVIDENCE_SAVE 2026-10-07T05:43:38.462677+00:00
FROZEN_CONTINUATION_WAITING_FOR_VERIFIED_EVIDENCE_SAVE 2026-10-07T05:44:08.463055+00:00
FROZEN_CONTINUATION_WAITING_FOR_VERIFIED_EVIDENCE_SAVE 2026-10-07T05:44:38.463404+00:00
FROZEN_CONTINUATION_WAITING_FOR_VERIFIED_EVIDENCE_SAVE 2026-10-07T05:45:08.463748+00:00
FROZEN_CONTINUATION_WAITING_FOR_VERIFIED_EVIDENCE_SAVE 2026-10-07T05:45:38.464108+00:00
FROZEN_CONTINUATION_WAITING_FOR_VERIFIED_EVIDENCE_SAVE 2026-10-07T05:46:08.464857+00:00
FROZEN_CONTINUATION_WAITING_FOR_VERIFIED_EVIDENCE_SAVE 2026-10-07T05:46:38.465257+00:00
FROZEN_CONTINUATION_WAITING_FOR_VERIFIED_EVIDENCE_SAVE 2026-10-07T05:47:08.465637+00:00
FROZEN_CONTINUATION_WAITING_FOR_VERIFIED_EVIDENCE_SAVE 2026-10-07T05:47:38.466099+00:00
FROZEN_CONTINUATION_WAITING_FOR_VERIFIED_EVIDENCE_SAVE 2026-10-07T05:48:08.466444+00:00
FROZEN_CONTINUATION_WAITING_FOR_VERIFIED_EVIDENCE_SAVE 2026-10-07T05:48:38.466841+00:00
FROZEN_CONTINUATION_WAITING_FOR_VERIFIED_EVIDENCE_SAVE 2026-10-07T05:49:08.467262+00:00
FROZEN_CONTINUATION_WAITING_FOR_VERIFIED_EVIDENCE_SAVE 2026-10-07T05:49:38.467610+00:00
FROZEN_CONTINUATION_WAITING_FOR_VERIFIED_EVIDENCE_SAVE 2026-10-07T05:50:08.467949+00:00
FROZEN_CONTINUATION_WAITING_FOR_VERIFIED_EVIDENCE_SAVE 2026-10-07T05:50:38.468285+00:00
FROZEN_CONTINUATION_WAITING_FOR_VERIFIED_EVIDENCE_SAVE 2026-10-07T05:51:08.468639+00:00
FROZEN_CONTINUATION_WAITING_FOR_VERIFIED_EVIDENCE_SAVE 2026-10-07T05:51:38.469037+00:00
FROZEN_CONTINUATION_WAITING_FOR_VERIFIED_EVIDENCE_SAVE 2026-10-07T05:52:08.469423+00:00
FROZEN_CONTINUATION_WAITING_FOR_VERIFIED_EVIDENCE_SAVE 2026-10-07T05:52:38.469792+00:00
FROZEN_CONTINUATION_WAITING_FOR_VERIFIED_EVIDENCE_SAVE 2026-10-07T05:53:08.470223+00:00
FROZEN_CONTINUATION_WAITING_FOR_VERIFIED_EVIDENCE_SAVE 2026-10-07T05:53:38.470606+00:00
FROZEN_CONTINUATION_WAITING_FOR_VERIFIED_EVIDENCE_SAVE 2026-10-07T05:54:08.471027+00:00
FROZEN_CONTINUATION_WAITING_FOR_VERIFIED_EVIDENCE_SAVE 2026-10-07T05:54:38.471382+00:00
FROZEN_CONTINUATION_WAITING_FOR_VERIFIED_EVIDENCE_SAVE 2026-10-07T05:55:08.471732+00:00
FROZEN_CONTINUATION_WAITING_FOR_VERIFIED_EVIDENCE_SAVE 2026-10-07T05:55:38.472437+00:00
FROZEN_CONTINUATION_WAITING_FOR_VERIFIED_EVIDENCE_SAVE 2026-10-07T05:56:08.472786+00:00
FROZEN_CONTINUATION_WAITING_FOR_VERIFIED_EVIDENCE_SAVE 2026-10-07T05:56:38.473209+00:00
FROZEN_CONTINUATION_WAITING_FOR_VERIFIED_EVIDENCE_SAVE 2026-10-07T05:57:08.473581+00:00
FROZEN_CONTINUATION_WAITING_FOR_VERIFIED_EVIDENCE_SAVE 2026-10-07T05:57:38.473972+00:00
FROZEN_CONTINUATION_WAITING_FOR_VERIFIED_EVIDENCE_SAVE 2026-10-07T05:58:08.474322+00:00
FROZEN_CONTINUATION_WAITING_FOR_VERIFIED_EVIDENCE_SAVE 2026-10-07T05:58:38.474707+00:00
FROZEN_CONTINUATION_WAITING_FOR_VERIFIED_EVIDENCE_SAVE 2026-10-07T05:59:08.475091+00:00
FROZEN_CONTINUATION_WAITING_FOR_VERIFIED_EVIDENCE_SAVE 2026-10-07T05:59:38.475464+00:00
FROZEN_CONTINUATION_WAITING_FOR_VERIFIED_EVIDENCE_SAVE 2026-10-07T06:00:08.475840+00:00
FROZEN_CONTINUATION_WAITING_FOR_VERIFIED_EVIDENCE_SAVE 2026-10-07T06:00:38.476279+00:00
FROZEN_CONTINUATION_WAITING_FOR_VERIFIED_EVIDENCE_SAVE 2026-10-07T06:01:08.476630+00:00
FROZEN_CONTINUATION_WAITING_FOR_VERIFIED_EVIDENCE_SAVE 2026-10-07T06:01:38.477023+00:00
FROZEN_CONTINUATION_WAITING_FOR_VERIFIED_EVIDENCE_SAVE 2026-10-07T06:02:08.477383+00:00
FROZEN_CONTINUATION_WAITING_FOR_VERIFIED_EVIDENCE_SAVE 2026-10-07T06:02:38.477771+00:00
FROZEN_CONTINUATION_WAITING_FOR_VERIFIED_EVIDENCE_SAVE 2026-10-07T06:03:08.478174+00:00
FROZEN_CONTINUATION_WAITING_FOR_VERIFIED_EVIDENCE_SAVE 2026-10-07T06:03:38.478554+00:00
FROZEN_CONTINUATION_WAITING_FOR_VERIFIED_EVIDENCE_SAVE 2026-10-07T06:04:08.478984+00:00
FROZEN_CONTINUATION_WAITING_FOR_VERIFIED_EVIDENCE_SAVE 2026-10-07T06:04:38.479366+00:00
FROZEN_CONTINUATION_WAITING_FOR_VERIFIED_EVIDENCE_SAVE 2026-10-07T06:05:08.479670+00:00
FROZEN_CONTINUATION_WAITING_FOR_VERIFIED_EVIDENCE_SAVE 2026-10-07T06:05:38.480006+00:00
FROZEN_CONTINUATION_WAITING_FOR_VERIFIED_EVIDENCE_SAVE 2026-10-07T06:06:08.480354+00:00
FROZEN_CONTINUATION_WAITING_FOR_VERIFIED_EVIDENCE_SAVE 2026-10-07T06:06:38.480728+00:00
FROZEN_CONTINUATION_WAITING_FOR_VERIFIED_EVIDENCE_SAVE 2026-10-07T06:07:08.481093+00:00
FROZEN_CONTINUATION_WAITING_FOR_VERIFIED_EVIDENCE_SAVE 2026-10-07T06:07:38.481436+00:00
FROZEN_CONTINUATION_WAITING_FOR_VERIFIED_EVIDENCE_SAVE 2026-10-07T06:08:08.481807+00:00
FROZEN_CONTINUATION_WAITING_FOR_VERIFIED_EVIDENCE_SAVE 2026-10-07T06:08:38.482237+00:00
FROZEN_CONTINUATION_WAITING_FOR_VERIFIED_EVIDENCE_SAVE 2026-10-07T06:09:08.482642+00:00
FROZEN_CONTINUATION_WAITING_FOR_VERIFIED_EVIDENCE_SAVE 2026-10-07T06:09:38.483067+00:00
Traceback (most recent call last):
  File "<frozen runpy>", line 198, in _run_module_as_main
  File "<frozen runpy>", line 88, in _run_code
  File "/workspace/mitosis-interference/experiments/day20_complete_frozen_diagnostics.py", line 195, in <module>
    main()
  File "/workspace/mitosis-interference/experiments/day20_complete_frozen_diagnostics.py", line 85, in main
    raise RuntimeError('Follow-on launch wait expired; saved experiments remain untouched')
RuntimeError: Follow-on launch wait expired; saved experiments remain untouched
