RUN git config --local --replace-all credential.https://github.com.helper 
RUN git config --local --add credential.https://github.com.helper !gh auth git-credential
RUN git lfs fsck
Git LFS fsck OK
RUN git push --set-upstream origin day5-causal-audit
Everything up-to-date
branch 'day5-causal-audit' set up to track 'origin/day5-causal-audit'.
RUN git lfs push --all origin day5-causal-audit
Uploading LFS objects: 100% (580/580), 5.0 GB | 0 B/s, done.
RUN git -c lfs.storage=/workspace/mitosis-lfs-verify-20261007T064448Z lfs fetch --include=* --exclude= origin day5-causal-audit
fetch: Fetching reference refs/heads/day5-causal-audit
RUN git -c lfs.storage=/workspace/mitosis-lfs-verify-20261007T064448Z lfs fsck
Git LFS fsck OK
REMOTE_LFS_ROUNDTRIP_PASS 580 unique objects
RUN git add notes/github_save_verification.json notes/github_save_verification_history/fe11925d00a83fe7cddd504bd0e449b055135ad9.json
RUN git commit -m Record authenticated GitHub save and independently verified checkpoint downloads
[day5-causal-audit 64d136c] Record authenticated GitHub save and independently verified checkpoint downloads
 2 files changed, 56 insertions(+), 8 deletions(-)
 create mode 100644 notes/github_save_verification_history/fe11925d00a83fe7cddd504bd0e449b055135ad9.json
RUN git push origin day5-causal-audit
To https://github.com/anitusiruk/mitosis-interference.git
   ab15554..64d136c  day5-causal-audit -> day5-causal-audit
GITHUB_SAVE_VERIFIED 64d136c963fdb423a89eddda9e6bb5a9bd6ab7d3
SAVE_COMPLETE 64d136c963fdb423a89eddda9e6bb5a9bd6ab7d3 CHECKPOINTS 1566 REMOTE_LFS_VERIFIED True
